Archive member included to satisfy reference by file (symbol)

/opt/st/stm32cubeide_1.1.0/plugins/com.st.stm32cube.ide.mcu.externaltools.gnu-tools-for-stm32.7-2018-q2-update.linux64_1.0.0.201904181610/tools/bin/../lib/gcc/arm-none-eabi/7.3.1/../../../../arm-none-eabi/lib/thumb/v7-m/libc_nano.a(lib_a-errno.o)
                              Core/Src/syscalls.o (__errno)
/opt/st/stm32cubeide_1.1.0/plugins/com.st.stm32cube.ide.mcu.externaltools.gnu-tools-for-stm32.7-2018-q2-update.linux64_1.0.0.201904181610/tools/bin/../lib/gcc/arm-none-eabi/7.3.1/../../../../arm-none-eabi/lib/thumb/v7-m/libc_nano.a(lib_a-exit.o)
                              /opt/st/stm32cubeide_1.1.0/plugins/com.st.stm32cube.ide.mcu.externaltools.gnu-tools-for-stm32.7-2018-q2-update.linux64_1.0.0.201904181610/tools/bin/../lib/gcc/arm-none-eabi/7.3.1/../../../../arm-none-eabi/lib/thumb/v7-m/crt0.o (exit)
/opt/st/stm32cubeide_1.1.0/plugins/com.st.stm32cube.ide.mcu.externaltools.gnu-tools-for-stm32.7-2018-q2-update.linux64_1.0.0.201904181610/tools/bin/../lib/gcc/arm-none-eabi/7.3.1/../../../../arm-none-eabi/lib/thumb/v7-m/libc_nano.a(lib_a-impure.o)
                              /opt/st/stm32cubeide_1.1.0/plugins/com.st.stm32cube.ide.mcu.externaltools.gnu-tools-for-stm32.7-2018-q2-update.linux64_1.0.0.201904181610/tools/bin/../lib/gcc/arm-none-eabi/7.3.1/../../../../arm-none-eabi/lib/thumb/v7-m/libc_nano.a(lib_a-exit.o) (_global_impure_ptr)
/opt/st/stm32cubeide_1.1.0/plugins/com.st.stm32cube.ide.mcu.externaltools.gnu-tools-for-stm32.7-2018-q2-update.linux64_1.0.0.201904181610/tools/bin/../lib/gcc/arm-none-eabi/7.3.1/../../../../arm-none-eabi/lib/thumb/v7-m/libc_nano.a(lib_a-init.o)
                              /opt/st/stm32cubeide_1.1.0/plugins/com.st.stm32cube.ide.mcu.externaltools.gnu-tools-for-stm32.7-2018-q2-update.linux64_1.0.0.201904181610/tools/bin/../lib/gcc/arm-none-eabi/7.3.1/../../../../arm-none-eabi/lib/thumb/v7-m/crt0.o (__libc_init_array)
/opt/st/stm32cubeide_1.1.0/plugins/com.st.stm32cube.ide.mcu.externaltools.gnu-tools-for-stm32.7-2018-q2-update.linux64_1.0.0.201904181610/tools/bin/../lib/gcc/arm-none-eabi/7.3.1/../../../../arm-none-eabi/lib/thumb/v7-m/libc_nano.a(lib_a-memset.o)
                              /opt/st/stm32cubeide_1.1.0/plugins/com.st.stm32cube.ide.mcu.externaltools.gnu-tools-for-stm32.7-2018-q2-update.linux64_1.0.0.201904181610/tools/bin/../lib/gcc/arm-none-eabi/7.3.1/../../../../arm-none-eabi/lib/thumb/v7-m/crt0.o (memset)
/opt/st/stm32cubeide_1.1.0/plugins/com.st.stm32cube.ide.mcu.externaltools.gnu-tools-for-stm32.7-2018-q2-update.linux64_1.0.0.201904181610/tools/bin/../lib/gcc/arm-none-eabi/7.3.1/../../../../arm-none-eabi/lib/thumb/v7-m/libc_nano.a(lib_a-strncpy.o)
                              USB_DEVICE/App/usbd_cdc_if.o (strncpy)

Allocating common symbols
Common symbol       size              file

hUsbDeviceFS        0x2c4             USB_DEVICE/App/usb_device.o
kvhReceiveChar      0x1               Core/Src/main.o
uwTick              0x4               Drivers/STM32F1xx_HAL_Driver/Src/stm32f1xx_hal.o
pFlash              0x20              Drivers/STM32F1xx_HAL_Driver/Src/stm32f1xx_hal_flash.o
dataFromLidar       0x1fc             Core/Src/stm32f1xx_it.o
UserRxBufferFS      0x3e8             USB_DEVICE/App/usbd_cdc_if.o
usbData             0x6c              Core/Src/data.o
huart1              0x40              Core/Src/main.o
UserTxBufferFS      0x3e8             USB_DEVICE/App/usbd_cdc_if.o
hpcd_USB_FS         0x26c             USB_DEVICE/Target/usbd_conf.o
USBD_StrDesc        0x200             USB_DEVICE/App/usbd_desc.o

Discarded input sections

 .text          0x0000000000000000        0x0 /opt/st/stm32cubeide_1.1.0/plugins/com.st.stm32cube.ide.mcu.externaltools.gnu-tools-for-stm32.7-2018-q2-update.linux64_1.0.0.201904181610/tools/bin/../lib/gcc/arm-none-eabi/7.3.1/thumb/v7-m/crti.o
 .data          0x0000000000000000        0x0 /opt/st/stm32cubeide_1.1.0/plugins/com.st.stm32cube.ide.mcu.externaltools.gnu-tools-for-stm32.7-2018-q2-update.linux64_1.0.0.201904181610/tools/bin/../lib/gcc/arm-none-eabi/7.3.1/thumb/v7-m/crti.o
 .bss           0x0000000000000000        0x0 /opt/st/stm32cubeide_1.1.0/plugins/com.st.stm32cube.ide.mcu.externaltools.gnu-tools-for-stm32.7-2018-q2-update.linux64_1.0.0.201904181610/tools/bin/../lib/gcc/arm-none-eabi/7.3.1/thumb/v7-m/crti.o
 .data          0x0000000000000000        0x4 /opt/st/stm32cubeide_1.1.0/plugins/com.st.stm32cube.ide.mcu.externaltools.gnu-tools-for-stm32.7-2018-q2-update.linux64_1.0.0.201904181610/tools/bin/../lib/gcc/arm-none-eabi/7.3.1/thumb/v7-m/crtbegin.o
 .text          0x0000000000000000       0x74 /opt/st/stm32cubeide_1.1.0/plugins/com.st.stm32cube.ide.mcu.externaltools.gnu-tools-for-stm32.7-2018-q2-update.linux64_1.0.0.201904181610/tools/bin/../lib/gcc/arm-none-eabi/7.3.1/../../../../arm-none-eabi/lib/thumb/v7-m/crt0.o
[...]
Memory Configuration

Name             Origin             Length             Attributes
RAM              0x0000000020000000 0x0000000000005000 xrw
FLASH            0x0000000008000000 0x0000000000010000 xr
*default*        0x0000000000000000 0xffffffffffffffff

Linker script and memory map

LOAD /opt/st/stm32cubeide_1.1.0/plugins/com.st.stm32cube.ide.mcu.externaltools.gnu-tools-for-stm32.7-2018-q2-update.linux64_1.0.0.201904181610/tools/bin/../lib/gcc/arm-none-eabi/7.3.1/thumb/v7-m/crti.o
LOAD /opt/st/stm32cubeide_1.1.0/plugins/com.st.stm32cube.ide.mcu.externaltools.gnu-tools-for-stm32.7-2018-q2-update.linux64_1.0.0.201904181610/tools/bin/../lib/gcc/arm-none-eabi/7.3.1/thumb/v7-m/crtbegin.o
LOAD /opt/st/stm32cubeide_1.1.0/plugins/com.st.stm32cube.ide.mcu.externaltools.gnu-tools-for-stm32.7-2018-q2-update.linux64_1.0.0.201904181610/tools/bin/../lib/gcc/arm-none-eabi/7.3.1/../../../../arm-none-eabi/lib/thumb/v7-m/crt0.o
LOAD Core/Src/data.o
LOAD Core/Src/main.o
LOAD Core/Src/stm32f1xx_hal_msp.o
LOAD Core/Src/stm32f1xx_it.o
LOAD Core/Src/syscalls.o
LOAD Core/Src/sysmem.o
LOAD Core/Src/system_stm32f1xx.o
LOAD Core/Startup/startup_stm32f103c8tx.o
LOAD Drivers/STM32F1xx_HAL_Driver/Src/stm32f1xx_hal.o
LOAD Drivers/STM32F1xx_HAL_Driver/Src/stm32f1xx_hal_cortex.o
LOAD Drivers/STM32F1xx_HAL_Driver/Src/stm32f1xx_hal_dma.o
LOAD Drivers/STM32F1xx_HAL_Driver/Src/stm32f1xx_hal_exti.o
LOAD Drivers/STM32F1xx_HAL_Driver/Src/stm32f1xx_hal_flash.o
LOAD Drivers/STM32F1xx_HAL_Driver/Src/stm32f1xx_hal_flash_ex.o
LOAD Drivers/STM32F1xx_HAL_Driver/Src/stm32f1xx_hal_gpio.o
LOAD Drivers/STM32F1xx_HAL_Driver/Src/stm32f1xx_hal_gpio_ex.o
LOAD Drivers/STM32F1xx_HAL_Driver/Src/stm32f1xx_hal_pcd.o
LOAD Drivers/STM32F1xx_HAL_Driver/Src/stm32f1xx_hal_pcd_ex.o
LOAD Drivers/STM32F1xx_HAL_Driver/Src/stm32f1xx_hal_pwr.o
LOAD Drivers/STM32F1xx_HAL_Driver/Src/stm32f1xx_hal_rcc.o
LOAD Drivers/STM32F1xx_HAL_Driver/Src/stm32f1xx_hal_rcc_ex.o
LOAD Drivers/STM32F1xx_HAL_Driver/Src/stm32f1xx_hal_tim.o
LOAD Drivers/STM32F1xx_HAL_Driver/Src/stm32f1xx_hal_tim_ex.o
LOAD Drivers/STM32F1xx_HAL_Driver/Src/stm32f1xx_hal_uart.o
LOAD Drivers/STM32F1xx_HAL_Driver/Src/stm32f1xx_ll_usb.o
LOAD Middlewares/ST/STM32_USB_Device_Library/Class/CDC/Src/usbd_cdc.o
LOAD Middlewares/ST/STM32_USB_Device_Library/Core/Src/usbd_core.o
LOAD Middlewares/ST/STM32_USB_Device_Library/Core/Src/usbd_ctlreq.o
LOAD Middlewares/ST/STM32_USB_Device_Library/Core/Src/usbd_ioreq.o
LOAD USB_DEVICE/App/usb_device.o
LOAD USB_DEVICE/App/usbd_cdc_if.o
LOAD USB_DEVICE/App/usbd_desc.o
LOAD USB_DEVICE/Target/usbd_conf.o
START GROUP
LOAD /opt/st/stm32cubeide_1.1.0/plugins/com.st.stm32cube.ide.mcu.externaltools.gnu-tools-for-stm32.7-2018-q2-update.linux64_1.0.0.201904181610/tools/bin/../lib/gcc/arm-none-eabi/7.3.1/../../../../arm-none-eabi/lib/thumb/v7-m/libc_nano.a
LOAD /opt/st/stm32cubeide_1.1.0/plugins/com.st.stm32cube.ide.mcu.externaltools.gnu-tools-for-stm32.7-2018-q2-update.linux64_1.0.0.201904181610/tools/bin/../lib/gcc/arm-none-eabi/7.3.1/../../../../arm-none-eabi/lib/thumb/v7-m/libm.a
END GROUP
START GROUP
LOAD /opt/st/stm32cubeide_1.1.0/plugins/com.st.stm32cube.ide.mcu.externaltools.gnu-tools-for-stm32.7-2018-q2-update.linux64_1.0.0.201904181610/tools/bin/../lib/gcc/arm-none-eabi/7.3.1/thumb/v7-m/libgcc.a
LOAD /opt/st/stm32cubeide_1.1.0/plugins/com.st.stm32cube.ide.mcu.externaltools.gnu-tools-for-stm32.7-2018-q2-update.linux64_1.0.0.201904181610/tools/bin/../lib/gcc/arm-none-eabi/7.3.1/../../../../arm-none-eabi/lib/thumb/v7-m/libc_nano.a
END GROUP
START GROUP
LOAD /opt/st/stm32cubeide_1.1.0/plugins/com.st.stm32cube.ide.mcu.externaltools.gnu-tools-for-stm32.7-2018-q2-update.linux64_1.0.0.201904181610/tools/bin/../lib/gcc/arm-none-eabi/7.3.1/thumb/v7-m/libgcc.a
LOAD /opt/st/stm32cubeide_1.1.0/plugins/com.st.stm32cube.ide.mcu.externaltools.gnu-tools-for-stm32.7-2018-q2-update.linux64_1.0.0.201904181610/tools/bin/../lib/gcc/arm-none-eabi/7.3.1/../../../../arm-none-eabi/lib/thumb/v7-m/libc_nano.a
LOAD /opt/st/stm32cubeide_1.1.0/plugins/com.st.stm32cube.ide.mcu.externaltools.gnu-tools-for-stm32.7-2018-q2-update.linux64_1.0.0.201904181610/tools/bin/../lib/gcc/arm-none-eabi/7.3.1/../../../../arm-none-eabi/lib/thumb/v7-m/libnosys.a
END GROUP
START GROUP
LOAD /opt/st/stm32cubeide_1.1.0/plugins/com.st.stm32cube.ide.mcu.externaltools.gnu-tools-for-stm32.7-2018-q2-update.linux64_1.0.0.201904181610/tools/bin/../lib/gcc/arm-none-eabi/7.3.1/thumb/v7-m/libgcc.a
LOAD /opt/st/stm32cubeide_1.1.0/plugins/com.st.stm32cube.ide.mcu.externaltools.gnu-tools-for-stm32.7-2018-q2-update.linux64_1.0.0.201904181610/tools/bin/../lib/gcc/arm-none-eabi/7.3.1/../../../../arm-none-eabi/lib/thumb/v7-m/libc_nano.a
LOAD /opt/st/stm32cubeide_1.1.0/plugins/com.st.stm32cube.ide.mcu.externaltools.gnu-tools-for-stm32.7-2018-q2-update.linux64_1.0.0.201904181610/tools/bin/../lib/gcc/arm-none-eabi/7.3.1/../../../../arm-none-eabi/lib/thumb/v7-m/libnosys.a
END GROUP
LOAD /opt/st/stm32cubeide_1.1.0/plugins/com.st.stm32cube.ide.mcu.externaltools.gnu-tools-for-stm32.7-2018-q2-update.linux64_1.0.0.201904181610/tools/bin/../lib/gcc/arm-none-eabi/7.3.1/thumb/v7-m/crtend.o
LOAD /opt/st/stm32cubeide_1.1.0/plugins/com.st.stm32cube.ide.mcu.externaltools.gnu-tools-for-stm32.7-2018-q2-update.linux64_1.0.0.201904181610/tools/bin/../lib/gcc/arm-none-eabi/7.3.1/thumb/v7-m/crtn.o
                0x0000000020005000                _estack = (ORIGIN (RAM) + LENGTH (RAM))
                0x0000000000000600                _Min_Heap_Size = 0x600
                0x0000000000000400                _Min_Stack_Size = 0x400

.isr_vector     0x0000000008000000      0x10c
                0x0000000008000000                . = ALIGN (0x4)
 *(.isr_vector)
 .isr_vector    0x0000000008000000      0x10c Core/Startup/startup_stm32f103c8tx.o
                0x0000000008000000                g_pfnVectors
                0x000000000800010c                . = ALIGN (0x4)

.text           0x000000000800010c     0x5eec
                0x000000000800010c                . = ALIGN (0x4)
 *(.text)
 .text          0x000000000800010c       0x40 /opt/st/stm32cubeide_1.1.0/plugins/com.st.stm32cube.ide.mcu.externaltools.gnu-tools-for-stm32.7-2018-q2-update.linux64_1.0.0.201904181610/tools/bin/../lib/gcc/arm-none-eabi/7.3.1/thumb/v7-m/crtbegin.o
 *(.text*)
 .text.HAL_UART_RxCpltCallback
                0x000000000800014c       0x2c Core/Src/main.o
                0x000000000800014c                HAL_UART_RxCpltCallback
 .text.main     0x0000000008000178       0x60 Core/Src/main.o
                0x0000000008000178                main
 .text.SystemClock_Config
                0x00000000080001d8       0xb4 Core/Src/main.o
                0x00000000080001d8                SystemClock_Config
 .text.MX_USART1_UART_Init
                0x000000000800028c       0x54 Core/Src/main.o
 .text.MX_GPIO_Init
                0x00000000080002e0       0x84 Core/Src/main.o
 .text.Error_Handler
                0x0000000008000364        0xc Core/Src/main.o
                0x0000000008000364                Error_Handler
 .text.HAL_MspInit
                0x0000000008000370       0x64 Core/Src/stm32f1xx_hal_msp.o
                0x0000000008000370                HAL_MspInit
 .text.HAL_UART_MspInit
                0x00000000080003d4       0xa8 Core/Src/stm32f1xx_hal_msp.o
                0x00000000080003d4                HAL_UART_MspInit
 .text.NMI_Handler
                0x000000000800047c        0xc Core/Src/stm32f1xx_it.o
                0x000000000800047c                NMI_Handler
 .text.HardFault_Handler
                0x0000000008000488        0x6 Core/Src/stm32f1xx_it.o
                0x0000000008000488                HardFault_Handler
 .text.MemManage_Handler
                0x000000000800048e        0x6 Core/Src/stm32f1xx_it.o
                0x000000000800048e                MemManage_Handler
 .text.BusFault_Handler
                0x0000000008000494        0x6 Core/Src/stm32f1xx_it.o
                0x0000000008000494                BusFault_Handler
 .text.UsageFault_Handler
                0x000000000800049a        0x6 Core/Src/stm32f1xx_it.o
                0x000000000800049a                UsageFault_Handler
 .text.SVC_Handler
                0x00000000080004a0        0xc Core/Src/stm32f1xx_it.o
                0x00000000080004a0                SVC_Handler
 .text.DebugMon_Handler
                0x00000000080004ac        0xc Core/Src/stm32f1xx_it.o
                0x00000000080004ac                DebugMon_Handler
 .text.PendSV_Handler
                0x00000000080004b8        0xc Core/Src/stm32f1xx_it.o
                0x00000000080004b8                PendSV_Handler
 .text.SysTick_Handler
                0x00000000080004c4        0xc Core/Src/stm32f1xx_it.o
                0x00000000080004c4                SysTick_Handler
 .text.USB_LP_CAN1_RX0_IRQHandler
                0x00000000080004d0       0x14 Core/Src/stm32f1xx_it.o
                0x00000000080004d0                USB_LP_CAN1_RX0_IRQHandler
 .text.USART1_IRQHandler
                0x00000000080004e4       0x14 Core/Src/stm32f1xx_it.o
                0x00000000080004e4                USART1_IRQHandler
 .text.SystemInit
                0x00000000080004f8       0x68 Core/Src/system_stm32f1xx.o
                0x00000000080004f8                SystemInit
 .text.Reset_Handler
                0x0000000008000560       0x48 Core/Startup/startup_stm32f103c8tx.o
                0x0000000008000560                Reset_Handler
 .text.Default_Handler
                0x00000000080005a8        0x2 Core/Startup/startup_stm32f103c8tx.o
                0x00000000080005a8                RTC_Alarm_IRQHandler
                0x00000000080005a8                EXTI2_IRQHandler
                0x00000000080005a8                TIM1_CC_IRQHandler
                0x00000000080005a8                PVD_IRQHandler
                0x00000000080005a8                EXTI3_IRQHandler
                0x00000000080005a8                EXTI0_IRQHandler
                0x00000000080005a8                I2C2_EV_IRQHandler
                0x00000000080005a8                ADC1_2_IRQHandler
                0x00000000080005a8                SPI1_IRQHandler
                0x00000000080005a8                TAMPER_IRQHandler
                0x00000000080005a8                DMA1_Channel4_IRQHandler
                0x00000000080005a8                USART3_IRQHandler
                0x00000000080005a8                RTC_IRQHandler
                0x00000000080005a8                DMA1_Channel7_IRQHandler
                0x00000000080005a8                CAN1_RX1_IRQHandler
                0x00000000080005a8                TIM4_IRQHandler
                0x00000000080005a8                I2C1_EV_IRQHandler
                0x00000000080005a8                DMA1_Channel6_IRQHandler
                0x00000000080005a8                TIM3_IRQHandler
                0x00000000080005a8                RCC_IRQHandler
                0x00000000080005a8                TIM1_TRG_COM_IRQHandler
                0x00000000080005a8                DMA1_Channel1_IRQHandler
                0x00000000080005a8                Default_Handler
                0x00000000080005a8                EXTI15_10_IRQHandler
                0x00000000080005a8                EXTI9_5_IRQHandler
                0x00000000080005a8                SPI2_IRQHandler
                0x00000000080005a8                DMA1_Channel5_IRQHandler
                0x00000000080005a8                EXTI4_IRQHandler
                0x00000000080005a8                USB_HP_CAN1_TX_IRQHandler
                0x00000000080005a8                DMA1_Channel3_IRQHandler
                0x00000000080005a8                TIM1_UP_IRQHandler
                0x00000000080005a8                WWDG_IRQHandler
                0x00000000080005a8                TIM2_IRQHandler
                0x00000000080005a8                TIM1_BRK_IRQHandler
                0x00000000080005a8                EXTI1_IRQHandler
                0x00000000080005a8                USART2_IRQHandler
                0x00000000080005a8                I2C2_ER_IRQHandler
                0x00000000080005a8                DMA1_Channel2_IRQHandler
                0x00000000080005a8                CAN1_SCE_IRQHandler
                0x00000000080005a8                FLASH_IRQHandler
                0x00000000080005a8                I2C1_ER_IRQHandler
                0x00000000080005a8                USBWakeUp_IRQHandler
 *fill*         0x00000000080005aa        0x2 
 .text.HAL_Init
                0x00000000080005ac       0x2c Drivers/STM32F1xx_HAL_Driver/Src/stm32f1xx_hal.o
                0x00000000080005ac                HAL_Init
 .text.HAL_InitTick
                0x00000000080005d8       0x60 Drivers/STM32F1xx_HAL_Driver/Src/stm32f1xx_hal.o
                0x00000000080005d8                HAL_InitTick
 .text.HAL_IncTick
                0x0000000008000638       0x24 Drivers/STM32F1xx_HAL_Driver/Src/stm32f1xx_hal.o
                0x0000000008000638                HAL_IncTick
 .text.HAL_GetTick
                0x000000000800065c       0x14 Drivers/STM32F1xx_HAL_Driver/Src/stm32f1xx_hal.o
                0x000000000800065c                HAL_GetTick
 .text.__NVIC_SetPriorityGrouping
                0x0000000008000670       0x48 Drivers/STM32F1xx_HAL_Driver/Src/stm32f1xx_hal_cortex.o
 .text.__NVIC_GetPriorityGrouping
                0x00000000080006b8       0x1c Drivers/STM32F1xx_HAL_Driver/Src/stm32f1xx_hal_cortex.o
 .text.__NVIC_EnableIRQ
                0x00000000080006d4       0x38 Drivers/STM32F1xx_HAL_Driver/Src/stm32f1xx_hal_cortex.o
 .text.__NVIC_SetPriority
                0x000000000800070c       0x54 Drivers/STM32F1xx_HAL_Driver/Src/stm32f1xx_hal_cortex.o
 .text.NVIC_EncodePriority
                0x0000000008000760       0x64 Drivers/STM32F1xx_HAL_Driver/Src/stm32f1xx_hal_cortex.o
 .text.SysTick_Config
                0x00000000080007c4       0x44 Drivers/STM32F1xx_HAL_Driver/Src/stm32f1xx_hal_cortex.o
 .text.HAL_NVIC_SetPriorityGrouping
                0x0000000008000808       0x16 Drivers/STM32F1xx_HAL_Driver/Src/stm32f1xx_hal_cortex.o
                0x0000000008000808                HAL_NVIC_SetPriorityGrouping
 .text.HAL_NVIC_SetPriority
                0x000000000800081e       0x38 Drivers/STM32F1xx_HAL_Driver/Src/stm32f1xx_hal_cortex.o
                0x000000000800081e                HAL_NVIC_SetPriority
 .text.HAL_NVIC_EnableIRQ
                0x0000000008000856       0x1c Drivers/STM32F1xx_HAL_Driver/Src/stm32f1xx_hal_cortex.o
                0x0000000008000856                HAL_NVIC_EnableIRQ
 .text.HAL_SYSTICK_Config
                0x0000000008000872       0x18 Drivers/STM32F1xx_HAL_Driver/Src/stm32f1xx_hal_cortex.o
                0x0000000008000872                HAL_SYSTICK_Config
 *fill*         0x000000000800088a        0x2 
 .text.HAL_DMA_Abort_IT
                0x000000000800088c       0xec Drivers/STM32F1xx_HAL_Driver/Src/stm32f1xx_hal_dma.o
                0x000000000800088c                HAL_DMA_Abort_IT
 .text.HAL_GPIO_Init
                0x0000000008000978      0x2b4 Drivers/STM32F1xx_HAL_Driver/Src/stm32f1xx_hal_gpio.o
                0x0000000008000978                HAL_GPIO_Init
 .text.HAL_PCD_Init
                0x0000000008000c2c      0x1c2 Drivers/STM32F1xx_HAL_Driver/Src/stm32f1xx_hal_pcd.o
                0x0000000008000c2c                HAL_PCD_Init
 .text.HAL_PCD_Start
                0x0000000008000dee       0x4c Drivers/STM32F1xx_HAL_Driver/Src/stm32f1xx_hal_pcd.o
                0x0000000008000dee                HAL_PCD_Start
 .text.HAL_PCD_IRQHandler
                0x0000000008000e3a      0x21c Drivers/STM32F1xx_HAL_Driver/Src/stm32f1xx_hal_pcd.o
                0x0000000008000e3a                HAL_PCD_IRQHandler
 .text.HAL_PCD_SetAddress
                0x0000000008001056       0x4a Drivers/STM32F1xx_HAL_Driver/Src/stm32f1xx_hal_pcd.o
                0x0000000008001056                HAL_PCD_SetAddress
 .text.HAL_PCD_EP_Open
                0x00000000080010a0       0xc0 Drivers/STM32F1xx_HAL_Driver/Src/stm32f1xx_hal_pcd.o
                0x00000000080010a0                HAL_PCD_EP_Open
 .text.HAL_PCD_EP_Close
                0x0000000008001160       0x84 Drivers/STM32F1xx_HAL_Driver/Src/stm32f1xx_hal_pcd.o
                0x0000000008001160                HAL_PCD_EP_Close
 .text.HAL_PCD_EP_Receive
                0x00000000080011e4       0x74 Drivers/STM32F1xx_HAL_Driver/Src/stm32f1xx_hal_pcd.o
                0x00000000080011e4                HAL_PCD_EP_Receive
 .text.HAL_PCD_EP_GetRxCount
                0x0000000008001258       0x28 Drivers/STM32F1xx_HAL_Driver/Src/stm32f1xx_hal_pcd.o
                0x0000000008001258                HAL_PCD_EP_GetRxCount
 .text.HAL_PCD_EP_Transmit
                0x0000000008001280       0x72 Drivers/STM32F1xx_HAL_Driver/Src/stm32f1xx_hal_pcd.o
                0x0000000008001280                HAL_PCD_EP_Transmit
 .text.HAL_PCD_EP_SetStall
                0x00000000080012f2       0xb4 Drivers/STM32F1xx_HAL_Driver/Src/stm32f1xx_hal_pcd.o
                0x00000000080012f2                HAL_PCD_EP_SetStall
 .text.HAL_PCD_EP_ClrStall
                0x00000000080013a6       0x9c Drivers/STM32F1xx_HAL_Driver/Src/stm32f1xx_hal_pcd.o
                0x00000000080013a6                HAL_PCD_EP_ClrStall
 *fill*         0x0000000008001442        0x2 
 .text.PCD_EP_ISR_Handler
                0x0000000008001444      0x534 Drivers/STM32F1xx_HAL_Driver/Src/stm32f1xx_hal_pcd.o
 .text.HAL_PCDEx_PMAConfig
                0x0000000008001978       0x78 Drivers/STM32F1xx_HAL_Driver/Src/stm32f1xx_hal_pcd_ex.o
                0x0000000008001978                HAL_PCDEx_PMAConfig
 .text.HAL_RCC_OscConfig
                0x00000000080019f0      0x500 Drivers/STM32F1xx_HAL_Driver/Src/stm32f1xx_hal_rcc.o
                0x00000000080019f0                HAL_RCC_OscConfig
 .text.HAL_RCC_ClockConfig
                0x0000000008001ef0      0x1d4 Drivers/STM32F1xx_HAL_Driver/Src/stm32f1xx_hal_rcc.o
                0x0000000008001ef0                HAL_RCC_ClockConfig
 .text.HAL_RCC_GetSysClockFreq
                0x00000000080020c4       0xc4 Drivers/STM32F1xx_HAL_Driver/Src/stm32f1xx_hal_rcc.o
                0x00000000080020c4                HAL_RCC_GetSysClockFreq
 .text.HAL_RCC_GetHCLKFreq
                0x0000000008002188       0x14 Drivers/STM32F1xx_HAL_Driver/Src/stm32f1xx_hal_rcc.o
                0x0000000008002188                HAL_RCC_GetHCLKFreq
 .text.HAL_RCC_GetPCLK1Freq
                0x000000000800219c       0x28 Drivers/STM32F1xx_HAL_Driver/Src/stm32f1xx_hal_rcc.o
                0x000000000800219c                HAL_RCC_GetPCLK1Freq
 .text.HAL_RCC_GetPCLK2Freq
                0x00000000080021c4       0x28 Drivers/STM32F1xx_HAL_Driver/Src/stm32f1xx_hal_rcc.o
                0x00000000080021c4                HAL_RCC_GetPCLK2Freq
 .text.RCC_Delay
                0x00000000080021ec       0x3c Drivers/STM32F1xx_HAL_Driver/Src/stm32f1xx_hal_rcc.o
 .text.HAL_RCCEx_PeriphCLKConfig
                0x0000000008002228      0x16c Drivers/STM32F1xx_HAL_Driver/Src/stm32f1xx_hal_rcc_ex.o
                0x0000000008002228                HAL_RCCEx_PeriphCLKConfig
 .text.HAL_UART_Init
                0x0000000008002394       0x9a Drivers/STM32F1xx_HAL_Driver/Src/stm32f1xx_hal_uart.o
                0x0000000008002394                HAL_UART_Init
 .text.HAL_UART_Transmit
                0x000000000800242e      0x132 Drivers/STM32F1xx_HAL_Driver/Src/stm32f1xx_hal_uart.o
                0x000000000800242e                HAL_UART_Transmit
 .text.HAL_UART_Receive_IT
                0x0000000008002560       0xa8 Drivers/STM32F1xx_HAL_Driver/Src/stm32f1xx_hal_uart.o
                0x0000000008002560                HAL_UART_Receive_IT
 .text.HAL_UART_IRQHandler
                0x0000000008002608      0x1f8 Drivers/STM32F1xx_HAL_Driver/Src/stm32f1xx_hal_uart.o
                0x0000000008002608                HAL_UART_IRQHandler
 .text.HAL_UART_TxCpltCallback
                0x0000000008002800       0x12 Drivers/STM32F1xx_HAL_Driver/Src/stm32f1xx_hal_uart.o
                0x0000000008002800                HAL_UART_TxCpltCallback
 .text.HAL_UART_ErrorCallback
                0x0000000008002812       0x12 Drivers/STM32F1xx_HAL_Driver/Src/stm32f1xx_hal_uart.o
                0x0000000008002812                HAL_UART_ErrorCallback
 .text.UART_WaitOnFlagUntilTimeout
                0x0000000008002824       0x94 Drivers/STM32F1xx_HAL_Driver/Src/stm32f1xx_hal_uart.o
 .text.UART_EndRxTransfer
                0x00000000080028b8       0x3a Drivers/STM32F1xx_HAL_Driver/Src/stm32f1xx_hal_uart.o
 .text.UART_DMAAbortOnError
                0x00000000080028f2       0x28 Drivers/STM32F1xx_HAL_Driver/Src/stm32f1xx_hal_uart.o
 .text.UART_Transmit_IT
                0x000000000800291a       0xaa Drivers/STM32F1xx_HAL_Driver/Src/stm32f1xx_hal_uart.o
 .text.UART_EndTransmit_IT
                0x00000000080029c4       0x30 Drivers/STM32F1xx_HAL_Driver/Src/stm32f1xx_hal_uart.o
 .text.UART_Receive_IT
                0x00000000080029f4      0x102 Drivers/STM32F1xx_HAL_Driver/Src/stm32f1xx_hal_uart.o
 *fill*         0x0000000008002af6        0x2 
 .text.UART_SetConfig
                0x0000000008002af8      0x1b4 Drivers/STM32F1xx_HAL_Driver/Src/stm32f1xx_hal_uart.o
 .text.USB_CoreInit
                0x0000000008002cac       0x20 Drivers/STM32F1xx_HAL_Driver/Src/stm32f1xx_ll_usb.o
                0x0000000008002cac                USB_CoreInit
 .text.USB_EnableGlobalInt
                0x0000000008002ccc       0x2e Drivers/STM32F1xx_HAL_Driver/Src/stm32f1xx_ll_usb.o
                0x0000000008002ccc                USB_EnableGlobalInt
 .text.USB_DisableGlobalInt
                0x0000000008002cfa       0x38 Drivers/STM32F1xx_HAL_Driver/Src/stm32f1xx_ll_usb.o
                0x0000000008002cfa                USB_DisableGlobalInt
 .text.USB_SetCurrentMode
                0x0000000008002d32       0x18 Drivers/STM32F1xx_HAL_Driver/Src/stm32f1xx_ll_usb.o
                0x0000000008002d32                USB_SetCurrentMode
 .text.USB_DevInit
                0x0000000008002d4a       0x48 Drivers/STM32F1xx_HAL_Driver/Src/stm32f1xx_ll_usb.o
                0x0000000008002d4a                USB_DevInit
 *fill*         0x0000000008002d92        0x2 
 .text.USB_ActivateEndpoint
                0x0000000008002d94      0x5dc Drivers/STM32F1xx_HAL_Driver/Src/stm32f1xx_ll_usb.o
                0x0000000008002d94                USB_ActivateEndpoint
 .text.USB_DeactivateEndpoint
                0x0000000008003370      0x32c Drivers/STM32F1xx_HAL_Driver/Src/stm32f1xx_ll_usb.o
                0x0000000008003370                USB_DeactivateEndpoint
 .text.USB_EPStartXfer
                0x000000000800369c      0x570 Drivers/STM32F1xx_HAL_Driver/Src/stm32f1xx_ll_usb.o
                0x000000000800369c                USB_EPStartXfer
 .text.USB_EPSetStall
                0x0000000008003c0c       0x84 Drivers/STM32F1xx_HAL_Driver/Src/stm32f1xx_ll_usb.o
                0x0000000008003c0c                USB_EPSetStall
 .text.USB_EPClearStall
                0x0000000008003c90      0x128 Drivers/STM32F1xx_HAL_Driver/Src/stm32f1xx_ll_usb.o
                0x0000000008003c90                USB_EPClearStall
 .text.USB_SetDevAddress
                0x0000000008003db8       0x26 Drivers/STM32F1xx_HAL_Driver/Src/stm32f1xx_ll_usb.o
                0x0000000008003db8                USB_SetDevAddress
 .text.USB_DevConnect
                0x0000000008003dde       0x14 Drivers/STM32F1xx_HAL_Driver/Src/stm32f1xx_ll_usb.o
                0x0000000008003dde                USB_DevConnect
 .text.USB_DevDisconnect
                0x0000000008003df2       0x14 Drivers/STM32F1xx_HAL_Driver/Src/stm32f1xx_ll_usb.o
                0x0000000008003df2                USB_DevDisconnect
 .text.USB_ReadInterrupts
                0x0000000008003e06       0x1e Drivers/STM32F1xx_HAL_Driver/Src/stm32f1xx_ll_usb.o
                0x0000000008003e06                USB_ReadInterrupts
 .text.USB_EP0_OutStart
                0x0000000008003e24       0x16 Drivers/STM32F1xx_HAL_Driver/Src/stm32f1xx_ll_usb.o
                0x0000000008003e24                USB_EP0_OutStart
 .text.USB_WritePMA
                0x0000000008003e3a       0x88 Drivers/STM32F1xx_HAL_Driver/Src/stm32f1xx_ll_usb.o
                0x0000000008003e3a                USB_WritePMA
 .text.USB_ReadPMA
                0x0000000008003ec2       0x9e Drivers/STM32F1xx_HAL_Driver/Src/stm32f1xx_ll_usb.o
                0x0000000008003ec2                USB_ReadPMA
 .text.USBD_CDC_Init
                0x0000000008003f60       0xf4 Middlewares/ST/STM32_USB_Device_Library/Class/CDC/Src/usbd_cdc.o
 .text.USBD_CDC_DeInit
                0x0000000008004054       0x6e Middlewares/ST/STM32_USB_Device_Library/Class/CDC/Src/usbd_cdc.o
 .text.USBD_CDC_Setup
                0x00000000080040c2      0x140 Middlewares/ST/STM32_USB_Device_Library/Class/CDC/Src/usbd_cdc.o
 .text.USBD_CDC_DataIn
                0x0000000008004202       0xa0 Middlewares/ST/STM32_USB_Device_Library/Class/CDC/Src/usbd_cdc.o
 .text.USBD_CDC_DataOut
                0x00000000080042a2       0x56 Middlewares/ST/STM32_USB_Device_Library/Class/CDC/Src/usbd_cdc.o
 .text.USBD_CDC_EP0_RxReady
                0x00000000080042f8       0x50 Middlewares/ST/STM32_USB_Device_Library/Class/CDC/Src/usbd_cdc.o
 .text.USBD_CDC_GetFSCfgDesc
                0x0000000008004348       0x20 Middlewares/ST/STM32_USB_Device_Library/Class/CDC/Src/usbd_cdc.o
 .text.USBD_CDC_GetHSCfgDesc
                0x0000000008004368       0x20 Middlewares/ST/STM32_USB_Device_Library/Class/CDC/Src/usbd_cdc.o
 .text.USBD_CDC_GetOtherSpeedCfgDesc
                0x0000000008004388       0x20 Middlewares/ST/STM32_USB_Device_Library/Class/CDC/Src/usbd_cdc.o
 .text.USBD_CDC_GetDeviceQualifierDescriptor
                0x00000000080043a8       0x20 Middlewares/ST/STM32_USB_Device_Library/Class/CDC/Src/usbd_cdc.o
                0x00000000080043a8                USBD_CDC_GetDeviceQualifierDescriptor
 .text.USBD_CDC_RegisterInterface
                0x00000000080043c8       0x2c Middlewares/ST/STM32_USB_Device_Library/Class/CDC/Src/usbd_cdc.o
                0x00000000080043c8                USBD_CDC_RegisterInterface
 .text.USBD_CDC_SetTxBuffer
                0x00000000080043f4       0x32 Middlewares/ST/STM32_USB_Device_Library/Class/CDC/Src/usbd_cdc.o
                0x00000000080043f4                USBD_CDC_SetTxBuffer
 .text.USBD_CDC_SetRxBuffer
                0x0000000008004426       0x26 Middlewares/ST/STM32_USB_Device_Library/Class/CDC/Src/usbd_cdc.o
                0x0000000008004426                USBD_CDC_SetRxBuffer
 .text.USBD_CDC_TransmitPacket
                0x000000000800444c       0x5e Middlewares/ST/STM32_USB_Device_Library/Class/CDC/Src/usbd_cdc.o
                0x000000000800444c                USBD_CDC_TransmitPacket
 .text.USBD_CDC_ReceivePacket
                0x00000000080044aa       0x54 Middlewares/ST/STM32_USB_Device_Library/Class/CDC/Src/usbd_cdc.o
                0x00000000080044aa                USBD_CDC_ReceivePacket
 .text.USBD_Init
                0x00000000080044fe       0x56 Middlewares/ST/STM32_USB_Device_Library/Core/Src/usbd_core.o
                0x00000000080044fe                USBD_Init
 .text.USBD_RegisterClass
                0x0000000008004554       0x32 Middlewares/ST/STM32_USB_Device_Library/Core/Src/usbd_core.o
                0x0000000008004554                USBD_RegisterClass
 .text.USBD_Start
                0x0000000008004586       0x18 Middlewares/ST/STM32_USB_Device_Library/Core/Src/usbd_core.o
                0x0000000008004586                USBD_Start
 .text.USBD_RunTestMode
                0x000000000800459e       0x14 Middlewares/ST/STM32_USB_Device_Library/Core/Src/usbd_core.o
                0x000000000800459e                USBD_RunTestMode
 .text.USBD_SetClassConfig
                0x00000000080045b2       0x3e Middlewares/ST/STM32_USB_Device_Library/Core/Src/usbd_core.o
                0x00000000080045b2                USBD_SetClassConfig
 .text.USBD_ClrClassConfig
                0x00000000080045f0       0x26 Middlewares/ST/STM32_USB_Device_Library/Core/Src/usbd_core.o
                0x00000000080045f0                USBD_ClrClassConfig
 .text.USBD_LL_SetupStage
                0x0000000008004616       0x96 Middlewares/ST/STM32_USB_Device_Library/Core/Src/usbd_core.o
                0x0000000008004616                USBD_LL_SetupStage
 .text.USBD_LL_DataOutStage
                0x00000000080046ac       0xe2 Middlewares/ST/STM32_USB_Device_Library/Core/Src/usbd_core.o
                0x00000000080046ac                USBD_LL_DataOutStage
 .text.USBD_LL_DataInStage
                0x000000000800478e      0x14a Middlewares/ST/STM32_USB_Device_Library/Core/Src/usbd_core.o
                0x000000000800478e                USBD_LL_DataInStage
 .text.USBD_LL_Reset
                0x00000000080048d8       0x82 Middlewares/ST/STM32_USB_Device_Library/Core/Src/usbd_core.o
                0x00000000080048d8                USBD_LL_Reset
 .text.USBD_LL_SetSpeed
                0x000000000800495a       0x1e Middlewares/ST/STM32_USB_Device_Library/Core/Src/usbd_core.o
                0x000000000800495a                USBD_LL_SetSpeed
 .text.USBD_LL_Suspend
                0x0000000008004978       0x28 Middlewares/ST/STM32_USB_Device_Library/Core/Src/usbd_core.o
                0x0000000008004978                USBD_LL_Suspend
 .text.USBD_LL_Resume
                0x00000000080049a0       0x2a Middlewares/ST/STM32_USB_Device_Library/Core/Src/usbd_core.o
                0x00000000080049a0                USBD_LL_Resume
 .text.USBD_LL_SOF
                0x00000000080049ca       0x34 Middlewares/ST/STM32_USB_Device_Library/Core/Src/usbd_core.o
                0x00000000080049ca                USBD_LL_SOF
 *fill*         0x00000000080049fe        0x2 
 .text.USBD_StdDevReq
                0x0000000008004a00       0xd4 Middlewares/ST/STM32_USB_Device_Library/Core/Src/usbd_ctlreq.o
                0x0000000008004a00                USBD_StdDevReq
 .text.USBD_StdItfReq
                0x0000000008004ad4       0x8c Middlewares/ST/STM32_USB_Device_Library/Core/Src/usbd_ctlreq.o
                0x0000000008004ad4                USBD_StdItfReq
 .text.USBD_StdEPReq
                0x0000000008004b60      0x2ba Middlewares/ST/STM32_USB_Device_Library/Core/Src/usbd_ctlreq.o
                0x0000000008004b60                USBD_StdEPReq
 *fill*         0x0000000008004e1a        0x2 
 .text.USBD_GetDescriptor
                0x0000000008004e1c      0x2d0 Middlewares/ST/STM32_USB_Device_Library/Core/Src/usbd_ctlreq.o
 .text.USBD_SetAddress
                0x00000000080050ec       0x84 Middlewares/ST/STM32_USB_Device_Library/Core/Src/usbd_ctlreq.o
 .text.USBD_SetConfig
                0x0000000008005170      0x11c Middlewares/ST/STM32_USB_Device_Library/Core/Src/usbd_ctlreq.o
 .text.USBD_GetConfig
                0x000000000800528c       0x68 Middlewares/ST/STM32_USB_Device_Library/Core/Src/usbd_ctlreq.o
 .text.USBD_GetStatus
                0x00000000080052f4       0x66 Middlewares/ST/STM32_USB_Device_Library/Core/Src/usbd_ctlreq.o
 .text.USBD_SetFeature
                0x000000000800535a       0x28 Middlewares/ST/STM32_USB_Device_Library/Core/Src/usbd_ctlreq.o
 .text.USBD_ClrFeature
                0x0000000008005382       0x42 Middlewares/ST/STM32_USB_Device_Library/Core/Src/usbd_ctlreq.o
 .text.USBD_ParseSetupRequest
                0x00000000080053c4       0x78 Middlewares/ST/STM32_USB_Device_Library/Core/Src/usbd_ctlreq.o
                0x00000000080053c4                USBD_ParseSetupRequest
 .text.USBD_CtlError
                0x000000000800543c       0x22 Middlewares/ST/STM32_USB_Device_Library/Core/Src/usbd_ctlreq.o
                0x000000000800543c                USBD_CtlError
 .text.USBD_GetString
                0x000000000800545e       0x84 Middlewares/ST/STM32_USB_Device_Library/Core/Src/usbd_ctlreq.o
                0x000000000800545e                USBD_GetString
 .text.USBD_GetLen
                0x00000000080054e2       0x2e Middlewares/ST/STM32_USB_Device_Library/Core/Src/usbd_ctlreq.o
 .text.USBD_CtlSendData
                0x0000000008005510       0x38 Middlewares/ST/STM32_USB_Device_Library/Core/Src/usbd_ioreq.o
                0x0000000008005510                USBD_CtlSendData
 .text.USBD_CtlContinueSendData
                0x0000000008005548       0x24 Middlewares/ST/STM32_USB_Device_Library/Core/Src/usbd_ioreq.o
                0x0000000008005548                USBD_CtlContinueSendData
 .text.USBD_CtlPrepareRx
                0x000000000800556c       0x3c Middlewares/ST/STM32_USB_Device_Library/Core/Src/usbd_ioreq.o
                0x000000000800556c                USBD_CtlPrepareRx
 .text.USBD_CtlContinueRx
                0x00000000080055a8       0x24 Middlewares/ST/STM32_USB_Device_Library/Core/Src/usbd_ioreq.o
                0x00000000080055a8                USBD_CtlContinueRx
 .text.USBD_CtlSendStatus
                0x00000000080055cc       0x26 Middlewares/ST/STM32_USB_Device_Library/Core/Src/usbd_ioreq.o
                0x00000000080055cc                USBD_CtlSendStatus
 .text.USBD_CtlReceiveStatus
                0x00000000080055f2       0x26 Middlewares/ST/STM32_USB_Device_Library/Core/Src/usbd_ioreq.o
                0x00000000080055f2                USBD_CtlReceiveStatus
 .text.MX_USB_DEVICE_Init
                0x0000000008005618       0x60 USB_DEVICE/App/usb_device.o
                0x0000000008005618                MX_USB_DEVICE_Init
 .text.CDC_Init_FS
                0x0000000008005678       0x28 USB_DEVICE/App/usbd_cdc_if.o
 .text.CDC_DeInit_FS
                0x00000000080056a0        0xe USB_DEVICE/App/usbd_cdc_if.o
 *fill*         0x00000000080056ae        0x2 
 .text.CDC_Control_FS
                0x00000000080056b0       0xbc USB_DEVICE/App/usbd_cdc_if.o
 .text.CDC_Receive_FS
                0x000000000800576c       0x4c USB_DEVICE/App/usbd_cdc_if.o
 .text.CDC_Transmit_FS
                0x00000000080057b8       0x4c USB_DEVICE/App/usbd_cdc_if.o
                0x00000000080057b8                CDC_Transmit_FS
 .text.USBD_FS_DeviceDescriptor
                0x0000000008005804       0x24 USB_DEVICE/App/usbd_desc.o
                0x0000000008005804                USBD_FS_DeviceDescriptor
 .text.USBD_FS_LangIDStrDescriptor
                0x0000000008005828       0x24 USB_DEVICE/App/usbd_desc.o
                0x0000000008005828                USBD_FS_LangIDStrDescriptor
 .text.USBD_FS_ProductStrDescriptor
                0x000000000800584c       0x3c USB_DEVICE/App/usbd_desc.o
                0x000000000800584c                USBD_FS_ProductStrDescriptor
 .text.USBD_FS_ManufacturerStrDescriptor
                0x0000000008005888       0x28 USB_DEVICE/App/usbd_desc.o
                0x0000000008005888                USBD_FS_ManufacturerStrDescriptor
 .text.USBD_FS_SerialStrDescriptor
                0x00000000080058b0       0x24 USB_DEVICE/App/usbd_desc.o
                0x00000000080058b0                USBD_FS_SerialStrDescriptor
 .text.USBD_FS_ConfigStrDescriptor
                0x00000000080058d4       0x3c USB_DEVICE/App/usbd_desc.o
                0x00000000080058d4                USBD_FS_ConfigStrDescriptor
 .text.USBD_FS_InterfaceStrDescriptor
                0x0000000008005910       0x3c USB_DEVICE/App/usbd_desc.o
                0x0000000008005910                USBD_FS_InterfaceStrDescriptor
 .text.Get_SerialNum
                0x000000000800594c       0x58 USB_DEVICE/App/usbd_desc.o
 .text.IntToUnicode
                0x00000000080059a4       0x7a USB_DEVICE/App/usbd_desc.o
 *fill*         0x0000000008005a1e        0x2 
 .text.HAL_PCD_MspInit
                0x0000000008005a20       0x4c USB_DEVICE/Target/usbd_conf.o
                0x0000000008005a20                HAL_PCD_MspInit
 .text.HAL_PCD_SetupStageCallback
                0x0000000008005a6c       0x24 USB_DEVICE/Target/usbd_conf.o
                0x0000000008005a6c                HAL_PCD_SetupStageCallback
 .text.HAL_PCD_DataOutStageCallback
                0x0000000008005a90       0x30 USB_DEVICE/Target/usbd_conf.o
                0x0000000008005a90                HAL_PCD_DataOutStageCallback
 .text.HAL_PCD_DataInStageCallback
                0x0000000008005ac0       0x2e USB_DEVICE/Target/usbd_conf.o
                0x0000000008005ac0                HAL_PCD_DataInStageCallback
 .text.HAL_PCD_SOFCallback
                0x0000000008005aee       0x1c USB_DEVICE/Target/usbd_conf.o
                0x0000000008005aee                HAL_PCD_SOFCallback
 .text.HAL_PCD_ResetCallback
                0x0000000008005b0a       0x3c USB_DEVICE/Target/usbd_conf.o
                0x0000000008005b0a                HAL_PCD_ResetCallback
 *fill*         0x0000000008005b46        0x2 
 .text.HAL_PCD_SuspendCallback
                0x0000000008005b48       0x34 USB_DEVICE/Target/usbd_conf.o
                0x0000000008005b48                HAL_PCD_SuspendCallback
 .text.HAL_PCD_ResumeCallback
                0x0000000008005b7c       0x1c USB_DEVICE/Target/usbd_conf.o
                0x0000000008005b7c                HAL_PCD_ResumeCallback
 .text.USBD_LL_Init
                0x0000000008005b98       0xb4 USB_DEVICE/Target/usbd_conf.o
                0x0000000008005b98                USBD_LL_Init
 .text.USBD_LL_Start
                0x0000000008005c4c       0x36 USB_DEVICE/Target/usbd_conf.o
                0x0000000008005c4c                USBD_LL_Start
 .text.USBD_LL_OpenEP
                0x0000000008005c82       0x4c USB_DEVICE/Target/usbd_conf.o
                0x0000000008005c82                USBD_LL_OpenEP
 .text.USBD_LL_CloseEP
                0x0000000008005cce       0x3e USB_DEVICE/Target/usbd_conf.o
                0x0000000008005cce                USBD_LL_CloseEP
 .text.USBD_LL_StallEP
                0x0000000008005d0c       0x3e USB_DEVICE/Target/usbd_conf.o
                0x0000000008005d0c                USBD_LL_StallEP
 .text.USBD_LL_ClearStallEP
                0x0000000008005d4a       0x3e USB_DEVICE/Target/usbd_conf.o
                0x0000000008005d4a                USBD_LL_ClearStallEP
 .text.USBD_LL_IsStallEP
                0x0000000008005d88       0x4a USB_DEVICE/Target/usbd_conf.o
                0x0000000008005d88                USBD_LL_IsStallEP
 .text.USBD_LL_SetUSBAddress
                0x0000000008005dd2       0x3e USB_DEVICE/Target/usbd_conf.o
                0x0000000008005dd2                USBD_LL_SetUSBAddress
 .text.USBD_LL_Transmit
                0x0000000008005e10       0x46 USB_DEVICE/Target/usbd_conf.o
                0x0000000008005e10                USBD_LL_Transmit
 .text.USBD_LL_PrepareReceive
                0x0000000008005e56       0x46 USB_DEVICE/Target/usbd_conf.o
                0x0000000008005e56                USBD_LL_PrepareReceive
 .text.USBD_LL_GetRxDataSize
                0x0000000008005e9c       0x26 USB_DEVICE/Target/usbd_conf.o
                0x0000000008005e9c                USBD_LL_GetRxDataSize
 *fill*         0x0000000008005ec2        0x2 
 .text.USBD_static_malloc
                0x0000000008005ec4       0x18 USB_DEVICE/Target/usbd_conf.o
                0x0000000008005ec4                USBD_static_malloc
 .text.USBD_static_free
                0x0000000008005edc       0x12 USB_DEVICE/Target/usbd_conf.o
                0x0000000008005edc                USBD_static_free
 .text.HAL_PCDEx_SetConnectionState
                0x0000000008005eee       0x16 USB_DEVICE/Target/usbd_conf.o
                0x0000000008005eee                HAL_PCDEx_SetConnectionState
 .text.USBD_Get_USB_Status
                0x0000000008005f04       0x58 USB_DEVICE/Target/usbd_conf.o
 .text.__libc_init_array
                0x0000000008005f5c       0x48 /opt/st/stm32cubeide_1.1.0/plugins/com.st.stm32cube.ide.mcu.externaltools.gnu-tools-for-stm32.7-2018-q2-update.linux64_1.0.0.201904181610/tools/bin/../lib/gcc/arm-none-eabi/7.3.1/../../../../arm-none-eabi/lib/thumb/v7-m/libc_nano.a(lib_a-init.o)
                0x0000000008005f5c                __libc_init_array
 .text.memset   0x0000000008005fa4       0x10 /opt/st/stm32cubeide_1.1.0/plugins/com.st.stm32cube.ide.mcu.externaltools.gnu-tools-for-stm32.7-2018-q2-update.linux64_1.0.0.201904181610/tools/bin/../lib/gcc/arm-none-eabi/7.3.1/../../../../arm-none-eabi/lib/thumb/v7-m/libc_nano.a(lib_a-memset.o)
                0x0000000008005fa4                memset
 .text.strncpy  0x0000000008005fb4       0x2a /opt/st/stm32cubeide_1.1.0/plugins/com.st.stm32cube.ide.mcu.externaltools.gnu-tools-for-stm32.7-2018-q2-update.linux64_1.0.0.201904181610/tools/bin/../lib/gcc/arm-none-eabi/7.3.1/../../../../arm-none-eabi/lib/thumb/v7-m/libc_nano.a(lib_a-strncpy.o)
                0x0000000008005fb4                strncpy
 *(.glue_7)
 .glue_7        0x0000000008005fde        0x0 linker stubs
 *(.glue_7t)
 .glue_7t       0x0000000008005fde        0x0 linker stubs
 *(.eh_frame)
 *fill*         0x0000000008005fde        0x2 
 .eh_frame      0x0000000008005fe0        0x0 /opt/st/stm32cubeide_1.1.0/plugins/com.st.stm32cube.ide.mcu.externaltools.gnu-tools-for-stm32.7-2018-q2-update.linux64_1.0.0.201904181610/tools/bin/../lib/gcc/arm-none-eabi/7.3.1/thumb/v7-m/crtbegin.o
 *(.init)
 .init          0x0000000008005fe0        0x4 /opt/st/stm32cubeide_1.1.0/plugins/com.st.stm32cube.ide.mcu.externaltools.gnu-tools-for-stm32.7-2018-q2-update.linux64_1.0.0.201904181610/tools/bin/../lib/gcc/arm-none-eabi/7.3.1/thumb/v7-m/crti.o
                0x0000000008005fe0                _init
 .init          0x0000000008005fe4        0x8 /opt/st/stm32cubeide_1.1.0/plugins/com.st.stm32cube.ide.mcu.externaltools.gnu-tools-for-stm32.7-2018-q2-update.linux64_1.0.0.201904181610/tools/bin/../lib/gcc/arm-none-eabi/7.3.1/thumb/v7-m/crtn.o
 *(.fini)
 .fini          0x0000000008005fec        0x4 /opt/st/stm32cubeide_1.1.0/plugins/com.st.stm32cube.ide.mcu.externaltools.gnu-tools-for-stm32.7-2018-q2-update.linux64_1.0.0.201904181610/tools/bin/../lib/gcc/arm-none-eabi/7.3.1/thumb/v7-m/crti.o
                0x0000000008005fec                _fini
 .fini          0x0000000008005ff0        0x8 /opt/st/stm32cubeide_1.1.0/plugins/com.st.stm32cube.ide.mcu.externaltools.gnu-tools-for-stm32.7-2018-q2-update.linux64_1.0.0.201904181610/tools/bin/../lib/gcc/arm-none-eabi/7.3.1/thumb/v7-m/crtn.o
                0x0000000008005ff8                . = ALIGN (0x4)
                0x0000000008005ff8                _etext = .

.vfp11_veneer   0x0000000008005ff8        0x0
 .vfp11_veneer  0x0000000008005ff8        0x0 linker stubs

.v4_bx          0x0000000008005ff8        0x0
 .v4_bx         0x0000000008005ff8        0x0 linker stubs

.iplt           0x0000000008005ff8        0x0
 .iplt          0x0000000008005ff8        0x0 /opt/st/stm32cubeide_1.1.0/plugins/com.st.stm32cube.ide.mcu.externaltools.gnu-tools-for-stm32.7-2018-q2-update.linux64_1.0.0.201904181610/tools/bin/../lib/gcc/arm-none-eabi/7.3.1/thumb/v7-m/crtbegin.o

.rodata         0x0000000008005ff8       0x74
                0x0000000008005ff8                . = ALIGN (0x4)
 *(.rodata)
 .rodata        0x0000000008005ff8       0x12 Drivers/STM32F1xx_HAL_Driver/Src/stm32f1xx_hal_rcc.o
 *fill*         0x000000000800600a        0x2 
 .rodata        0x000000000800600c       0x46 USB_DEVICE/App/usbd_desc.o
 *(.rodata*)
 *fill*         0x0000000008006052        0x2 
 .rodata.AHBPrescTable
                0x0000000008006054       0x10 Core/Src/system_stm32f1xx.o
                0x0000000008006054                AHBPrescTable
 .rodata.APBPrescTable
                0x0000000008006064        0x8 Core/Src/system_stm32f1xx.o
                0x0000000008006064                APBPrescTable
                0x000000000800606c                . = ALIGN (0x4)

.rel.dyn        0x000000000800606c        0x0
 .rel.iplt      0x000000000800606c        0x0 /opt/st/stm32cubeide_1.1.0/plugins/com.st.stm32cube.ide.mcu.externaltools.gnu-tools-for-stm32.7-2018-q2-update.linux64_1.0.0.201904181610/tools/bin/../lib/gcc/arm-none-eabi/7.3.1/thumb/v7-m/crtbegin.o

.ARM.extab      0x000000000800606c        0x0
                0x000000000800606c                . = ALIGN (0x4)
 *(.ARM.extab* .gnu.linkonce.armextab.*)
                0x000000000800606c                . = ALIGN (0x4)

.ARM            0x000000000800606c        0x0
                0x000000000800606c                . = ALIGN (0x4)
                0x000000000800606c                __exidx_start = .
 *(.ARM.exidx*)
                0x000000000800606c                __exidx_end = .
                0x000000000800606c                . = ALIGN (0x4)

.preinit_array  0x000000000800606c        0x0
                0x000000000800606c                . = ALIGN (0x4)
                0x000000000800606c                PROVIDE (__preinit_array_start = .)
 *(.preinit_array*)
                0x000000000800606c                PROVIDE (__preinit_array_end = .)
                0x000000000800606c                . = ALIGN (0x4)

.init_array     0x000000000800606c        0x4
                0x000000000800606c                . = ALIGN (0x4)
                0x000000000800606c                PROVIDE (__init_array_start = .)
 *(SORT_BY_NAME(.init_array.*))
 *(.init_array*)
 .init_array    0x000000000800606c        0x4 /opt/st/stm32cubeide_1.1.0/plugins/com.st.stm32cube.ide.mcu.externaltools.gnu-tools-for-stm32.7-2018-q2-update.linux64_1.0.0.201904181610/tools/bin/../lib/gcc/arm-none-eabi/7.3.1/thumb/v7-m/crtbegin.o
                0x0000000008006070                PROVIDE (__init_array_end = .)
                0x0000000008006070                . = ALIGN (0x4)

.fini_array     0x0000000008006070        0x4
                0x0000000008006070                . = ALIGN (0x4)
                [!provide]                        PROVIDE (__fini_array_start = .)
 *(SORT_BY_NAME(.fini_array.*))
 *(.fini_array*)
 .fini_array    0x0000000008006070        0x4 /opt/st/stm32cubeide_1.1.0/plugins/com.st.stm32cube.ide.mcu.externaltools.gnu-tools-for-stm32.7-2018-q2-update.linux64_1.0.0.201904181610/tools/bin/../lib/gcc/arm-none-eabi/7.3.1/thumb/v7-m/crtbegin.o
                [!provide]                        PROVIDE (__fini_array_end = .)
                0x0000000008006074                . = ALIGN (0x4)
                0x0000000008006074                _sidata = LOADADDR (.data)

.data           0x0000000020000000      0x17c load address 0x0000000008006074
                0x0000000020000000                . = ALIGN (0x4)
                0x0000000020000000                _sdata = .
 *(.data)
 *(.data*)
 .data.SystemCoreClock
                0x0000000020000000        0x4 Core/Src/system_stm32f1xx.o
                0x0000000020000000                SystemCoreClock
 .data.uwTickPrio
                0x0000000020000004        0x4 Drivers/STM32F1xx_HAL_Driver/Src/stm32f1xx_hal.o
                0x0000000020000004                uwTickPrio
 .data.uwTickFreq
                0x0000000020000008        0x1 Drivers/STM32F1xx_HAL_Driver/Src/stm32f1xx_hal.o
                0x0000000020000008                uwTickFreq
 *fill*         0x0000000020000009        0x3 
 .data.USBD_CDC_DeviceQualifierDesc
                0x000000002000000c        0xa Middlewares/ST/STM32_USB_Device_Library/Class/CDC/Src/usbd_cdc.o
 *fill*         0x0000000020000016        0x2 
 .data.USBD_CDC
                0x0000000020000018       0x38 Middlewares/ST/STM32_USB_Device_Library/Class/CDC/Src/usbd_cdc.o
                0x0000000020000018                USBD_CDC
 .data.USBD_CDC_CfgHSDesc
                0x0000000020000050       0x43 Middlewares/ST/STM32_USB_Device_Library/Class/CDC/Src/usbd_cdc.o
                0x0000000020000050                USBD_CDC_CfgHSDesc
 *fill*         0x0000000020000093        0x1 
 .data.USBD_CDC_CfgFSDesc
                0x0000000020000094       0x43 Middlewares/ST/STM32_USB_Device_Library/Class/CDC/Src/usbd_cdc.o
                0x0000000020000094                USBD_CDC_CfgFSDesc
 *fill*         0x00000000200000d7        0x1 
 .data.USBD_CDC_OtherSpeedCfgDesc
                0x00000000200000d8       0x43 Middlewares/ST/STM32_USB_Device_Library/Class/CDC/Src/usbd_cdc.o
                0x00000000200000d8                USBD_CDC_OtherSpeedCfgDesc
 *fill*         0x000000002000011b        0x1 
 .data.USBD_Interface_fops_FS
                0x000000002000011c       0x10 USB_DEVICE/App/usbd_cdc_if.o
                0x000000002000011c                USBD_Interface_fops_FS
 .data.FS_Desc  0x000000002000012c       0x1c USB_DEVICE/App/usbd_desc.o
                0x000000002000012c                FS_Desc
 .data.USBD_FS_DeviceDesc
                0x0000000020000148       0x12 USB_DEVICE/App/usbd_desc.o
                0x0000000020000148                USBD_FS_DeviceDesc
 *fill*         0x000000002000015a        0x2 
 .data.USBD_LangIDDesc
                0x000000002000015c        0x4 USB_DEVICE/App/usbd_desc.o
                0x000000002000015c                USBD_LangIDDesc
 .data.USBD_StringSerial
                0x0000000020000160       0x1a USB_DEVICE/App/usbd_desc.o
                0x0000000020000160                USBD_StringSerial
                0x000000002000017c                . = ALIGN (0x4)
 *fill*         0x000000002000017a        0x2 
                0x000000002000017c                _edata = .

.igot.plt       0x000000002000017c        0x0 load address 0x00000000080061f0
 .igot.plt      0x000000002000017c        0x0 /opt/st/stm32cubeide_1.1.0/plugins/com.st.stm32cube.ide.mcu.externaltools.gnu-tools-for-stm32.7-2018-q2-update.linux64_1.0.0.201904181610/tools/bin/../lib/gcc/arm-none-eabi/7.3.1/thumb/v7-m/crtbegin.o
                0x000000002000017c                . = ALIGN (0x4)

.bss            0x000000002000017c     0x11f4 load address 0x00000000080061f0
                0x000000002000017c                _sbss = .
                0x000000002000017c                __bss_start__ = _sbss
 *(.bss)
 .bss           0x000000002000017c       0x1c /opt/st/stm32cubeide_1.1.0/plugins/com.st.stm32cube.ide.mcu.externaltools.gnu-tools-for-stm32.7-2018-q2-update.linux64_1.0.0.201904181610/tools/bin/../lib/gcc/arm-none-eabi/7.3.1/thumb/v7-m/crtbegin.o
 *(.bss*)
 .bss.cfgidx.7760
                0x0000000020000198        0x1 Middlewares/ST/STM32_USB_Device_Library/Core/Src/usbd_ctlreq.o
 *fill*         0x0000000020000199        0x3 
 .bss.mem.7825  0x000000002000019c      0x220 USB_DEVICE/Target/usbd_conf.o
 *(COMMON)
 COMMON         0x00000000200003bc       0x6c Core/Src/data.o
                0x00000000200003bc                usbData
 COMMON         0x0000000020000428       0x44 Core/Src/main.o
                0x0000000020000428                kvhReceiveChar
                0x000000002000042c                huart1
 COMMON         0x000000002000046c        0x4 Drivers/STM32F1xx_HAL_Driver/Src/stm32f1xx_hal.o
                0x000000002000046c                uwTick
 COMMON         0x0000000020000470      0x2c4 USB_DEVICE/App/usb_device.o
                0x0000000020000470                hUsbDeviceFS
 COMMON         0x0000000020000734      0x7d0 USB_DEVICE/App/usbd_cdc_if.o
                0x0000000020000734                UserRxBufferFS
                0x0000000020000b1c                UserTxBufferFS
 COMMON         0x0000000020000f04      0x200 USB_DEVICE/App/usbd_desc.o
                0x0000000020000f04                USBD_StrDesc
 COMMON         0x0000000020001104      0x26c USB_DEVICE/Target/usbd_conf.o
                0x0000000020001104                hpcd_USB_FS
                0x0000000020001370                . = ALIGN (0x4)
                0x0000000020001370                _ebss = .
                0x0000000020001370                __bss_end__ = _ebss

._user_heap_stack
                0x0000000020001370      0xa00 load address 0x00000000080061f0
                0x0000000020001370                . = ALIGN (0x8)
                0x0000000020001370                PROVIDE (end = .)
                [!provide]                        PROVIDE (_end = .)
                0x0000000020001970                . = (. + _Min_Heap_Size)
 *fill*         0x0000000020001370      0x600 
                0x0000000020001d70                . = (. + _Min_Stack_Size)
 *fill*         0x0000000020001970      0x400 
                0x0000000020001d70                . = ALIGN (0x8)

/DISCARD/
 libc.a(*)
 libm.a(*)
 libgcc.a(*)

.ARM.attributes
                0x0000000000000000       0x29
 *(.ARM.attributes)
 .ARM.attributes
                0x0000000000000000       0x1d /opt/st/stm32cubeide_1.1.0/plugins/com.st.stm32cube.ide.mcu.externaltools.gnu-tools-for-stm32.7-2018-q2-update.linux64_1.0.0.201904181610/tools/bin/../lib/gcc/arm-none-eabi/7.3.1/thumb/v7-m/crti.o
 .ARM.attributes
                0x000000000000001d       0x2d /opt/st/stm32cubeide_1.1.0/plugins/com.st.stm32cube.ide.mcu.externaltools.gnu-tools-for-stm32.7-2018-q2-update.linux64_1.0.0.201904181610/tools/bin/../lib/gcc/arm-none-eabi/7.3.1/thumb/v7-m/crtbegin.o
 .ARM.attributes
                0x000000000000004a       0x33 Core/Src/data.o
 .ARM.attributes
                0x000000000000007d       0x33 Core/Src/main.o
 .ARM.attributes
                0x00000000000000b0       0x33 Core/Src/stm32f1xx_hal_msp.o
 .ARM.attributes
                0x00000000000000e3       0x33 Core/Src/stm32f1xx_it.o
 .ARM.attributes
                0x0000000000000116       0x33 Core/Src/system_stm32f1xx.o
 .ARM.attributes
                0x0000000000000149       0x21 Core/Startup/startup_stm32f103c8tx.o
 .ARM.attributes
                0x000000000000016a       0x33 Drivers/STM32F1xx_HAL_Driver/Src/stm32f1xx_hal.o
 .ARM.attributes
                0x000000000000019d       0x33 Drivers/STM32F1xx_HAL_Driver/Src/stm32f1xx_hal_cortex.o
 .ARM.attributes
                0x00000000000001d0       0x33 Drivers/STM32F1xx_HAL_Driver/Src/stm32f1xx_hal_dma.o
 .ARM.attributes
                0x0000000000000203       0x33 Drivers/STM32F1xx_HAL_Driver/Src/stm32f1xx_hal_gpio.o
 .ARM.attributes
                0x0000000000000236       0x33 Drivers/STM32F1xx_HAL_Driver/Src/stm32f1xx_hal_pcd.o
 .ARM.attributes
                0x0000000000000269       0x33 Drivers/STM32F1xx_HAL_Driver/Src/stm32f1xx_hal_pcd_ex.o
 .ARM.attributes
                0x000000000000029c       0x33 Drivers/STM32F1xx_HAL_Driver/Src/stm32f1xx_hal_rcc.o
 .ARM.attributes
                0x00000000000002cf       0x33 Drivers/STM32F1xx_HAL_Driver/Src/stm32f1xx_hal_rcc_ex.o
 .ARM.attributes
                0x0000000000000302       0x33 Drivers/STM32F1xx_HAL_Driver/Src/stm32f1xx_hal_uart.o
 .ARM.attributes
                0x0000000000000335       0x33 Drivers/STM32F1xx_HAL_Driver/Src/stm32f1xx_ll_usb.o
 .ARM.attributes
                0x0000000000000368       0x33 Middlewares/ST/STM32_USB_Device_Library/Class/CDC/Src/usbd_cdc.o
 .ARM.attributes
                0x000000000000039b       0x33 Middlewares/ST/STM32_USB_Device_Library/Core/Src/usbd_core.o
 .ARM.attributes
                0x00000000000003ce       0x33 Middlewares/ST/STM32_USB_Device_Library/Core/Src/usbd_ctlreq.o
 .ARM.attributes
                0x0000000000000401       0x33 Middlewares/ST/STM32_USB_Device_Library/Core/Src/usbd_ioreq.o
 .ARM.attributes
                0x0000000000000434       0x33 USB_DEVICE/App/usb_device.o
 .ARM.attributes
                0x0000000000000467       0x33 USB_DEVICE/App/usbd_cdc_if.o
 .ARM.attributes
                0x000000000000049a       0x33 USB_DEVICE/App/usbd_desc.o
 .ARM.attributes
                0x00000000000004cd       0x33 USB_DEVICE/Target/usbd_conf.o
 .ARM.attributes
                0x0000000000000500       0x2d /opt/st/stm32cubeide_1.1.0/plugins/com.st.stm32cube.ide.mcu.externaltools.gnu-tools-for-stm32.7-2018-q2-update.linux64_1.0.0.201904181610/tools/bin/../lib/gcc/arm-none-eabi/7.3.1/../../../../arm-none-eabi/lib/thumb/v7-m/libc_nano.a(lib_a-init.o)
 .ARM.attributes
                0x000000000000052d       0x2d /opt/st/stm32cubeide_1.1.0/plugins/com.st.stm32cube.ide.mcu.externaltools.gnu-tools-for-stm32.7-2018-q2-update.linux64_1.0.0.201904181610/tools/bin/../lib/gcc/arm-none-eabi/7.3.1/../../../../arm-none-eabi/lib/thumb/v7-m/libc_nano.a(lib_a-memset.o)
 .ARM.attributes
                0x000000000000055a       0x2d /opt/st/stm32cubeide_1.1.0/plugins/com.st.stm32cube.ide.mcu.externaltools.gnu-tools-for-stm32.7-2018-q2-update.linux64_1.0.0.201904181610/tools/bin/../lib/gcc/arm-none-eabi/7.3.1/../../../../arm-none-eabi/lib/thumb/v7-m/libc_nano.a(lib_a-strncpy.o)
 .ARM.attributes
                0x0000000000000587       0x1d /opt/st/stm32cubeide_1.1.0/plugins/com.st.stm32cube.ide.mcu.externaltools.gnu-tools-for-stm32.7-2018-q2-update.linux64_1.0.0.201904181610/tools/bin/../lib/gcc/arm-none-eabi/7.3.1/thumb/v7-m/crtn.o
OUTPUT(KVHTerminal.elf elf32-littlearm)

.debug_info     0x0000000000000000    0x13b60
 .debug_info    0x0000000000000000       0xf0 Core/Src/data.o
 .debug_info    0x00000000000000f0     0x11f6 Core/Src/main.o
 .debug_info    0x00000000000012e6     0x11e6 Core/Src/stm32f1xx_hal_msp.o
 .debug_info    0x00000000000024cc     0x134c Core/Src/stm32f1xx_it.o
 .debug_info    0x0000000000003818      0x433 Core/Src/system_stm32f1xx.o
 .debug_info    0x0000000000003c4b       0x22 Core/Startup/startup_stm32f103c8tx.o
 .debug_info    0x0000000000003c6d      0x6fe Drivers/STM32F1xx_HAL_Driver/Src/stm32f1xx_hal.o
 .debug_info    0x000000000000436b      0xb46 Drivers/STM32F1xx_HAL_Driver/Src/stm32f1xx_hal_cortex.o
 .debug_info    0x0000000000004eb1      0x7a6 Drivers/STM32F1xx_HAL_Driver/Src/stm32f1xx_hal_dma.o
 .debug_info    0x0000000000005657      0x681 Drivers/STM32F1xx_HAL_Driver/Src/stm32f1xx_hal_gpio.o
 .debug_info    0x0000000000005cd8      0xe38 Drivers/STM32F1xx_HAL_Driver/Src/stm32f1xx_hal_pcd.o
 .debug_info    0x0000000000006b10      0x760 Drivers/STM32F1xx_HAL_Driver/Src/stm32f1xx_hal_pcd_ex.o
 .debug_info    0x0000000000007270      0x804 Drivers/STM32F1xx_HAL_Driver/Src/stm32f1xx_hal_rcc.o
 .debug_info    0x0000000000007a74      0x439 Drivers/STM32F1xx_HAL_Driver/Src/stm32f1xx_hal_rcc_ex.o
 .debug_info    0x0000000000007ead     0x11e3 Drivers/STM32F1xx_HAL_Driver/Src/stm32f1xx_hal_uart.o
 .debug_info    0x0000000000009090     0x14f9 Drivers/STM32F1xx_HAL_Driver/Src/stm32f1xx_ll_usb.o
 .debug_info    0x000000000000a589     0x17ef Middlewares/ST/STM32_USB_Device_Library/Class/CDC/Src/usbd_cdc.o
 .debug_info    0x000000000000bd78     0x1220 Middlewares/ST/STM32_USB_Device_Library/Core/Src/usbd_core.o
 .debug_info    0x000000000000cf98     0x1190 Middlewares/ST/STM32_USB_Device_Library/Core/Src/usbd_ctlreq.o
 .debug_info    0x000000000000e128      0xf81 Middlewares/ST/STM32_USB_Device_Library/Core/Src/usbd_ioreq.o
 .debug_info    0x000000000000f0a9      0xec9 USB_DEVICE/App/usb_device.o
 .debug_info    0x000000000000ff72     0x1096 USB_DEVICE/App/usbd_cdc_if.o
 .debug_info    0x0000000000011008      0xd65 USB_DEVICE/App/usbd_desc.o
 .debug_info    0x0000000000011d6d     0x1df3 USB_DEVICE/Target/usbd_conf.o

.debug_abbrev   0x0000000000000000     0x2f82
 .debug_abbrev  0x0000000000000000       0x93 Core/Src/data.o
 .debug_abbrev  0x0000000000000093      0x25d Core/Src/main.o
 .debug_abbrev  0x00000000000002f0      0x1f7 Core/Src/stm32f1xx_hal_msp.o
 .debug_abbrev  0x00000000000004e7      0x1ec Core/Src/stm32f1xx_it.o
 .debug_abbrev  0x00000000000006d3      0x134 Core/Src/system_stm32f1xx.o
 .debug_abbrev  0x0000000000000807       0x12 Core/Startup/startup_stm32f103c8tx.o
 .debug_abbrev  0x0000000000000819      0x1d8 Drivers/STM32F1xx_HAL_Driver/Src/stm32f1xx_hal.o
 .debug_abbrev  0x00000000000009f1      0x2d5 Drivers/STM32F1xx_HAL_Driver/Src/stm32f1xx_hal_cortex.o
 .debug_abbrev  0x0000000000000cc6      0x1fe Drivers/STM32F1xx_HAL_Driver/Src/stm32f1xx_hal_dma.o
 .debug_abbrev  0x0000000000000ec4      0x1c0 Drivers/STM32F1xx_HAL_Driver/Src/stm32f1xx_hal_gpio.o
 .debug_abbrev  0x0000000000001084      0x263 Drivers/STM32F1xx_HAL_Driver/Src/stm32f1xx_hal_pcd.o
 .debug_abbrev  0x00000000000012e7      0x188 Drivers/STM32F1xx_HAL_Driver/Src/stm32f1xx_hal_pcd_ex.o
 .debug_abbrev  0x000000000000146f      0x243 Drivers/STM32F1xx_HAL_Driver/Src/stm32f1xx_hal_rcc.o
 .debug_abbrev  0x00000000000016b2      0x175 Drivers/STM32F1xx_HAL_Driver/Src/stm32f1xx_hal_rcc_ex.o
 .debug_abbrev  0x0000000000001827      0x242 Drivers/STM32F1xx_HAL_Driver/Src/stm32f1xx_hal_uart.o
 .debug_abbrev  0x0000000000001a69      0x1c5 Drivers/STM32F1xx_HAL_Driver/Src/stm32f1xx_ll_usb.o
 .debug_abbrev  0x0000000000001c2e      0x2b6 Middlewares/ST/STM32_USB_Device_Library/Class/CDC/Src/usbd_cdc.o
 .debug_abbrev  0x0000000000001ee4      0x270 Middlewares/ST/STM32_USB_Device_Library/Core/Src/usbd_core.o
 .debug_abbrev  0x0000000000002154      0x2a0 Middlewares/ST/STM32_USB_Device_Library/Core/Src/usbd_ctlreq.o
 .debug_abbrev  0x00000000000023f4      0x1e0 Middlewares/ST/STM32_USB_Device_Library/Core/Src/usbd_ioreq.o
 .debug_abbrev  0x00000000000025d4      0x1be USB_DEVICE/App/usb_device.o
 .debug_abbrev  0x0000000000002792      0x285 USB_DEVICE/App/usbd_cdc_if.o
 .debug_abbrev  0x0000000000002a17      0x290 USB_DEVICE/App/usbd_desc.o
 .debug_abbrev  0x0000000000002ca7      0x2db USB_DEVICE/Target/usbd_conf.o

.debug_aranges  0x0000000000000000      0xcf0
 .debug_aranges
                0x0000000000000000       0x18 Core/Src/data.o
 .debug_aranges
                0x0000000000000018       0x48 Core/Src/main.o
 .debug_aranges
                0x0000000000000060       0x30 Core/Src/stm32f1xx_hal_msp.o
 .debug_aranges
                0x0000000000000090       0x70 Core/Src/stm32f1xx_it.o
 .debug_aranges
                0x0000000000000100       0x28 Core/Src/system_stm32f1xx.o
 .debug_aranges
                0x0000000000000128       0x28 Core/Startup/startup_stm32f103c8tx.o
 .debug_aranges
                0x0000000000000150       0xe0 Drivers/STM32F1xx_HAL_Driver/Src/stm32f1xx_hal.o
 .debug_aranges
                0x0000000000000230      0x100 Drivers/STM32F1xx_HAL_Driver/Src/stm32f1xx_hal_cortex.o
 .debug_aranges
                0x0000000000000330       0x80 Drivers/STM32F1xx_HAL_Driver/Src/stm32f1xx_hal_dma.o
 .debug_aranges
                0x00000000000003b0       0x58 Drivers/STM32F1xx_HAL_Driver/Src/stm32f1xx_hal_gpio.o
 .debug_aranges
                0x0000000000000408      0x120 Drivers/STM32F1xx_HAL_Driver/Src/stm32f1xx_hal_pcd.o
 .debug_aranges
                0x0000000000000528       0x38 Drivers/STM32F1xx_HAL_Driver/Src/stm32f1xx_hal_pcd_ex.o
 .debug_aranges
                0x0000000000000560       0x90 Drivers/STM32F1xx_HAL_Driver/Src/stm32f1xx_hal_rcc.o
 .debug_aranges
                0x00000000000005f0       0x30 Drivers/STM32F1xx_HAL_Driver/Src/stm32f1xx_hal_rcc_ex.o
 .debug_aranges
                0x0000000000000620      0x1d0 Drivers/STM32F1xx_HAL_Driver/Src/stm32f1xx_hal_uart.o
 .debug_aranges
                0x00000000000007f0      0x108 Drivers/STM32F1xx_HAL_Driver/Src/stm32f1xx_ll_usb.o
 .debug_aranges
                0x00000000000008f8       0x90 Middlewares/ST/STM32_USB_Device_Library/Class/CDC/Src/usbd_cdc.o
 .debug_aranges
                0x0000000000000988       0xb8 Middlewares/ST/STM32_USB_Device_Library/Core/Src/usbd_core.o
 .debug_aranges
                0x0000000000000a40       0x88 Middlewares/ST/STM32_USB_Device_Library/Core/Src/usbd_ctlreq.o
 .debug_aranges
                0x0000000000000ac8       0x50 Middlewares/ST/STM32_USB_Device_Library/Core/Src/usbd_ioreq.o
 .debug_aranges
                0x0000000000000b18       0x20 USB_DEVICE/App/usb_device.o
 .debug_aranges
                0x0000000000000b38       0x40 USB_DEVICE/App/usbd_cdc_if.o
 .debug_aranges
                0x0000000000000b78       0x60 USB_DEVICE/App/usbd_desc.o
 .debug_aranges
                0x0000000000000bd8      0x118 USB_DEVICE/Target/usbd_conf.o

.debug_macro    0x0000000000000000    0x16ca1
 .debug_macro   0x0000000000000000       0x76 Core/Src/data.o
 .debug_macro   0x0000000000000076      0xa5a Core/Src/data.o
 .debug_macro   0x0000000000000ad0       0x22 Core/Src/data.o
 .debug_macro   0x0000000000000af2       0x22 Core/Src/data.o
 .debug_macro   0x0000000000000b14       0x8e Core/Src/data.o
 .debug_macro   0x0000000000000ba2       0x51 Core/Src/data.o
 .debug_macro   0x0000000000000bf3       0xef Core/Src/data.o
 .debug_macro   0x0000000000000ce2       0x6a Core/Src/data.o
 .debug_macro   0x0000000000000d4c      0x1df Core/Src/data.o
 .debug_macro   0x0000000000000f2b      0x3b1 Core/Src/main.o
 .debug_macro   0x00000000000012dc      0x21b Core/Src/main.o
 .debug_macro   0x00000000000014f7       0x2e Core/Src/main.o
 .debug_macro   0x0000000000001525       0x22 Core/Src/main.o
 .debug_macro   0x0000000000001547       0x1c Core/Src/main.o
 .debug_macro   0x0000000000001563       0x22 Core/Src/main.o
 .debug_macro   0x0000000000001585       0xc3 Core/Src/main.o
 .debug_macro   0x0000000000001648      0xd23 Core/Src/main.o
 .debug_macro   0x000000000000236b     0xe09e Core/Src/main.o
 .debug_macro   0x0000000000010409       0x43 Core/Src/main.o
 .debug_macro   0x000000000001044c      0x174 Core/Src/main.o
 .debug_macro   0x00000000000105c0       0x5a Core/Src/main.o
 .debug_macro   0x000000000001061a      0x5be Core/Src/main.o
 .debug_macro   0x0000000000010bd8      0x289 Core/Src/main.o
 .debug_macro   0x0000000000010e61      0x1cb Core/Src/main.o
 .debug_macro   0x000000000001102c      0x114 Core/Src/main.o
 .debug_macro   0x0000000000011140      0x1b2 Core/Src/main.o
 .debug_macro   0x00000000000112f2       0x27 Core/Src/main.o
 .debug_macro   0x0000000000011319      0x136 Core/Src/main.o
 .debug_macro   0x000000000001144f      0x1bc Core/Src/main.o
 .debug_macro   0x000000000001160b       0x34 Core/Src/main.o
 .debug_macro   0x000000000001163f       0x3c Core/Src/main.o
 .debug_macro   0x000000000001167b       0x57 Core/Src/main.o
 .debug_macro   0x00000000000116d2       0x88 Core/Src/main.o
 .debug_macro   0x000000000001175a      0x241 Core/Src/main.o
 .debug_macro   0x000000000001199b      0x141 Core/Src/main.o
 .debug_macro   0x0000000000011adc      0x26b Core/Src/main.o
 .debug_macro   0x0000000000011d47       0x65 Core/Src/main.o
 .debug_macro   0x0000000000011dac      0x249 Core/Src/main.o
 .debug_macro   0x0000000000011ff5       0x83 Core/Src/main.o
 .debug_macro   0x0000000000012078       0x46 Core/Src/main.o
 .debug_macro   0x00000000000120be       0x18 Core/Src/main.o
 .debug_macro   0x00000000000120d6       0x3c Core/Src/main.o
 .debug_macro   0x0000000000012112       0x34 Core/Src/main.o
 .debug_macro   0x0000000000012146       0x16 Core/Src/main.o
 .debug_macro   0x000000000001215c       0x35 Core/Src/main.o
 .debug_macro   0x0000000000012191      0x32a Core/Src/main.o
 .debug_macro   0x00000000000124bb       0x10 Core/Src/main.o
 .debug_macro   0x00000000000124cb       0x52 Core/Src/main.o
 .debug_macro   0x000000000001251d       0x1f Core/Src/main.o
 .debug_macro   0x000000000001253c       0x43 Core/Src/main.o
 .debug_macro   0x000000000001257f       0x20 Core/Src/main.o
 .debug_macro   0x000000000001259f      0x1a3 Core/Src/main.o
 .debug_macro   0x0000000000012742       0x10 Core/Src/main.o
 .debug_macro   0x0000000000012752       0x1c Core/Src/main.o
 .debug_macro   0x000000000001276e       0x52 Core/Src/main.o
 .debug_macro   0x00000000000127c0       0x40 Core/Src/main.o
 .debug_macro   0x0000000000012800       0x10 Core/Src/main.o
 .debug_macro   0x0000000000012810       0x40 Core/Src/main.o
 .debug_macro   0x0000000000012850       0xd7 Core/Src/main.o
 .debug_macro   0x0000000000012927       0x1c Core/Src/main.o
 .debug_macro   0x0000000000012943       0x3d Core/Src/main.o
 .debug_macro   0x0000000000012980       0x16 Core/Src/main.o
 .debug_macro   0x0000000000012996      0x145 Core/Src/main.o
 .debug_macro   0x0000000000012adb       0x16 Core/Src/main.o
 .debug_macro   0x0000000000012af1       0x16 Core/Src/main.o
 .debug_macro   0x0000000000012b07       0x29 Core/Src/main.o
 .debug_macro   0x0000000000012b30       0x16 Core/Src/main.o
 .debug_macro   0x0000000000012b46       0x20 Core/Src/main.o
 .debug_macro   0x0000000000012b66       0x60 Core/Src/main.o
 .debug_macro   0x0000000000012bc6      0x1c8 Core/Src/main.o
 .debug_macro   0x0000000000012d8e       0x1c Core/Src/main.o
 .debug_macro   0x0000000000012daa      0x3b1 Core/Src/stm32f1xx_hal_msp.o
 .debug_macro   0x000000000001315b      0x3bb Core/Src/stm32f1xx_it.o
 .debug_macro   0x0000000000013516      0x1af Core/Src/system_stm32f1xx.o
 .debug_macro   0x00000000000136c5      0x1cd Drivers/STM32F1xx_HAL_Driver/Src/stm32f1xx_hal.o
 .debug_macro   0x0000000000013892      0x1a9 Drivers/STM32F1xx_HAL_Driver/Src/stm32f1xx_hal_cortex.o
 .debug_macro   0x0000000000013a3b      0x1a9 Drivers/STM32F1xx_HAL_Driver/Src/stm32f1xx_hal_dma.o
 .debug_macro   0x0000000000013be4      0x214 Drivers/STM32F1xx_HAL_Driver/Src/stm32f1xx_hal_gpio.o
 .debug_macro   0x0000000000013df8      0x1b5 Drivers/STM32F1xx_HAL_Driver/Src/stm32f1xx_hal_pcd.o
 .debug_macro   0x0000000000013fad      0x1a9 Drivers/STM32F1xx_HAL_Driver/Src/stm32f1xx_hal_pcd_ex.o
 .debug_macro   0x0000000000014156      0x1bb Drivers/STM32F1xx_HAL_Driver/Src/stm32f1xx_hal_rcc.o
 .debug_macro   0x0000000000014311      0x1a9 Drivers/STM32F1xx_HAL_Driver/Src/stm32f1xx_hal_rcc_ex.o
 .debug_macro   0x00000000000144ba      0x1aa Drivers/STM32F1xx_HAL_Driver/Src/stm32f1xx_hal_uart.o
 .debug_macro   0x0000000000014664      0x1a9 Drivers/STM32F1xx_HAL_Driver/Src/stm32f1xx_ll_usb.o
 .debug_macro   0x000000000001480d      0x3e6 Middlewares/ST/STM32_USB_Device_Library/Class/CDC/Src/usbd_cdc.o
 .debug_macro   0x0000000000014bf3       0x97 Middlewares/ST/STM32_USB_Device_Library/Class/CDC/Src/usbd_cdc.o
 .debug_macro   0x0000000000014c8a       0xfd Middlewares/ST/STM32_USB_Device_Library/Class/CDC/Src/usbd_cdc.o
 .debug_macro   0x0000000000014d87       0xbd Middlewares/ST/STM32_USB_Device_Library/Class/CDC/Src/usbd_cdc.o
 .debug_macro   0x0000000000014e44       0x54 Middlewares/ST/STM32_USB_Device_Library/Class/CDC/Src/usbd_cdc.o
 .debug_macro   0x0000000000014e98       0x8f Middlewares/ST/STM32_USB_Device_Library/Class/CDC/Src/usbd_cdc.o
 .debug_macro   0x0000000000014f27      0x3d7 Middlewares/ST/STM32_USB_Device_Library/Core/Src/usbd_core.o
 .debug_macro   0x00000000000152fe      0x1da Middlewares/ST/STM32_USB_Device_Library/Core/Src/usbd_core.o
 .debug_macro   0x00000000000154d8      0x3d7 Middlewares/ST/STM32_USB_Device_Library/Core/Src/usbd_ctlreq.o
 .debug_macro   0x00000000000158af      0x3d3 Middlewares/ST/STM32_USB_Device_Library/Core/Src/usbd_ioreq.o
 .debug_macro   0x0000000000015c82      0x407 USB_DEVICE/App/usb_device.o
 .debug_macro   0x0000000000016089       0x22 USB_DEVICE/App/usb_device.o
 .debug_macro   0x00000000000160ab      0x3fc USB_DEVICE/App/usbd_cdc_if.o
 .debug_macro   0x00000000000164a7      0x40a USB_DEVICE/App/usbd_desc.o
 .debug_macro   0x00000000000168b1      0x3f0 USB_DEVICE/Target/usbd_conf.o

.debug_line     0x0000000000000000     0xd99f
 .debug_line    0x0000000000000000      0x371 Core/Src/data.o
 .debug_line    0x0000000000000371      0x969 Core/Src/main.o
 .debug_line    0x0000000000000cda      0x91e Core/Src/stm32f1xx_hal_msp.o
 .debug_line    0x00000000000015f8      0x9b1 Core/Src/stm32f1xx_it.o
 .debug_line    0x0000000000001fa9      0x659 Core/Src/system_stm32f1xx.o
 .debug_line    0x0000000000002602       0x84 Core/Startup/startup_stm32f103c8tx.o
 .debug_line    0x0000000000002686      0x801 Drivers/STM32F1xx_HAL_Driver/Src/stm32f1xx_hal.o
 .debug_line    0x0000000000002e87      0x8da Drivers/STM32F1xx_HAL_Driver/Src/stm32f1xx_hal_cortex.o
 .debug_line    0x0000000000003761      0xa68 Drivers/STM32F1xx_HAL_Driver/Src/stm32f1xx_hal_dma.o
 .debug_line    0x00000000000041c9      0x801 Drivers/STM32F1xx_HAL_Driver/Src/stm32f1xx_hal_gpio.o
 .debug_line    0x00000000000049ca      0xaf4 Drivers/STM32F1xx_HAL_Driver/Src/stm32f1xx_hal_pcd.o
 .debug_line    0x00000000000054be      0x674 Drivers/STM32F1xx_HAL_Driver/Src/stm32f1xx_hal_pcd_ex.o
 .debug_line    0x0000000000005b32      0x8c3 Drivers/STM32F1xx_HAL_Driver/Src/stm32f1xx_hal_rcc.o
 .debug_line    0x00000000000063f5      0x6e1 Drivers/STM32F1xx_HAL_Driver/Src/stm32f1xx_hal_rcc_ex.o
 .debug_line    0x0000000000006ad6      0xf0c Drivers/STM32F1xx_HAL_Driver/Src/stm32f1xx_hal_uart.o
 .debug_line    0x00000000000079e2      0xb0d Drivers/STM32F1xx_HAL_Driver/Src/stm32f1xx_ll_usb.o
 .debug_line    0x00000000000084ef      0xb0f Middlewares/ST/STM32_USB_Device_Library/Class/CDC/Src/usbd_cdc.o
 .debug_line    0x0000000000008ffe      0xb4a Middlewares/ST/STM32_USB_Device_Library/Core/Src/usbd_core.o
 .debug_line    0x0000000000009b48      0xbd3 Middlewares/ST/STM32_USB_Device_Library/Core/Src/usbd_ctlreq.o
 .debug_line    0x000000000000a71b      0x9b3 Middlewares/ST/STM32_USB_Device_Library/Core/Src/usbd_ioreq.o
 .debug_line    0x000000000000b0ce      0x973 USB_DEVICE/App/usb_device.o
 .debug_line    0x000000000000ba41      0x9b9 USB_DEVICE/App/usbd_cdc_if.o
 .debug_line    0x000000000000c3fa      0x9d5 USB_DEVICE/App/usbd_desc.o
 .debug_line    0x000000000000cdcf      0xbd0 USB_DEVICE/Target/usbd_conf.o

.debug_str      0x0000000000000000    0x6f6b2
 .debug_str     0x0000000000000000     0x3ad7 Core/Src/data.o
                                       0x3c4b (size before relaxing)
 .debug_str     0x0000000000003ad7    0x6860d Core/Src/main.o
                                      0x6c48d (size before relaxing)
 .debug_str     0x000000000006c0e4      0x2e2 Core/Src/stm32f1xx_hal_msp.o
                                      0x6c5a0 (size before relaxing)
 .debug_str     0x000000000006c3c6      0x3c3 Core/Src/stm32f1xx_it.o
                                      0x6c5be (size before relaxing)
 .debug_str     0x000000000006c789       0xc2 Core/Src/system_stm32f1xx.o
                                      0x67289 (size before relaxing)
 .debug_str     0x000000000006c84b       0x36 Core/Startup/startup_stm32f103c8tx.o
                                         0x63 (size before relaxing)
 .debug_str     0x000000000006c881      0x3bb Drivers/STM32F1xx_HAL_Driver/Src/stm32f1xx_hal.o
                                      0x6789a (size before relaxing)
 .debug_str     0x000000000006cc3c      0x2a0 Drivers/STM32F1xx_HAL_Driver/Src/stm32f1xx_hal_cortex.o
                                      0x678a8 (size before relaxing)
 .debug_str     0x000000000006cedc      0x244 Drivers/STM32F1xx_HAL_Driver/Src/stm32f1xx_hal_dma.o
                                      0x675ea (size before relaxing)
 .debug_str     0x000000000006d120      0x33b Drivers/STM32F1xx_HAL_Driver/Src/stm32f1xx_hal_gpio.o
                                      0x675d3 (size before relaxing)
 .debug_str     0x000000000006d45b      0x3af Drivers/STM32F1xx_HAL_Driver/Src/stm32f1xx_hal_pcd.o
                                      0x678ba (size before relaxing)
 .debug_str     0x000000000006d80a      0x18d Drivers/STM32F1xx_HAL_Driver/Src/stm32f1xx_hal_pcd_ex.o
                                      0x67696 (size before relaxing)
 .debug_str     0x000000000006d997      0x263 Drivers/STM32F1xx_HAL_Driver/Src/stm32f1xx_hal_rcc.o
                                      0x6760c (size before relaxing)
 .debug_str     0x000000000006dbfa       0xb9 Drivers/STM32F1xx_HAL_Driver/Src/stm32f1xx_hal_rcc_ex.o
                                      0x67399 (size before relaxing)
 .debug_str     0x000000000006dcb3      0x504 Drivers/STM32F1xx_HAL_Driver/Src/stm32f1xx_hal_uart.o
                                      0x67afb (size before relaxing)
 .debug_str     0x000000000006e1b7      0x2f8 Drivers/STM32F1xx_HAL_Driver/Src/stm32f1xx_ll_usb.o
                                      0x67700 (size before relaxing)
 .debug_str     0x000000000006e4af      0x8c9 Middlewares/ST/STM32_USB_Device_Library/Class/CDC/Src/usbd_cdc.o
                                      0x6cae3 (size before relaxing)
 .debug_str     0x000000000006ed78      0x203 Middlewares/ST/STM32_USB_Device_Library/Core/Src/usbd_core.o
                                      0x6c44a (size before relaxing)
 .debug_str     0x000000000006ef7b      0x134 Middlewares/ST/STM32_USB_Device_Library/Core/Src/usbd_ctlreq.o
                                      0x6c382 (size before relaxing)
 .debug_str     0x000000000006f0af       0xc9 Middlewares/ST/STM32_USB_Device_Library/Core/Src/usbd_ioreq.o
                                      0x6c30a (size before relaxing)
 .debug_str     0x000000000006f178       0xec USB_DEVICE/App/usb_device.o
                                      0x6c632 (size before relaxing)
 .debug_str     0x000000000006f264       0xa2 USB_DEVICE/App/usbd_cdc_if.o
                                      0x6c6a4 (size before relaxing)
 .debug_str     0x000000000006f306      0x258 USB_DEVICE/App/usbd_desc.o
                                      0x6c2c3 (size before relaxing)
 .debug_str     0x000000000006f55e      0x154 USB_DEVICE/Target/usbd_conf.o
                                      0x6cf0e (size before relaxing)

.comment        0x0000000000000000       0x7b
 .comment       0x0000000000000000       0x7b Core/Src/data.o
                                         0x7c (size before relaxing)
 .comment       0x000000000000007b       0x7c Core/Src/main.o
 .comment       0x000000000000007b       0x7c Core/Src/stm32f1xx_hal_msp.o
 .comment       0x000000000000007b       0x7c Core/Src/stm32f1xx_it.o
 .comment       0x000000000000007b       0x7c Core/Src/system_stm32f1xx.o
 .comment       0x000000000000007b       0x7c Drivers/STM32F1xx_HAL_Driver/Src/stm32f1xx_hal.o
 .comment       0x000000000000007b       0x7c Drivers/STM32F1xx_HAL_Driver/Src/stm32f1xx_hal_cortex.o
 .comment       0x000000000000007b       0x7c Drivers/STM32F1xx_HAL_Driver/Src/stm32f1xx_hal_dma.o
 .comment       0x000000000000007b       0x7c Drivers/STM32F1xx_HAL_Driver/Src/stm32f1xx_hal_gpio.o
 .comment       0x000000000000007b       0x7c Drivers/STM32F1xx_HAL_Driver/Src/stm32f1xx_hal_pcd.o
 .comment       0x000000000000007b       0x7c Drivers/STM32F1xx_HAL_Driver/Src/stm32f1xx_hal_pcd_ex.o
 .comment       0x000000000000007b       0x7c Drivers/STM32F1xx_HAL_Driver/Src/stm32f1xx_hal_rcc.o
 .comment       0x000000000000007b       0x7c Drivers/STM32F1xx_HAL_Driver/Src/stm32f1xx_hal_rcc_ex.o
 .comment       0x000000000000007b       0x7c Drivers/STM32F1xx_HAL_Driver/Src/stm32f1xx_hal_uart.o
 .comment       0x000000000000007b       0x7c Drivers/STM32F1xx_HAL_Driver/Src/stm32f1xx_ll_usb.o
 .comment       0x000000000000007b       0x7c Middlewares/ST/STM32_USB_Device_Library/Class/CDC/Src/usbd_cdc.o
 .comment       0x000000000000007b       0x7c Middlewares/ST/STM32_USB_Device_Library/Core/Src/usbd_core.o
 .comment       0x000000000000007b       0x7c Middlewares/ST/STM32_USB_Device_Library/Core/Src/usbd_ctlreq.o
 .comment       0x000000000000007b       0x7c Middlewares/ST/STM32_USB_Device_Library/Core/Src/usbd_ioreq.o
 .comment       0x000000000000007b       0x7c USB_DEVICE/App/usb_device.o
 .comment       0x000000000000007b       0x7c USB_DEVICE/App/usbd_cdc_if.o
 .comment       0x000000000000007b       0x7c USB_DEVICE/App/usbd_desc.o
 .comment       0x000000000000007b       0x7c USB_DEVICE/Target/usbd_conf.o

.debug_ranges   0x0000000000000000      0xb70
 .debug_ranges  0x0000000000000000       0x38 Core/Src/main.o
 .debug_ranges  0x0000000000000038       0x20 Core/Src/stm32f1xx_hal_msp.o
 .debug_ranges  0x0000000000000058       0x60 Core/Src/stm32f1xx_it.o
 .debug_ranges  0x00000000000000b8       0x18 Core/Src/system_stm32f1xx.o
 .debug_ranges  0x00000000000000d0       0x20 Core/Startup/startup_stm32f103c8tx.o
 .debug_ranges  0x00000000000000f0       0xd0 Drivers/STM32F1xx_HAL_Driver/Src/stm32f1xx_hal.o
 .debug_ranges  0x00000000000001c0       0xf0 Drivers/STM32F1xx_HAL_Driver/Src/stm32f1xx_hal_cortex.o
 .debug_ranges  0x00000000000002b0       0x70 Drivers/STM32F1xx_HAL_Driver/Src/stm32f1xx_hal_dma.o
 .debug_ranges  0x0000000000000320       0x48 Drivers/STM32F1xx_HAL_Driver/Src/stm32f1xx_hal_gpio.o
 .debug_ranges  0x0000000000000368      0x110 Drivers/STM32F1xx_HAL_Driver/Src/stm32f1xx_hal_pcd.o
 .debug_ranges  0x0000000000000478       0x28 Drivers/STM32F1xx_HAL_Driver/Src/stm32f1xx_hal_pcd_ex.o
 .debug_ranges  0x00000000000004a0       0x80 Drivers/STM32F1xx_HAL_Driver/Src/stm32f1xx_hal_rcc.o
 .debug_ranges  0x0000000000000520       0x20 Drivers/STM32F1xx_HAL_Driver/Src/stm32f1xx_hal_rcc_ex.o
 .debug_ranges  0x0000000000000540      0x1c0 Drivers/STM32F1xx_HAL_Driver/Src/stm32f1xx_hal_uart.o
 .debug_ranges  0x0000000000000700       0xf8 Drivers/STM32F1xx_HAL_Driver/Src/stm32f1xx_ll_usb.o
 .debug_ranges  0x00000000000007f8       0x80 Middlewares/ST/STM32_USB_Device_Library/Class/CDC/Src/usbd_cdc.o
 .debug_ranges  0x0000000000000878       0xa8 Middlewares/ST/STM32_USB_Device_Library/Core/Src/usbd_core.o
 .debug_ranges  0x0000000000000920       0x78 Middlewares/ST/STM32_USB_Device_Library/Core/Src/usbd_ctlreq.o
 .debug_ranges  0x0000000000000998       0x40 Middlewares/ST/STM32_USB_Device_Library/Core/Src/usbd_ioreq.o
 .debug_ranges  0x00000000000009d8       0x10 USB_DEVICE/App/usb_device.o
 .debug_ranges  0x00000000000009e8       0x30 USB_DEVICE/App/usbd_cdc_if.o
 .debug_ranges  0x0000000000000a18       0x50 USB_DEVICE/App/usbd_desc.o
 .debug_ranges  0x0000000000000a68      0x108 USB_DEVICE/Target/usbd_conf.o

.debug_frame    0x0000000000000000     0x32cc
 .debug_frame   0x0000000000000000       0xd4 Core/Src/main.o
 .debug_frame   0x00000000000000d4       0x80 Core/Src/stm32f1xx_hal_msp.o
 .debug_frame   0x0000000000000154      0x144 Core/Src/stm32f1xx_it.o
 .debug_frame   0x0000000000000298       0x58 Core/Src/system_stm32f1xx.o
 .debug_frame   0x00000000000002f0      0x334 Drivers/STM32F1xx_HAL_Driver/Src/stm32f1xx_hal.o
 .debug_frame   0x0000000000000624      0x428 Drivers/STM32F1xx_HAL_Driver/Src/stm32f1xx_hal_cortex.o
 .debug_frame   0x0000000000000a4c      0x208 Drivers/STM32F1xx_HAL_Driver/Src/stm32f1xx_hal_dma.o
 .debug_frame   0x0000000000000c54      0x14c Drivers/STM32F1xx_HAL_Driver/Src/stm32f1xx_hal_gpio.o
 .debug_frame   0x0000000000000da0      0x500 Drivers/STM32F1xx_HAL_Driver/Src/stm32f1xx_hal_pcd.o
 .debug_frame   0x00000000000012a0       0xb0 Drivers/STM32F1xx_HAL_Driver/Src/stm32f1xx_hal_pcd_ex.o
 .debug_frame   0x0000000000001350      0x21c Drivers/STM32F1xx_HAL_Driver/Src/stm32f1xx_hal_rcc.o
 .debug_frame   0x000000000000156c       0x84 Drivers/STM32F1xx_HAL_Driver/Src/stm32f1xx_hal_rcc_ex.o
 .debug_frame   0x00000000000015f0      0x834 Drivers/STM32F1xx_HAL_Driver/Src/stm32f1xx_hal_uart.o
 .debug_frame   0x0000000000001e24      0x4d8 Drivers/STM32F1xx_HAL_Driver/Src/stm32f1xx_ll_usb.o
 .debug_frame   0x00000000000022fc      0x248 Middlewares/ST/STM32_USB_Device_Library/Class/CDC/Src/usbd_cdc.o
 .debug_frame   0x0000000000002544      0x300 Middlewares/ST/STM32_USB_Device_Library/Core/Src/usbd_core.o
 .debug_frame   0x0000000000002844      0x218 Middlewares/ST/STM32_USB_Device_Library/Core/Src/usbd_ctlreq.o
 .debug_frame   0x0000000000002a5c      0x10c Middlewares/ST/STM32_USB_Device_Library/Core/Src/usbd_ioreq.o
 .debug_frame   0x0000000000002b68       0x2c USB_DEVICE/App/usb_device.o
 .debug_frame   0x0000000000002b94       0xbc USB_DEVICE/App/usbd_cdc_if.o
 .debug_frame   0x0000000000002c50      0x160 USB_DEVICE/App/usbd_desc.o
 .debug_frame   0x0000000000002db0      0x4a4 USB_DEVICE/Target/usbd_conf.o
 .debug_frame   0x0000000000003254       0x2c /opt/st/stm32cubeide_1.1.0/plugins/com.st.stm32cube.ide.mcu.externaltools.gnu-tools-for-stm32.7-2018-q2-update.linux64_1.0.0.201904181610/tools/bin/../lib/gcc/arm-none-eabi/7.3.1/../../../../arm-none-eabi/lib/thumb/v7-m/libc_nano.a(lib_a-init.o)
 .debug_frame   0x0000000000003280       0x20 /opt/st/stm32cubeide_1.1.0/plugins/com.st.stm32cube.ide.mcu.externaltools.gnu-tools-for-stm32.7-2018-q2-update.linux64_1.0.0.201904181610/tools/bin/../lib/gcc/arm-none-eabi/7.3.1/../../../../arm-none-eabi/lib/thumb/v7-m/libc_nano.a(lib_a-memset.o)
 .debug_frame   0x00000000000032a0       0x2c /opt/st/stm32cubeide_1.1.0/plugins/com.st.stm32cube.ide.mcu.externaltools.gnu-tools-for-stm32.7-2018-q2-update.linux64_1.0.0.201904181610/tools/bin/../lib/gcc/arm-none-eabi/7.3.1/../../../../arm-none-eabi/lib/thumb/v7-m/libc_nano.a(lib_a-strncpy.o)
