main.c:80:6:HAL_UART_RxCpltCallback	16	static
main.c:93:5:main	8	static
main.c:150:6:SystemClock_Config	88	static
main.c:195:13:MX_TIM3_Init	48	static
main.c:256:13:MX_TIM4_Init	48	static
main.c:305:13:MX_USART1_UART_Init	8	static
main.c:338:13:MX_USART2_UART_Init	8	static
main.c:371:13:MX_USART3_UART_Init	8	static
main.c:404:13:MX_GPIO_Init	40	static
main.c:437:6:powertrainInit	8	static
main.c:450:6:powertrainEnableMotors	16	static
main.c:456:6:powertrainSetSpeeds	16	static
main.c:483:6:lidarInit	8	static
main.c:491:6:lidarDecode	40	static
main.c:561:6:Error_Handler	4	static
