main.c:98:6:HAL_UART_RxCpltCallback	16	static
main.c:119:5:main	64	static
main.c:188:6:SystemClock_Config	88	static
main.c:233:13:MX_I2C1_Init	8	static
main.c:267:13:MX_TIM3_Init	48	static
main.c:328:13:MX_TIM4_Init	48	static
main.c:377:13:MX_USART1_UART_Init	8	static
main.c:410:13:MX_USART2_UART_Init	8	static
main.c:443:13:MX_USART3_UART_Init	8	static
main.c:476:13:MX_GPIO_Init	40	static
main.c:509:6:powertrainInit	8	static
main.c:522:6:powertrainEnableMotors	16	static
main.c:528:6:powertrainSetSpeeds	16	static
main.c:555:6:lidarInit	16	static
main.c:566:6:lidarStart	8	static
main.c:573:6:lidarDecode	8	static
main.c:612:6:kvhInit	40	static
main.c:629:6:kvhStart	8	static
main.c:636:6:kvhDecode	16	static
main.c:675:6:gpsInit	8	static
main.c:680:6:gpsStart	8	static
main.c:687:6:gpsDecode	288	static
main.c:781:6:insertSensordataToApi	40	static
main.c:846:6:Error_Handler	4	static
