Archive member included to satisfy reference by file (symbol)

/opt/st/stm32cubeide_1.1.0/plugins/com.st.stm32cube.ide.mcu.externaltools.gnu-tools-for-stm32.7-2018-q2-update.linux64_1.0.0.201904181610/tools/bin/../lib/gcc/arm-none-eabi/7.3.1/../../../../arm-none-eabi/lib/thumb/v7-m/libc_nano.a(lib_a-atof.o)
                              Core/Src/nmeaUtils.o (atof)
/opt/st/stm32cubeide_1.1.0/plugins/com.st.stm32cube.ide.mcu.externaltools.gnu-tools-for-stm32.7-2018-q2-update.linux64_1.0.0.201904181610/tools/bin/../lib/gcc/arm-none-eabi/7.3.1/../../../../arm-none-eabi/lib/thumb/v7-m/libc_nano.a(lib_a-errno.o)
                              Core/Src/syscalls.o (__errno)
/opt/st/stm32cubeide_1.1.0/plugins/com.st.stm32cube.ide.mcu.externaltools.gnu-tools-for-stm32.7-2018-q2-update.linux64_1.0.0.201904181610/tools/bin/../lib/gcc/arm-none-eabi/7.3.1/../../../../arm-none-eabi/lib/thumb/v7-m/libc_nano.a(lib_a-exit.o)
                              /opt/st/stm32cubeide_1.1.0/plugins/com.st.stm32cube.ide.mcu.externaltools.gnu-tools-for-stm32.7-2018-q2-update.linux64_1.0.0.201904181610/tools/bin/../lib/gcc/arm-none-eabi/7.3.1/../../../../arm-none-eabi/lib/thumb/v7-m/crt0.o (exit)
/opt/st/stm32cubeide_1.1.0/plugins/com.st.stm32cube.ide.mcu.externaltools.gnu-tools-for-stm32.7-2018-q2-update.linux64_1.0.0.201904181610/tools/bin/../lib/gcc/arm-none-eabi/7.3.1/../../../../arm-none-eabi/lib/thumb/v7-m/libc_nano.a(lib_a-impure.o)
                              /opt/st/stm32cubeide_1.1.0/plugins/com.st.stm32cube.ide.mcu.externaltools.gnu-tools-for-stm32.7-2018-q2-update.linux64_1.0.0.201904181610/tools/bin/../lib/gcc/arm-none-eabi/7.3.1/../../../../arm-none-eabi/lib/thumb/v7-m/libc_nano.a(lib_a-exit.o) (_global_impure_ptr)
/opt/st/stm32cubeide_1.1.0/plugins/com.st.stm32cube.ide.mcu.externaltools.gnu-tools-for-stm32.7-2018-q2-update.linux64_1.0.0.201904181610/tools/bin/../lib/gcc/arm-none-eabi/7.3.1/../../../../arm-none-eabi/lib/thumb/v7-m/libc_nano.a(lib_a-init.o)
                              /opt/st/stm32cubeide_1.1.0/plugins/com.st.stm32cube.ide.mcu.externaltools.gnu-tools-for-stm32.7-2018-q2-update.linux64_1.0.0.201904181610/tools/bin/../lib/gcc/arm-none-eabi/7.3.1/../../../../arm-none-eabi/lib/thumb/v7-m/crt0.o (__libc_init_array)
/opt/st/stm32cubeide_1.1.0/plugins/com.st.stm32cube.ide.mcu.externaltools.gnu-tools-for-stm32.7-2018-q2-update.linux64_1.0.0.201904181610/tools/bin/../lib/gcc/arm-none-eabi/7.3.1/../../../../arm-none-eabi/lib/thumb/v7-m/libc_nano.a(lib_a-memset.o)
                              /opt/st/stm32cubeide_1.1.0/plugins/com.st.stm32cube.ide.mcu.externaltools.gnu-tools-for-stm32.7-2018-q2-update.linux64_1.0.0.201904181610/tools/bin/../lib/gcc/arm-none-eabi/7.3.1/../../../../arm-none-eabi/lib/thumb/v7-m/crt0.o (memset)
/opt/st/stm32cubeide_1.1.0/plugins/com.st.stm32cube.ide.mcu.externaltools.gnu-tools-for-stm32.7-2018-q2-update.linux64_1.0.0.201904181610/tools/bin/../lib/gcc/arm-none-eabi/7.3.1/../../../../arm-none-eabi/lib/thumb/v7-m/libc_nano.a(lib_a-sprintf.o)
                              Core/Src/api.o (sprintf)
/opt/st/stm32cubeide_1.1.0/plugins/com.st.stm32cube.ide.mcu.externaltools.gnu-tools-for-stm32.7-2018-q2-update.linux64_1.0.0.201904181610/tools/bin/../lib/gcc/arm-none-eabi/7.3.1/../../../../arm-none-eabi/lib/thumb/v7-m/libc_nano.a(lib_a-strcpy.o)
                              Core/Src/nmeaUtils.o (strcpy)
/opt/st/stm32cubeide_1.1.0/plugins/com.st.stm32cube.ide.mcu.externaltools.gnu-tools-for-stm32.7-2018-q2-update.linux64_1.0.0.201904181610/tools/bin/../lib/gcc/arm-none-eabi/7.3.1/../../../../arm-none-eabi/lib/thumb/v7-m/libc_nano.a(lib_a-strlen.o)
                              Core/Src/api.o (strlen)
/opt/st/stm32cubeide_1.1.0/plugins/com.st.stm32cube.ide.mcu.externaltools.gnu-tools-for-stm32.7-2018-q2-update.linux64_1.0.0.201904181610/tools/bin/../lib/gcc/arm-none-eabi/7.3.1/../../../../arm-none-eabi/lib/thumb/v7-m/libc_nano.a(lib_a-strncmp.o)
                              Core/Src/nmeaUtils.o (strncmp)
/opt/st/stm32cubeide_1.1.0/plugins/com.st.stm32cube.ide.mcu.externaltools.gnu-tools-for-stm32.7-2018-q2-update.linux64_1.0.0.201904181610/tools/bin/../lib/gcc/arm-none-eabi/7.3.1/../../../../arm-none-eabi/lib/thumb/v7-m/libc_nano.a(lib_a-strncpy.o)
                              Core/Src/api.o (strncpy)
/opt/st/stm32cubeide_1.1.0/plugins/com.st.stm32cube.ide.mcu.externaltools.gnu-tools-for-stm32.7-2018-q2-update.linux64_1.0.0.201904181610/tools/bin/../lib/gcc/arm-none-eabi/7.3.1/../../../../arm-none-eabi/lib/thumb/v7-m/libc_nano.a(lib_a-strtod.o)
                              /opt/st/stm32cubeide_1.1.0/plugins/com.st.stm32cube.ide.mcu.externaltools.gnu-tools-for-stm32.7-2018-q2-update.linux64_1.0.0.201904181610/tools/bin/../lib/gcc/arm-none-eabi/7.3.1/../../../../arm-none-eabi/lib/thumb/v7-m/libc_nano.a(lib_a-atof.o) (strtod)
[...]
Memory Configuration

Name             Origin             Length             Attributes
RAM              0x0000000020000000 0x0000000000005000 xrw
FLASH            0x0000000008000000 0x0000000000010000 xr
*default*        0x0000000000000000 0xffffffffffffffff

Linker script and memory map

LOAD /opt/st/stm32cubeide_1.1.0/plugins/com.st.stm32cube.ide.mcu.externaltools.gnu-tools-for-stm32.7-2018-q2-update.linux64_1.0.0.201904181610/tools/bin/../lib/gcc/arm-none-eabi/7.3.1/thumb/v7-m/crti.o
LOAD /opt/st/stm32cubeide_1.1.0/plugins/com.st.stm32cube.ide.mcu.externaltools.gnu-tools-for-stm32.7-2018-q2-update.linux64_1.0.0.201904181610/tools/bin/../lib/gcc/arm-none-eabi/7.3.1/thumb/v7-m/crtbegin.o
LOAD /opt/st/stm32cubeide_1.1.0/plugins/com.st.stm32cube.ide.mcu.externaltools.gnu-tools-for-stm32.7-2018-q2-update.linux64_1.0.0.201904181610/tools/bin/../lib/gcc/arm-none-eabi/7.3.1/../../../../arm-none-eabi/lib/thumb/v7-m/crt0.o
LOAD Core/Src/api.o
LOAD Core/Src/main.o
LOAD Core/Src/moveUtils.o
LOAD Core/Src/nmeaUtils.o
LOAD Core/Src/stm32f1xx_hal_msp.o
LOAD Core/Src/stm32f1xx_it.o
LOAD Core/Src/syscalls.o
LOAD Core/Src/sysmem.o
LOAD Core/Src/system_stm32f1xx.o
LOAD Core/Startup/startup_stm32f103c8tx.o
LOAD Drivers/STM32F1xx_HAL_Driver/Src/stm32f1xx_hal.o
LOAD Drivers/STM32F1xx_HAL_Driver/Src/stm32f1xx_hal_cortex.o
LOAD Drivers/STM32F1xx_HAL_Driver/Src/stm32f1xx_hal_dma.o
LOAD Drivers/STM32F1xx_HAL_Driver/Src/stm32f1xx_hal_exti.o
LOAD Drivers/STM32F1xx_HAL_Driver/Src/stm32f1xx_hal_flash.o
LOAD Drivers/STM32F1xx_HAL_Driver/Src/stm32f1xx_hal_flash_ex.o
LOAD Drivers/STM32F1xx_HAL_Driver/Src/stm32f1xx_hal_gpio.o
LOAD Drivers/STM32F1xx_HAL_Driver/Src/stm32f1xx_hal_gpio_ex.o
LOAD Drivers/STM32F1xx_HAL_Driver/Src/stm32f1xx_hal_i2c.o
LOAD Drivers/STM32F1xx_HAL_Driver/Src/stm32f1xx_hal_pcd.o
LOAD Drivers/STM32F1xx_HAL_Driver/Src/stm32f1xx_hal_pcd_ex.o
LOAD Drivers/STM32F1xx_HAL_Driver/Src/stm32f1xx_hal_pwr.o
LOAD Drivers/STM32F1xx_HAL_Driver/Src/stm32f1xx_hal_rcc.o
LOAD Drivers/STM32F1xx_HAL_Driver/Src/stm32f1xx_hal_rcc_ex.o
LOAD Drivers/STM32F1xx_HAL_Driver/Src/stm32f1xx_hal_tim.o
LOAD Drivers/STM32F1xx_HAL_Driver/Src/stm32f1xx_hal_tim_ex.o
LOAD Drivers/STM32F1xx_HAL_Driver/Src/stm32f1xx_hal_uart.o
LOAD Drivers/STM32F1xx_HAL_Driver/Src/stm32f1xx_ll_usb.o
LOAD Middlewares/ST/STM32_USB_Device_Library/Class/CDC/Src/usbd_cdc.o
LOAD Middlewares/ST/STM32_USB_Device_Library/Core/Src/usbd_core.o
LOAD Middlewares/ST/STM32_USB_Device_Library/Core/Src/usbd_ctlreq.o
LOAD Middlewares/ST/STM32_USB_Device_Library/Core/Src/usbd_ioreq.o
LOAD USB_DEVICE/App/usb_device.o
LOAD USB_DEVICE/App/usbd_cdc_if.o
LOAD USB_DEVICE/App/usbd_desc.o
LOAD USB_DEVICE/Target/usbd_conf.o
START GROUP
LOAD /opt/st/stm32cubeide_1.1.0/plugins/com.st.stm32cube.ide.mcu.externaltools.gnu-tools-for-stm32.7-2018-q2-update.linux64_1.0.0.201904181610/tools/bin/../lib/gcc/arm-none-eabi/7.3.1/../../../../arm-none-eabi/lib/thumb/v7-m/libc_nano.a
LOAD /opt/st/stm32cubeide_1.1.0/plugins/com.st.stm32cube.ide.mcu.externaltools.gnu-tools-for-stm32.7-2018-q2-update.linux64_1.0.0.201904181610/tools/bin/../lib/gcc/arm-none-eabi/7.3.1/../../../../arm-none-eabi/lib/thumb/v7-m/libm.a
END GROUP
START GROUP
LOAD /opt/st/stm32cubeide_1.1.0/plugins/com.st.stm32cube.ide.mcu.externaltools.gnu-tools-for-stm32.7-2018-q2-update.linux64_1.0.0.201904181610/tools/bin/../lib/gcc/arm-none-eabi/7.3.1/thumb/v7-m/libgcc.a
LOAD /opt/st/stm32cubeide_1.1.0/plugins/com.st.stm32cube.ide.mcu.externaltools.gnu-tools-for-stm32.7-2018-q2-update.linux64_1.0.0.201904181610/tools/bin/../lib/gcc/arm-none-eabi/7.3.1/../../../../arm-none-eabi/lib/thumb/v7-m/libc_nano.a
END GROUP
START GROUP
LOAD /opt/st/stm32cubeide_1.1.0/plugins/com.st.stm32cube.ide.mcu.externaltools.gnu-tools-for-stm32.7-2018-q2-update.linux64_1.0.0.201904181610/tools/bin/../lib/gcc/arm-none-eabi/7.3.1/thumb/v7-m/libgcc.a
LOAD /opt/st/stm32cubeide_1.1.0/plugins/com.st.stm32cube.ide.mcu.externaltools.gnu-tools-for-stm32.7-2018-q2-update.linux64_1.0.0.201904181610/tools/bin/../lib/gcc/arm-none-eabi/7.3.1/../../../../arm-none-eabi/lib/thumb/v7-m/libc_nano.a
LOAD /opt/st/stm32cubeide_1.1.0/plugins/com.st.stm32cube.ide.mcu.externaltools.gnu-tools-for-stm32.7-2018-q2-update.linux64_1.0.0.201904181610/tools/bin/../lib/gcc/arm-none-eabi/7.3.1/../../../../arm-none-eabi/lib/thumb/v7-m/libnosys.a
END GROUP
START GROUP
LOAD /opt/st/stm32cubeide_1.1.0/plugins/com.st.stm32cube.ide.mcu.externaltools.gnu-tools-for-stm32.7-2018-q2-update.linux64_1.0.0.201904181610/tools/bin/../lib/gcc/arm-none-eabi/7.3.1/thumb/v7-m/libgcc.a
LOAD /opt/st/stm32cubeide_1.1.0/plugins/com.st.stm32cube.ide.mcu.externaltools.gnu-tools-for-stm32.7-2018-q2-update.linux64_1.0.0.201904181610/tools/bin/../lib/gcc/arm-none-eabi/7.3.1/../../../../arm-none-eabi/lib/thumb/v7-m/libc_nano.a
LOAD /opt/st/stm32cubeide_1.1.0/plugins/com.st.stm32cube.ide.mcu.externaltools.gnu-tools-for-stm32.7-2018-q2-update.linux64_1.0.0.201904181610/tools/bin/../lib/gcc/arm-none-eabi/7.3.1/../../../../arm-none-eabi/lib/thumb/v7-m/libnosys.a
END GROUP
LOAD /opt/st/stm32cubeide_1.1.0/plugins/com.st.stm32cube.ide.mcu.externaltools.gnu-tools-for-stm32.7-2018-q2-update.linux64_1.0.0.201904181610/tools/bin/../lib/gcc/arm-none-eabi/7.3.1/thumb/v7-m/crtend.o
LOAD /opt/st/stm32cubeide_1.1.0/plugins/com.st.stm32cube.ide.mcu.externaltools.gnu-tools-for-stm32.7-2018-q2-update.linux64_1.0.0.201904181610/tools/bin/../lib/gcc/arm-none-eabi/7.3.1/thumb/v7-m/crtn.o
                0x0000000020005000                _estack = (ORIGIN (RAM) + LENGTH (RAM))
                0x0000000000000600                _Min_Heap_Size = 0x600
                0x0000000000000400                _Min_Stack_Size = 0x400

.isr_vector     0x0000000008000000      0x10c
                0x0000000008000000                . = ALIGN (0x4)
 *(.isr_vector)
 .isr_vector    0x0000000008000000      0x10c Core/Startup/startup_stm32f103c8tx.o
                0x0000000008000000                g_pfnVectors
                0x000000000800010c                . = ALIGN (0x4)

.text           0x0000000008000110     0xa8dc
                0x0000000008000110                . = ALIGN (0x4)
 *(.text)
 .text          0x0000000008000110       0x40 /opt/st/stm32cubeide_1.1.0/plugins/com.st.stm32cube.ide.mcu.externaltools.gnu-tools-for-stm32.7-2018-q2-update.linux64_1.0.0.201904181610/tools/bin/../lib/gcc/arm-none-eabi/7.3.1/thumb/v7-m/crtbegin.o
 .text          0x0000000008000150       0x10 /opt/st/stm32cubeide_1.1.0/plugins/com.st.stm32cube.ide.mcu.externaltools.gnu-tools-for-stm32.7-2018-q2-update.linux64_1.0.0.201904181610/tools/bin/../lib/gcc/arm-none-eabi/7.3.1/../../../../arm-none-eabi/lib/thumb/v7-m/libc_nano.a(lib_a-strlen.o)
                0x0000000008000150                strlen
 .text          0x0000000008000160      0x378 /opt/st/stm32cubeide_1.1.0/plugins/com.st.stm32cube.ide.mcu.externaltools.gnu-tools-for-stm32.7-2018-q2-update.linux64_1.0.0.201904181610/tools/bin/../lib/gcc/arm-none-eabi/7.3.1/thumb/v7-m/libgcc.a(_arm_addsubdf3.o)
                0x0000000008000160                __aeabi_drsub
                0x0000000008000168                __aeabi_dsub
                0x0000000008000168                __subdf3
                0x000000000800016c                __adddf3
                0x000000000800016c                __aeabi_dadd
                0x00000000080003e4                __aeabi_ui2d
                0x00000000080003e4                __floatunsidf
                0x0000000008000404                __floatsidf
                0x0000000008000404                __aeabi_i2d
                0x0000000008000428                __extendsfdf2
                0x0000000008000428                __aeabi_f2d
                0x000000000800046c                __aeabi_ul2d
                0x000000000800046c                __floatundidf
                0x000000000800047c                __floatdidf
                0x000000000800047c                __aeabi_l2d
 .text          0x00000000080004d8      0x424 /opt/st/stm32cubeide_1.1.0/plugins/com.st.stm32cube.ide.mcu.externaltools.gnu-tools-for-stm32.7-2018-q2-update.linux64_1.0.0.201904181610/tools/bin/../lib/gcc/arm-none-eabi/7.3.1/thumb/v7-m/libgcc.a(_arm_muldivdf3.o)
                0x00000000080004d8                __aeabi_dmul
                0x00000000080004d8                __muldf3
                0x000000000800072c                __aeabi_ddiv
                0x000000000800072c                __divdf3
 .text          0x00000000080008fc      0x110 /opt/st/stm32cubeide_1.1.0/plugins/com.st.stm32cube.ide.mcu.externaltools.gnu-tools-for-stm32.7-2018-q2-update.linux64_1.0.0.201904181610/tools/bin/../lib/gcc/arm-none-eabi/7.3.1/thumb/v7-m/libgcc.a(_arm_cmpdf2.o)
                0x00000000080008fc                __gtdf2
                0x00000000080008fc                __gedf2
                0x0000000008000904                __ltdf2
                0x0000000008000904                __ledf2
                0x000000000800090c                __cmpdf2
                0x000000000800090c                __eqdf2
                0x000000000800090c                __nedf2
                0x0000000008000988                __aeabi_cdrcmple
                0x0000000008000998                __aeabi_cdcmple
                0x0000000008000998                __aeabi_cdcmpeq
                0x00000000080009a8                __aeabi_dcmpeq
                0x00000000080009bc                __aeabi_dcmplt
                0x00000000080009d0                __aeabi_dcmple
                0x00000000080009e4                __aeabi_dcmpge
                0x00000000080009f8                __aeabi_dcmpgt
 .text          0x0000000008000a0c       0x50 /opt/st/stm32cubeide_1.1.0/plugins/com.st.stm32cube.ide.mcu.externaltools.gnu-tools-for-stm32.7-2018-q2-update.linux64_1.0.0.201904181610/tools/bin/../lib/gcc/arm-none-eabi/7.3.1/thumb/v7-m/libgcc.a(_arm_fixdfsi.o)
                0x0000000008000a0c                __fixdfsi
                0x0000000008000a0c                __aeabi_d2iz
 .text          0x0000000008000a5c       0x40 /opt/st/stm32cubeide_1.1.0/plugins/com.st.stm32cube.ide.mcu.externaltools.gnu-tools-for-stm32.7-2018-q2-update.linux64_1.0.0.201904181610/tools/bin/../lib/gcc/arm-none-eabi/7.3.1/thumb/v7-m/libgcc.a(_arm_fixunsdfsi.o)
                0x0000000008000a5c                __fixunsdfsi
                0x0000000008000a5c                __aeabi_d2uiz
 .text          0x0000000008000a9c       0xa0 /opt/st/stm32cubeide_1.1.0/plugins/com.st.stm32cube.ide.mcu.externaltools.gnu-tools-for-stm32.7-2018-q2-update.linux64_1.0.0.201904181610/tools/bin/../lib/gcc/arm-none-eabi/7.3.1/thumb/v7-m/libgcc.a(_arm_truncdfsf2.o)
                0x0000000008000a9c                __aeabi_d2f
                0x0000000008000a9c                __truncdfsf2
 *(.text*)
 .text.apiInit  0x0000000008000b3c       0x54 Core/Src/api.o
                0x0000000008000b3c                apiInit
 .text.apiSetInstruction
                0x0000000008000b90       0x3c Core/Src/api.o
                0x0000000008000b90                apiSetInstruction
 .text.apiUpdate
                0x0000000008000bcc      0x198 Core/Src/api.o
                0x0000000008000bcc                apiUpdate
 .text.isApiAddressValid
                0x0000000008000d64       0x26 Core/Src/api.o
                0x0000000008000d64                isApiAddressValid
 *fill*         0x0000000008000d8a        0x2 
 .text.apiWrite16
                0x0000000008000d8c       0x38 Core/Src/api.o
                0x0000000008000d8c                apiWrite16
 .text.apiWrite32
                0x0000000008000dc4       0x34 Core/Src/api.o
                0x0000000008000dc4                apiWrite32
 .text.apiRead32
                0x0000000008000df8       0x34 Core/Src/api.o
                0x0000000008000df8                apiRead32
 .text.apiWriteFloat
                0x0000000008000e2c       0x34 Core/Src/api.o
                0x0000000008000e2c                apiWriteFloat
 .text.apiReadFloat
                0x0000000008000e60       0x38 Core/Src/api.o
                0x0000000008000e60                apiReadFloat
 .text.HAL_UART_RxCpltCallback
                0x0000000008000e98       0x4c Core/Src/main.o
                0x0000000008000e98                HAL_UART_RxCpltCallback
 .text.main     0x0000000008000ee4       0xec Core/Src/main.o
                0x0000000008000ee4                main
 .text.SystemClock_Config
                0x0000000008000fd0       0xb4 Core/Src/main.o
                0x0000000008000fd0                SystemClock_Config
 .text.MX_I2C1_Init
                0x0000000008001084       0x5c Core/Src/main.o
 .text.MX_TIM3_Init
                0x00000000080010e0       0xf4 Core/Src/main.o
 .text.MX_TIM4_Init
                0x00000000080011d4       0xb4 Core/Src/main.o
 .text.MX_USART1_UART_Init
                0x0000000008001288       0x54 Core/Src/main.o
 .text.MX_USART2_UART_Init
                0x00000000080012dc       0x54 Core/Src/main.o
 .text.MX_USART3_UART_Init
                0x0000000008001330       0x54 Core/Src/main.o
 .text.MX_GPIO_Init
                0x0000000008001384       0x94 Core/Src/main.o
 .text.powertrainInit
                0x0000000008001418       0x3c Core/Src/main.o
                0x0000000008001418                powertrainInit
 .text.powertrainEnableMotors
                0x0000000008001454       0x30 Core/Src/main.o
                0x0000000008001454                powertrainEnableMotors
 .text.powertrainSetSpeeds
                0x0000000008001484       0x8c Core/Src/main.o
                0x0000000008001484                powertrainSetSpeeds
 .text.kvhInit  0x0000000008001510       0xd0 Core/Src/main.o
                0x0000000008001510                kvhInit
 .text.kvhFetch
                0x00000000080015e0       0x5c Core/Src/main.o
                0x00000000080015e0                kvhFetch
 .text.kvhDecode
                0x000000000800163c       0x38 Core/Src/main.o
                0x000000000800163c                kvhDecode
 .text.gpsInit  0x0000000008001674       0x24 Core/Src/main.o
                0x0000000008001674                gpsInit
 .text.gpsFetch
                0x0000000008001698       0x5c Core/Src/main.o
                0x0000000008001698                gpsFetch
 .text.gpsDecode
                0x00000000080016f4       0x3c Core/Src/main.o
                0x00000000080016f4                gpsDecode
 .text.insertSensordataToApi
                0x0000000008001730       0x10 Core/Src/main.o
                0x0000000008001730                insertSensordataToApi
 .text.Error_Handler
                0x0000000008001740        0xc Core/Src/main.o
                0x0000000008001740                Error_Handler
 .text.moveHeading
                0x000000000800174c      0x128 Core/Src/moveUtils.o
                0x000000000800174c                moveHeading
 .text.nmeaDecodeToApi
                0x0000000008001874       0xa4 Core/Src/nmeaUtils.o
                0x0000000008001874                nmeaDecodeToApi
 .text.hchdtToApi
                0x0000000008001918       0x5c Core/Src/nmeaUtils.o
                0x0000000008001918                hchdtToApi
 .text.gprmcToApi
                0x0000000008001974      0x260 Core/Src/nmeaUtils.o
                0x0000000008001974                gprmcToApi
 .text.HAL_MspInit
                0x0000000008001bd4       0x64 Core/Src/stm32f1xx_hal_msp.o
                0x0000000008001bd4                HAL_MspInit
 .text.HAL_I2C_MspInit
                0x0000000008001c38       0x7c Core/Src/stm32f1xx_hal_msp.o
                0x0000000008001c38                HAL_I2C_MspInit
 .text.HAL_TIM_PWM_MspInit
                0x0000000008001cb4       0x64 Core/Src/stm32f1xx_hal_msp.o
                0x0000000008001cb4                HAL_TIM_PWM_MspInit
 .text.HAL_TIM_MspPostInit
                0x0000000008001d18       0xdc Core/Src/stm32f1xx_hal_msp.o
                0x0000000008001d18                HAL_TIM_MspPostInit
 .text.HAL_UART_MspInit
                0x0000000008001df4      0x1b0 Core/Src/stm32f1xx_hal_msp.o
                0x0000000008001df4                HAL_UART_MspInit
 .text.NMI_Handler
                0x0000000008001fa4        0xc Core/Src/stm32f1xx_it.o
                0x0000000008001fa4                NMI_Handler
 .text.HardFault_Handler
                0x0000000008001fb0        0x6 Core/Src/stm32f1xx_it.o
                0x0000000008001fb0                HardFault_Handler
 .text.MemManage_Handler
                0x0000000008001fb6        0x6 Core/Src/stm32f1xx_it.o
                0x0000000008001fb6                MemManage_Handler
 .text.BusFault_Handler
                0x0000000008001fbc        0x6 Core/Src/stm32f1xx_it.o
                0x0000000008001fbc                BusFault_Handler
 .text.UsageFault_Handler
                0x0000000008001fc2        0x6 Core/Src/stm32f1xx_it.o
                0x0000000008001fc2                UsageFault_Handler
 .text.SVC_Handler
                0x0000000008001fc8        0xc Core/Src/stm32f1xx_it.o
                0x0000000008001fc8                SVC_Handler
 .text.DebugMon_Handler
                0x0000000008001fd4        0xc Core/Src/stm32f1xx_it.o
                0x0000000008001fd4                DebugMon_Handler
 .text.PendSV_Handler
                0x0000000008001fe0        0xc Core/Src/stm32f1xx_it.o
                0x0000000008001fe0                PendSV_Handler
 .text.SysTick_Handler
                0x0000000008001fec        0xc Core/Src/stm32f1xx_it.o
                0x0000000008001fec                SysTick_Handler
 .text.USB_LP_CAN1_RX0_IRQHandler
                0x0000000008001ff8       0x14 Core/Src/stm32f1xx_it.o
                0x0000000008001ff8                USB_LP_CAN1_RX0_IRQHandler
 .text.USART1_IRQHandler
                0x000000000800200c       0x14 Core/Src/stm32f1xx_it.o
                0x000000000800200c                USART1_IRQHandler
 .text.USART2_IRQHandler
                0x0000000008002020       0x14 Core/Src/stm32f1xx_it.o
                0x0000000008002020                USART2_IRQHandler
 .text.USART3_IRQHandler
                0x0000000008002034       0x14 Core/Src/stm32f1xx_it.o
                0x0000000008002034                USART3_IRQHandler
 .text._sbrk    0x0000000008002048       0x58 Core/Src/sysmem.o
                0x0000000008002048                _sbrk
 .text.SystemInit
                0x00000000080020a0       0x68 Core/Src/system_stm32f1xx.o
                0x00000000080020a0                SystemInit
 .text.Reset_Handler
                0x0000000008002108       0x48 Core/Startup/startup_stm32f103c8tx.o
                0x0000000008002108                Reset_Handler
 .text.Default_Handler
                0x0000000008002150        0x2 Core/Startup/startup_stm32f103c8tx.o
                0x0000000008002150                RTC_Alarm_IRQHandler
                0x0000000008002150                EXTI2_IRQHandler
                0x0000000008002150                TIM1_CC_IRQHandler
                0x0000000008002150                PVD_IRQHandler
                0x0000000008002150                EXTI3_IRQHandler
                0x0000000008002150                EXTI0_IRQHandler
                0x0000000008002150                I2C2_EV_IRQHandler
                0x0000000008002150                ADC1_2_IRQHandler
                0x0000000008002150                SPI1_IRQHandler
                0x0000000008002150                TAMPER_IRQHandler
                0x0000000008002150                DMA1_Channel4_IRQHandler
                0x0000000008002150                RTC_IRQHandler
                0x0000000008002150                DMA1_Channel7_IRQHandler
                0x0000000008002150                CAN1_RX1_IRQHandler
                0x0000000008002150                TIM4_IRQHandler
                0x0000000008002150                I2C1_EV_IRQHandler
                0x0000000008002150                DMA1_Channel6_IRQHandler
                0x0000000008002150                TIM3_IRQHandler
                0x0000000008002150                RCC_IRQHandler
                0x0000000008002150                TIM1_TRG_COM_IRQHandler
                0x0000000008002150                DMA1_Channel1_IRQHandler
                0x0000000008002150                Default_Handler
                0x0000000008002150                EXTI15_10_IRQHandler
                0x0000000008002150                EXTI9_5_IRQHandler
                0x0000000008002150                SPI2_IRQHandler
                0x0000000008002150                DMA1_Channel5_IRQHandler
                0x0000000008002150                EXTI4_IRQHandler
                0x0000000008002150                USB_HP_CAN1_TX_IRQHandler
                0x0000000008002150                DMA1_Channel3_IRQHandler
                0x0000000008002150                TIM1_UP_IRQHandler
                0x0000000008002150                WWDG_IRQHandler
                0x0000000008002150                TIM2_IRQHandler
                0x0000000008002150                TIM1_BRK_IRQHandler
                0x0000000008002150                EXTI1_IRQHandler
                0x0000000008002150                I2C2_ER_IRQHandler
                0x0000000008002150                DMA1_Channel2_IRQHandler
                0x0000000008002150                CAN1_SCE_IRQHandler
                0x0000000008002150                FLASH_IRQHandler
                0x0000000008002150                I2C1_ER_IRQHandler
                0x0000000008002150                USBWakeUp_IRQHandler
 *fill*         0x0000000008002152        0x2 
 .text.HAL_Init
                0x0000000008002154       0x2c Drivers/STM32F1xx_HAL_Driver/Src/stm32f1xx_hal.o
                0x0000000008002154                HAL_Init
 .text.HAL_InitTick
                0x0000000008002180       0x60 Drivers/STM32F1xx_HAL_Driver/Src/stm32f1xx_hal.o
                0x0000000008002180                HAL_InitTick
 .text.HAL_IncTick
                0x00000000080021e0       0x24 Drivers/STM32F1xx_HAL_Driver/Src/stm32f1xx_hal.o
                0x00000000080021e0                HAL_IncTick
 .text.HAL_GetTick
                0x0000000008002204       0x14 Drivers/STM32F1xx_HAL_Driver/Src/stm32f1xx_hal.o
                0x0000000008002204                HAL_GetTick
 .text.HAL_Delay
                0x0000000008002218       0x44 Drivers/STM32F1xx_HAL_Driver/Src/stm32f1xx_hal.o
                0x0000000008002218                HAL_Delay
 .text.__NVIC_SetPriorityGrouping
                0x000000000800225c       0x48 Drivers/STM32F1xx_HAL_Driver/Src/stm32f1xx_hal_cortex.o
 .text.__NVIC_GetPriorityGrouping
                0x00000000080022a4       0x1c Drivers/STM32F1xx_HAL_Driver/Src/stm32f1xx_hal_cortex.o
 .text.__NVIC_EnableIRQ
                0x00000000080022c0       0x38 Drivers/STM32F1xx_HAL_Driver/Src/stm32f1xx_hal_cortex.o
 .text.__NVIC_SetPriority
                0x00000000080022f8       0x54 Drivers/STM32F1xx_HAL_Driver/Src/stm32f1xx_hal_cortex.o
 .text.NVIC_EncodePriority
                0x000000000800234c       0x64 Drivers/STM32F1xx_HAL_Driver/Src/stm32f1xx_hal_cortex.o
 .text.SysTick_Config
                0x00000000080023b0       0x44 Drivers/STM32F1xx_HAL_Driver/Src/stm32f1xx_hal_cortex.o
 .text.HAL_NVIC_SetPriorityGrouping
                0x00000000080023f4       0x16 Drivers/STM32F1xx_HAL_Driver/Src/stm32f1xx_hal_cortex.o
                0x00000000080023f4                HAL_NVIC_SetPriorityGrouping
 .text.HAL_NVIC_SetPriority
                0x000000000800240a       0x38 Drivers/STM32F1xx_HAL_Driver/Src/stm32f1xx_hal_cortex.o
                0x000000000800240a                HAL_NVIC_SetPriority
 .text.HAL_NVIC_EnableIRQ
                0x0000000008002442       0x1c Drivers/STM32F1xx_HAL_Driver/Src/stm32f1xx_hal_cortex.o
                0x0000000008002442                HAL_NVIC_EnableIRQ
 .text.HAL_SYSTICK_Config
                0x000000000800245e       0x18 Drivers/STM32F1xx_HAL_Driver/Src/stm32f1xx_hal_cortex.o
                0x000000000800245e                HAL_SYSTICK_Config
 *fill*         0x0000000008002476        0x2 
 .text.HAL_DMA_Abort_IT
                0x0000000008002478       0xec Drivers/STM32F1xx_HAL_Driver/Src/stm32f1xx_hal_dma.o
                0x0000000008002478                HAL_DMA_Abort_IT
 .text.HAL_GPIO_Init
                0x0000000008002564      0x2b4 Drivers/STM32F1xx_HAL_Driver/Src/stm32f1xx_hal_gpio.o
                0x0000000008002564                HAL_GPIO_Init
 .text.HAL_GPIO_WritePin
                0x0000000008002818       0x30 Drivers/STM32F1xx_HAL_Driver/Src/stm32f1xx_hal_gpio.o
                0x0000000008002818                HAL_GPIO_WritePin
 .text.HAL_I2C_Init
                0x0000000008002848      0x250 Drivers/STM32F1xx_HAL_Driver/Src/stm32f1xx_hal_i2c.o
                0x0000000008002848                HAL_I2C_Init
 .text.HAL_PCD_Init
                0x0000000008002a98      0x1c2 Drivers/STM32F1xx_HAL_Driver/Src/stm32f1xx_hal_pcd.o
                0x0000000008002a98                HAL_PCD_Init
 .text.HAL_PCD_Start
                0x0000000008002c5a       0x4c Drivers/STM32F1xx_HAL_Driver/Src/stm32f1xx_hal_pcd.o
                0x0000000008002c5a                HAL_PCD_Start
 .text.HAL_PCD_IRQHandler
                0x0000000008002ca6      0x21c Drivers/STM32F1xx_HAL_Driver/Src/stm32f1xx_hal_pcd.o
                0x0000000008002ca6                HAL_PCD_IRQHandler
 .text.HAL_PCD_SetAddress
                0x0000000008002ec2       0x4a Drivers/STM32F1xx_HAL_Driver/Src/stm32f1xx_hal_pcd.o
                0x0000000008002ec2                HAL_PCD_SetAddress
 .text.HAL_PCD_EP_Open
                0x0000000008002f0c       0xc0 Drivers/STM32F1xx_HAL_Driver/Src/stm32f1xx_hal_pcd.o
                0x0000000008002f0c                HAL_PCD_EP_Open
 .text.HAL_PCD_EP_Close
                0x0000000008002fcc       0x84 Drivers/STM32F1xx_HAL_Driver/Src/stm32f1xx_hal_pcd.o
                0x0000000008002fcc                HAL_PCD_EP_Close
 .text.HAL_PCD_EP_Receive
                0x0000000008003050       0x74 Drivers/STM32F1xx_HAL_Driver/Src/stm32f1xx_hal_pcd.o
                0x0000000008003050                HAL_PCD_EP_Receive
 .text.HAL_PCD_EP_GetRxCount
                0x00000000080030c4       0x28 Drivers/STM32F1xx_HAL_Driver/Src/stm32f1xx_hal_pcd.o
                0x00000000080030c4                HAL_PCD_EP_GetRxCount
 .text.HAL_PCD_EP_Transmit
                0x00000000080030ec       0x72 Drivers/STM32F1xx_HAL_Driver/Src/stm32f1xx_hal_pcd.o
                0x00000000080030ec                HAL_PCD_EP_Transmit
 .text.HAL_PCD_EP_SetStall
                0x000000000800315e       0xb4 Drivers/STM32F1xx_HAL_Driver/Src/stm32f1xx_hal_pcd.o
                0x000000000800315e                HAL_PCD_EP_SetStall
 .text.HAL_PCD_EP_ClrStall
                0x0000000008003212       0x9c Drivers/STM32F1xx_HAL_Driver/Src/stm32f1xx_hal_pcd.o
                0x0000000008003212                HAL_PCD_EP_ClrStall
 *fill*         0x00000000080032ae        0x2 
 .text.PCD_EP_ISR_Handler
                0x00000000080032b0      0x534 Drivers/STM32F1xx_HAL_Driver/Src/stm32f1xx_hal_pcd.o
 .text.HAL_PCDEx_PMAConfig
                0x00000000080037e4       0x78 Drivers/STM32F1xx_HAL_Driver/Src/stm32f1xx_hal_pcd_ex.o
                0x00000000080037e4                HAL_PCDEx_PMAConfig
 .text.HAL_RCC_OscConfig
                0x000000000800385c      0x500 Drivers/STM32F1xx_HAL_Driver/Src/stm32f1xx_hal_rcc.o
                0x000000000800385c                HAL_RCC_OscConfig
 .text.HAL_RCC_ClockConfig
                0x0000000008003d5c      0x1d4 Drivers/STM32F1xx_HAL_Driver/Src/stm32f1xx_hal_rcc.o
                0x0000000008003d5c                HAL_RCC_ClockConfig
 .text.HAL_RCC_GetSysClockFreq
                0x0000000008003f30       0xc4 Drivers/STM32F1xx_HAL_Driver/Src/stm32f1xx_hal_rcc.o
                0x0000000008003f30                HAL_RCC_GetSysClockFreq
 .text.HAL_RCC_GetHCLKFreq
                0x0000000008003ff4       0x14 Drivers/STM32F1xx_HAL_Driver/Src/stm32f1xx_hal_rcc.o
                0x0000000008003ff4                HAL_RCC_GetHCLKFreq
 .text.HAL_RCC_GetPCLK1Freq
                0x0000000008004008       0x28 Drivers/STM32F1xx_HAL_Driver/Src/stm32f1xx_hal_rcc.o
                0x0000000008004008                HAL_RCC_GetPCLK1Freq
 .text.HAL_RCC_GetPCLK2Freq
                0x0000000008004030       0x28 Drivers/STM32F1xx_HAL_Driver/Src/stm32f1xx_hal_rcc.o
                0x0000000008004030                HAL_RCC_GetPCLK2Freq
 .text.RCC_Delay
                0x0000000008004058       0x3c Drivers/STM32F1xx_HAL_Driver/Src/stm32f1xx_hal_rcc.o
 .text.HAL_RCCEx_PeriphCLKConfig
                0x0000000008004094      0x16c Drivers/STM32F1xx_HAL_Driver/Src/stm32f1xx_hal_rcc_ex.o
                0x0000000008004094                HAL_RCCEx_PeriphCLKConfig
 .text.HAL_TIM_PWM_Init
                0x0000000008004200       0x56 Drivers/STM32F1xx_HAL_Driver/Src/stm32f1xx_hal_tim.o
                0x0000000008004200                HAL_TIM_PWM_Init
 *fill*         0x0000000008004256        0x2 
 .text.HAL_TIM_PWM_Start
                0x0000000008004258       0x64 Drivers/STM32F1xx_HAL_Driver/Src/stm32f1xx_hal_tim.o
                0x0000000008004258                HAL_TIM_PWM_Start
 .text.HAL_TIM_PWM_ConfigChannel
                0x00000000080042bc      0x18c Drivers/STM32F1xx_HAL_Driver/Src/stm32f1xx_hal_tim.o
                0x00000000080042bc                HAL_TIM_PWM_ConfigChannel
 .text.TIM_Base_SetConfig
                0x0000000008004448       0xc4 Drivers/STM32F1xx_HAL_Driver/Src/stm32f1xx_hal_tim.o
                0x0000000008004448                TIM_Base_SetConfig
 .text.TIM_OC1_SetConfig
                0x000000000800450c       0xcc Drivers/STM32F1xx_HAL_Driver/Src/stm32f1xx_hal_tim.o
 .text.TIM_OC2_SetConfig
                0x00000000080045d8       0xd4 Drivers/STM32F1xx_HAL_Driver/Src/stm32f1xx_hal_tim.o
                0x00000000080045d8                TIM_OC2_SetConfig
 .text.TIM_OC3_SetConfig
                0x00000000080046ac       0xd4 Drivers/STM32F1xx_HAL_Driver/Src/stm32f1xx_hal_tim.o
 .text.TIM_OC4_SetConfig
                0x0000000008004780       0x9c Drivers/STM32F1xx_HAL_Driver/Src/stm32f1xx_hal_tim.o
 .text.TIM_CCxChannelCmd
                0x000000000800481c       0x48 Drivers/STM32F1xx_HAL_Driver/Src/stm32f1xx_hal_tim.o
                0x000000000800481c                TIM_CCxChannelCmd
 .text.HAL_TIMEx_MasterConfigSynchronization
                0x0000000008004864       0x88 Drivers/STM32F1xx_HAL_Driver/Src/stm32f1xx_hal_tim_ex.o
                0x0000000008004864                HAL_TIMEx_MasterConfigSynchronization
 .text.HAL_UART_Init
                0x00000000080048ec       0x9a Drivers/STM32F1xx_HAL_Driver/Src/stm32f1xx_hal_uart.o
                0x00000000080048ec                HAL_UART_Init
 .text.HAL_UART_Transmit
                0x0000000008004986      0x132 Drivers/STM32F1xx_HAL_Driver/Src/stm32f1xx_hal_uart.o
                0x0000000008004986                HAL_UART_Transmit
 .text.HAL_UART_Receive_IT
                0x0000000008004ab8       0xa8 Drivers/STM32F1xx_HAL_Driver/Src/stm32f1xx_hal_uart.o
                0x0000000008004ab8                HAL_UART_Receive_IT
 .text.HAL_UART_IRQHandler
                0x0000000008004b60      0x1f8 Drivers/STM32F1xx_HAL_Driver/Src/stm32f1xx_hal_uart.o
                0x0000000008004b60                HAL_UART_IRQHandler
 .text.HAL_UART_TxCpltCallback
                0x0000000008004d58       0x12 Drivers/STM32F1xx_HAL_Driver/Src/stm32f1xx_hal_uart.o
                0x0000000008004d58                HAL_UART_TxCpltCallback
 .text.HAL_UART_ErrorCallback
                0x0000000008004d6a       0x12 Drivers/STM32F1xx_HAL_Driver/Src/stm32f1xx_hal_uart.o
                0x0000000008004d6a                HAL_UART_ErrorCallback
 .text.UART_WaitOnFlagUntilTimeout
                0x0000000008004d7c       0x94 Drivers/STM32F1xx_HAL_Driver/Src/stm32f1xx_hal_uart.o
 .text.UART_EndRxTransfer
                0x0000000008004e10       0x3a Drivers/STM32F1xx_HAL_Driver/Src/stm32f1xx_hal_uart.o
 .text.UART_DMAAbortOnError
                0x0000000008004e4a       0x28 Drivers/STM32F1xx_HAL_Driver/Src/stm32f1xx_hal_uart.o
 .text.UART_Transmit_IT
                0x0000000008004e72       0xaa Drivers/STM32F1xx_HAL_Driver/Src/stm32f1xx_hal_uart.o
 .text.UART_EndTransmit_IT
                0x0000000008004f1c       0x30 Drivers/STM32F1xx_HAL_Driver/Src/stm32f1xx_hal_uart.o
 .text.UART_Receive_IT
                0x0000000008004f4c      0x102 Drivers/STM32F1xx_HAL_Driver/Src/stm32f1xx_hal_uart.o
 *fill*         0x000000000800504e        0x2 
 .text.UART_SetConfig
                0x0000000008005050      0x1b4 Drivers/STM32F1xx_HAL_Driver/Src/stm32f1xx_hal_uart.o
 .text.USB_CoreInit
                0x0000000008005204       0x20 Drivers/STM32F1xx_HAL_Driver/Src/stm32f1xx_ll_usb.o
                0x0000000008005204                USB_CoreInit
 .text.USB_EnableGlobalInt
                0x0000000008005224       0x2e Drivers/STM32F1xx_HAL_Driver/Src/stm32f1xx_ll_usb.o
                0x0000000008005224                USB_EnableGlobalInt
 .text.USB_DisableGlobalInt
                0x0000000008005252       0x38 Drivers/STM32F1xx_HAL_Driver/Src/stm32f1xx_ll_usb.o
                0x0000000008005252                USB_DisableGlobalInt
 .text.USB_SetCurrentMode
                0x000000000800528a       0x18 Drivers/STM32F1xx_HAL_Driver/Src/stm32f1xx_ll_usb.o
                0x000000000800528a                USB_SetCurrentMode
 .text.USB_DevInit
                0x00000000080052a2       0x48 Drivers/STM32F1xx_HAL_Driver/Src/stm32f1xx_ll_usb.o
                0x00000000080052a2                USB_DevInit
 *fill*         0x00000000080052ea        0x2 
 .text.USB_ActivateEndpoint
                0x00000000080052ec      0x5dc Drivers/STM32F1xx_HAL_Driver/Src/stm32f1xx_ll_usb.o
                0x00000000080052ec                USB_ActivateEndpoint
 .text.USB_DeactivateEndpoint
                0x00000000080058c8      0x32c Drivers/STM32F1xx_HAL_Driver/Src/stm32f1xx_ll_usb.o
                0x00000000080058c8                USB_DeactivateEndpoint
 .text.USB_EPStartXfer
                0x0000000008005bf4      0x570 Drivers/STM32F1xx_HAL_Driver/Src/stm32f1xx_ll_usb.o
                0x0000000008005bf4                USB_EPStartXfer
 .text.USB_EPSetStall
                0x0000000008006164       0x84 Drivers/STM32F1xx_HAL_Driver/Src/stm32f1xx_ll_usb.o
                0x0000000008006164                USB_EPSetStall
 .text.USB_EPClearStall
                0x00000000080061e8      0x128 Drivers/STM32F1xx_HAL_Driver/Src/stm32f1xx_ll_usb.o
                0x00000000080061e8                USB_EPClearStall
 .text.USB_SetDevAddress
                0x0000000008006310       0x26 Drivers/STM32F1xx_HAL_Driver/Src/stm32f1xx_ll_usb.o
                0x0000000008006310                USB_SetDevAddress
 .text.USB_DevConnect
                0x0000000008006336       0x14 Drivers/STM32F1xx_HAL_Driver/Src/stm32f1xx_ll_usb.o
                0x0000000008006336                USB_DevConnect
 .text.USB_DevDisconnect
                0x000000000800634a       0x14 Drivers/STM32F1xx_HAL_Driver/Src/stm32f1xx_ll_usb.o
                0x000000000800634a                USB_DevDisconnect
 .text.USB_ReadInterrupts
                0x000000000800635e       0x1e Drivers/STM32F1xx_HAL_Driver/Src/stm32f1xx_ll_usb.o
                0x000000000800635e                USB_ReadInterrupts
 .text.USB_EP0_OutStart
                0x000000000800637c       0x16 Drivers/STM32F1xx_HAL_Driver/Src/stm32f1xx_ll_usb.o
                0x000000000800637c                USB_EP0_OutStart
 .text.USB_WritePMA
                0x0000000008006392       0x88 Drivers/STM32F1xx_HAL_Driver/Src/stm32f1xx_ll_usb.o
                0x0000000008006392                USB_WritePMA
 .text.USB_ReadPMA
                0x000000000800641a       0x9e Drivers/STM32F1xx_HAL_Driver/Src/stm32f1xx_ll_usb.o
                0x000000000800641a                USB_ReadPMA
 .text.USBD_CDC_Init
                0x00000000080064b8       0xf4 Middlewares/ST/STM32_USB_Device_Library/Class/CDC/Src/usbd_cdc.o
 .text.USBD_CDC_DeInit
                0x00000000080065ac       0x6e Middlewares/ST/STM32_USB_Device_Library/Class/CDC/Src/usbd_cdc.o
 .text.USBD_CDC_Setup
                0x000000000800661a      0x140 Middlewares/ST/STM32_USB_Device_Library/Class/CDC/Src/usbd_cdc.o
 .text.USBD_CDC_DataIn
                0x000000000800675a       0xa0 Middlewares/ST/STM32_USB_Device_Library/Class/CDC/Src/usbd_cdc.o
 .text.USBD_CDC_DataOut
                0x00000000080067fa       0x56 Middlewares/ST/STM32_USB_Device_Library/Class/CDC/Src/usbd_cdc.o
 .text.USBD_CDC_EP0_RxReady
                0x0000000008006850       0x50 Middlewares/ST/STM32_USB_Device_Library/Class/CDC/Src/usbd_cdc.o
 .text.USBD_CDC_GetFSCfgDesc
                0x00000000080068a0       0x20 Middlewares/ST/STM32_USB_Device_Library/Class/CDC/Src/usbd_cdc.o
 .text.USBD_CDC_GetHSCfgDesc
                0x00000000080068c0       0x20 Middlewares/ST/STM32_USB_Device_Library/Class/CDC/Src/usbd_cdc.o
 .text.USBD_CDC_GetOtherSpeedCfgDesc
                0x00000000080068e0       0x20 Middlewares/ST/STM32_USB_Device_Library/Class/CDC/Src/usbd_cdc.o
 .text.USBD_CDC_GetDeviceQualifierDescriptor
                0x0000000008006900       0x20 Middlewares/ST/STM32_USB_Device_Library/Class/CDC/Src/usbd_cdc.o
                0x0000000008006900                USBD_CDC_GetDeviceQualifierDescriptor
 .text.USBD_CDC_RegisterInterface
                0x0000000008006920       0x2c Middlewares/ST/STM32_USB_Device_Library/Class/CDC/Src/usbd_cdc.o
                0x0000000008006920                USBD_CDC_RegisterInterface
 .text.USBD_CDC_SetTxBuffer
                0x000000000800694c       0x32 Middlewares/ST/STM32_USB_Device_Library/Class/CDC/Src/usbd_cdc.o
                0x000000000800694c                USBD_CDC_SetTxBuffer
 .text.USBD_CDC_SetRxBuffer
                0x000000000800697e       0x26 Middlewares/ST/STM32_USB_Device_Library/Class/CDC/Src/usbd_cdc.o
                0x000000000800697e                USBD_CDC_SetRxBuffer
 .text.USBD_CDC_TransmitPacket
                0x00000000080069a4       0x5e Middlewares/ST/STM32_USB_Device_Library/Class/CDC/Src/usbd_cdc.o
                0x00000000080069a4                USBD_CDC_TransmitPacket
 .text.USBD_CDC_ReceivePacket
                0x0000000008006a02       0x54 Middlewares/ST/STM32_USB_Device_Library/Class/CDC/Src/usbd_cdc.o
                0x0000000008006a02                USBD_CDC_ReceivePacket
 .text.USBD_Init
                0x0000000008006a56       0x56 Middlewares/ST/STM32_USB_Device_Library/Core/Src/usbd_core.o
                0x0000000008006a56                USBD_Init
 .text.USBD_RegisterClass
                0x0000000008006aac       0x32 Middlewares/ST/STM32_USB_Device_Library/Core/Src/usbd_core.o
                0x0000000008006aac                USBD_RegisterClass
 .text.USBD_Start
                0x0000000008006ade       0x18 Middlewares/ST/STM32_USB_Device_Library/Core/Src/usbd_core.o
                0x0000000008006ade                USBD_Start
 .text.USBD_RunTestMode
                0x0000000008006af6       0x14 Middlewares/ST/STM32_USB_Device_Library/Core/Src/usbd_core.o
                0x0000000008006af6                USBD_RunTestMode
 .text.USBD_SetClassConfig
                0x0000000008006b0a       0x3e Middlewares/ST/STM32_USB_Device_Library/Core/Src/usbd_core.o
                0x0000000008006b0a                USBD_SetClassConfig
 .text.USBD_ClrClassConfig
                0x0000000008006b48       0x26 Middlewares/ST/STM32_USB_Device_Library/Core/Src/usbd_core.o
                0x0000000008006b48                USBD_ClrClassConfig
 .text.USBD_LL_SetupStage
                0x0000000008006b6e       0x96 Middlewares/ST/STM32_USB_Device_Library/Core/Src/usbd_core.o
                0x0000000008006b6e                USBD_LL_SetupStage
 .text.USBD_LL_DataOutStage
                0x0000000008006c04       0xe2 Middlewares/ST/STM32_USB_Device_Library/Core/Src/usbd_core.o
                0x0000000008006c04                USBD_LL_DataOutStage
 .text.USBD_LL_DataInStage
                0x0000000008006ce6      0x14a Middlewares/ST/STM32_USB_Device_Library/Core/Src/usbd_core.o
                0x0000000008006ce6                USBD_LL_DataInStage
 .text.USBD_LL_Reset
                0x0000000008006e30       0x82 Middlewares/ST/STM32_USB_Device_Library/Core/Src/usbd_core.o
                0x0000000008006e30                USBD_LL_Reset
 .text.USBD_LL_SetSpeed
                0x0000000008006eb2       0x1e Middlewares/ST/STM32_USB_Device_Library/Core/Src/usbd_core.o
                0x0000000008006eb2                USBD_LL_SetSpeed
 .text.USBD_LL_Suspend
                0x0000000008006ed0       0x28 Middlewares/ST/STM32_USB_Device_Library/Core/Src/usbd_core.o
                0x0000000008006ed0                USBD_LL_Suspend
 .text.USBD_LL_Resume
                0x0000000008006ef8       0x2a Middlewares/ST/STM32_USB_Device_Library/Core/Src/usbd_core.o
                0x0000000008006ef8                USBD_LL_Resume
 .text.USBD_LL_SOF
                0x0000000008006f22       0x34 Middlewares/ST/STM32_USB_Device_Library/Core/Src/usbd_core.o
                0x0000000008006f22                USBD_LL_SOF
 *fill*         0x0000000008006f56        0x2 
 .text.USBD_StdDevReq
                0x0000000008006f58       0xd4 Middlewares/ST/STM32_USB_Device_Library/Core/Src/usbd_ctlreq.o
                0x0000000008006f58                USBD_StdDevReq
 .text.USBD_StdItfReq
                0x000000000800702c       0x8c Middlewares/ST/STM32_USB_Device_Library/Core/Src/usbd_ctlreq.o
                0x000000000800702c                USBD_StdItfReq
 .text.USBD_StdEPReq
                0x00000000080070b8      0x2ba Middlewares/ST/STM32_USB_Device_Library/Core/Src/usbd_ctlreq.o
                0x00000000080070b8                USBD_StdEPReq
 *fill*         0x0000000008007372        0x2 
 .text.USBD_GetDescriptor
                0x0000000008007374      0x2d0 Middlewares/ST/STM32_USB_Device_Library/Core/Src/usbd_ctlreq.o
 .text.USBD_SetAddress
                0x0000000008007644       0x84 Middlewares/ST/STM32_USB_Device_Library/Core/Src/usbd_ctlreq.o
 .text.USBD_SetConfig
                0x00000000080076c8      0x11c Middlewares/ST/STM32_USB_Device_Library/Core/Src/usbd_ctlreq.o
 .text.USBD_GetConfig
                0x00000000080077e4       0x68 Middlewares/ST/STM32_USB_Device_Library/Core/Src/usbd_ctlreq.o
 .text.USBD_GetStatus
                0x000000000800784c       0x66 Middlewares/ST/STM32_USB_Device_Library/Core/Src/usbd_ctlreq.o
 .text.USBD_SetFeature
                0x00000000080078b2       0x28 Middlewares/ST/STM32_USB_Device_Library/Core/Src/usbd_ctlreq.o
 .text.USBD_ClrFeature
                0x00000000080078da       0x42 Middlewares/ST/STM32_USB_Device_Library/Core/Src/usbd_ctlreq.o
 .text.USBD_ParseSetupRequest
                0x000000000800791c       0x78 Middlewares/ST/STM32_USB_Device_Library/Core/Src/usbd_ctlreq.o
                0x000000000800791c                USBD_ParseSetupRequest
 .text.USBD_CtlError
                0x0000000008007994       0x22 Middlewares/ST/STM32_USB_Device_Library/Core/Src/usbd_ctlreq.o
                0x0000000008007994                USBD_CtlError
 .text.USBD_GetString
                0x00000000080079b6       0x84 Middlewares/ST/STM32_USB_Device_Library/Core/Src/usbd_ctlreq.o
                0x00000000080079b6                USBD_GetString
 .text.USBD_GetLen
                0x0000000008007a3a       0x2e Middlewares/ST/STM32_USB_Device_Library/Core/Src/usbd_ctlreq.o
 .text.USBD_CtlSendData
                0x0000000008007a68       0x38 Middlewares/ST/STM32_USB_Device_Library/Core/Src/usbd_ioreq.o
                0x0000000008007a68                USBD_CtlSendData
 .text.USBD_CtlContinueSendData
                0x0000000008007aa0       0x24 Middlewares/ST/STM32_USB_Device_Library/Core/Src/usbd_ioreq.o
                0x0000000008007aa0                USBD_CtlContinueSendData
 .text.USBD_CtlPrepareRx
                0x0000000008007ac4       0x3c Middlewares/ST/STM32_USB_Device_Library/Core/Src/usbd_ioreq.o
                0x0000000008007ac4                USBD_CtlPrepareRx
 .text.USBD_CtlContinueRx
                0x0000000008007b00       0x24 Middlewares/ST/STM32_USB_Device_Library/Core/Src/usbd_ioreq.o
                0x0000000008007b00                USBD_CtlContinueRx
 .text.USBD_CtlSendStatus
                0x0000000008007b24       0x26 Middlewares/ST/STM32_USB_Device_Library/Core/Src/usbd_ioreq.o
                0x0000000008007b24                USBD_CtlSendStatus
 .text.USBD_CtlReceiveStatus
                0x0000000008007b4a       0x26 Middlewares/ST/STM32_USB_Device_Library/Core/Src/usbd_ioreq.o
                0x0000000008007b4a                USBD_CtlReceiveStatus
 .text.MX_USB_DEVICE_Init
                0x0000000008007b70       0x60 USB_DEVICE/App/usb_device.o
                0x0000000008007b70                MX_USB_DEVICE_Init
 .text.CDC_Init_FS
                0x0000000008007bd0       0x28 USB_DEVICE/App/usbd_cdc_if.o
 .text.CDC_DeInit_FS
                0x0000000008007bf8        0xe USB_DEVICE/App/usbd_cdc_if.o
 *fill*         0x0000000008007c06        0x2 
 .text.CDC_Control_FS
                0x0000000008007c08       0xbc USB_DEVICE/App/usbd_cdc_if.o
 .text.CDC_Receive_FS
                0x0000000008007cc4       0x38 USB_DEVICE/App/usbd_cdc_if.o
 .text.CDC_Transmit_FS
                0x0000000008007cfc       0x4c USB_DEVICE/App/usbd_cdc_if.o
                0x0000000008007cfc                CDC_Transmit_FS
 .text.USBD_FS_DeviceDescriptor
                0x0000000008007d48       0x24 USB_DEVICE/App/usbd_desc.o
                0x0000000008007d48                USBD_FS_DeviceDescriptor
 .text.USBD_FS_LangIDStrDescriptor
                0x0000000008007d6c       0x24 USB_DEVICE/App/usbd_desc.o
                0x0000000008007d6c                USBD_FS_LangIDStrDescriptor
 .text.USBD_FS_ProductStrDescriptor
                0x0000000008007d90       0x3c USB_DEVICE/App/usbd_desc.o
                0x0000000008007d90                USBD_FS_ProductStrDescriptor
 .text.USBD_FS_ManufacturerStrDescriptor
                0x0000000008007dcc       0x28 USB_DEVICE/App/usbd_desc.o
                0x0000000008007dcc                USBD_FS_ManufacturerStrDescriptor
 .text.USBD_FS_SerialStrDescriptor
                0x0000000008007df4       0x24 USB_DEVICE/App/usbd_desc.o
                0x0000000008007df4                USBD_FS_SerialStrDescriptor
 .text.USBD_FS_ConfigStrDescriptor
                0x0000000008007e18       0x3c USB_DEVICE/App/usbd_desc.o
                0x0000000008007e18                USBD_FS_ConfigStrDescriptor
 .text.USBD_FS_InterfaceStrDescriptor
                0x0000000008007e54       0x3c USB_DEVICE/App/usbd_desc.o
                0x0000000008007e54                USBD_FS_InterfaceStrDescriptor
 .text.Get_SerialNum
                0x0000000008007e90       0x58 USB_DEVICE/App/usbd_desc.o
 .text.IntToUnicode
                0x0000000008007ee8       0x7a USB_DEVICE/App/usbd_desc.o
 *fill*         0x0000000008007f62        0x2 
 .text.HAL_PCD_MspInit
                0x0000000008007f64       0x4c USB_DEVICE/Target/usbd_conf.o
                0x0000000008007f64                HAL_PCD_MspInit
 .text.HAL_PCD_SetupStageCallback
                0x0000000008007fb0       0x24 USB_DEVICE/Target/usbd_conf.o
                0x0000000008007fb0                HAL_PCD_SetupStageCallback
 .text.HAL_PCD_DataOutStageCallback
                0x0000000008007fd4       0x30 USB_DEVICE/Target/usbd_conf.o
                0x0000000008007fd4                HAL_PCD_DataOutStageCallback
 .text.HAL_PCD_DataInStageCallback
                0x0000000008008004       0x2e USB_DEVICE/Target/usbd_conf.o
                0x0000000008008004                HAL_PCD_DataInStageCallback
 .text.HAL_PCD_SOFCallback
                0x0000000008008032       0x1c USB_DEVICE/Target/usbd_conf.o
                0x0000000008008032                HAL_PCD_SOFCallback
 .text.HAL_PCD_ResetCallback
                0x000000000800804e       0x3c USB_DEVICE/Target/usbd_conf.o
                0x000000000800804e                HAL_PCD_ResetCallback
 *fill*         0x000000000800808a        0x2 
 .text.HAL_PCD_SuspendCallback
                0x000000000800808c       0x34 USB_DEVICE/Target/usbd_conf.o
                0x000000000800808c                HAL_PCD_SuspendCallback
 .text.HAL_PCD_ResumeCallback
                0x00000000080080c0       0x1c USB_DEVICE/Target/usbd_conf.o
                0x00000000080080c0                HAL_PCD_ResumeCallback
 .text.USBD_LL_Init
                0x00000000080080dc       0xb4 USB_DEVICE/Target/usbd_conf.o
                0x00000000080080dc                USBD_LL_Init
 .text.USBD_LL_Start
                0x0000000008008190       0x36 USB_DEVICE/Target/usbd_conf.o
                0x0000000008008190                USBD_LL_Start
 .text.USBD_LL_OpenEP
                0x00000000080081c6       0x4c USB_DEVICE/Target/usbd_conf.o
                0x00000000080081c6                USBD_LL_OpenEP
 .text.USBD_LL_CloseEP
                0x0000000008008212       0x3e USB_DEVICE/Target/usbd_conf.o
                0x0000000008008212                USBD_LL_CloseEP
 .text.USBD_LL_StallEP
                0x0000000008008250       0x3e USB_DEVICE/Target/usbd_conf.o
                0x0000000008008250                USBD_LL_StallEP
 .text.USBD_LL_ClearStallEP
                0x000000000800828e       0x3e USB_DEVICE/Target/usbd_conf.o
                0x000000000800828e                USBD_LL_ClearStallEP
 .text.USBD_LL_IsStallEP
                0x00000000080082cc       0x4a USB_DEVICE/Target/usbd_conf.o
                0x00000000080082cc                USBD_LL_IsStallEP
 .text.USBD_LL_SetUSBAddress
                0x0000000008008316       0x3e USB_DEVICE/Target/usbd_conf.o
                0x0000000008008316                USBD_LL_SetUSBAddress
 .text.USBD_LL_Transmit
                0x0000000008008354       0x46 USB_DEVICE/Target/usbd_conf.o
                0x0000000008008354                USBD_LL_Transmit
 .text.USBD_LL_PrepareReceive
                0x000000000800839a       0x46 USB_DEVICE/Target/usbd_conf.o
                0x000000000800839a                USBD_LL_PrepareReceive
 .text.USBD_LL_GetRxDataSize
                0x00000000080083e0       0x26 USB_DEVICE/Target/usbd_conf.o
                0x00000000080083e0                USBD_LL_GetRxDataSize
 *fill*         0x0000000008008406        0x2 
 .text.USBD_static_malloc
                0x0000000008008408       0x18 USB_DEVICE/Target/usbd_conf.o
                0x0000000008008408                USBD_static_malloc
 .text.USBD_static_free
                0x0000000008008420       0x12 USB_DEVICE/Target/usbd_conf.o
                0x0000000008008420                USBD_static_free
 .text.HAL_PCDEx_SetConnectionState
                0x0000000008008432       0x16 USB_DEVICE/Target/usbd_conf.o
                0x0000000008008432                HAL_PCDEx_SetConnectionState
 .text.USBD_Get_USB_Status
                0x0000000008008448       0x58 USB_DEVICE/Target/usbd_conf.o
 .text.atof     0x00000000080084a0        0x6 /opt/st/stm32cubeide_1.1.0/plugins/com.st.stm32cube.ide.mcu.externaltools.gnu-tools-for-stm32.7-2018-q2-update.linux64_1.0.0.201904181610/tools/bin/../lib/gcc/arm-none-eabi/7.3.1/../../../../arm-none-eabi/lib/thumb/v7-m/libc_nano.a(lib_a-atof.o)
                0x00000000080084a0                atof
 *fill*         0x00000000080084a6        0x2 
 .text.__errno  0x00000000080084a8        0xc /opt/st/stm32cubeide_1.1.0/plugins/com.st.stm32cube.ide.mcu.externaltools.gnu-tools-for-stm32.7-2018-q2-update.linux64_1.0.0.201904181610/tools/bin/../lib/gcc/arm-none-eabi/7.3.1/../../../../arm-none-eabi/lib/thumb/v7-m/libc_nano.a(lib_a-errno.o)
                0x00000000080084a8                __errno
 .text.__libc_init_array
                0x00000000080084b4       0x48 /opt/st/stm32cubeide_1.1.0/plugins/com.st.stm32cube.ide.mcu.externaltools.gnu-tools-for-stm32.7-2018-q2-update.linux64_1.0.0.201904181610/tools/bin/../lib/gcc/arm-none-eabi/7.3.1/../../../../arm-none-eabi/lib/thumb/v7-m/libc_nano.a(lib_a-init.o)
                0x00000000080084b4                __libc_init_array
 .text.memset   0x00000000080084fc       0x10 /opt/st/stm32cubeide_1.1.0/plugins/com.st.stm32cube.ide.mcu.externaltools.gnu-tools-for-stm32.7-2018-q2-update.linux64_1.0.0.201904181610/tools/bin/../lib/gcc/arm-none-eabi/7.3.1/../../../../arm-none-eabi/lib/thumb/v7-m/libc_nano.a(lib_a-memset.o)
                0x00000000080084fc                memset
 .text.sprintf  0x000000000800850c       0x40 /opt/st/stm32cubeide_1.1.0/plugins/com.st.stm32cube.ide.mcu.externaltools.gnu-tools-for-stm32.7-2018-q2-update.linux64_1.0.0.201904181610/tools/bin/../lib/gcc/arm-none-eabi/7.3.1/../../../../arm-none-eabi/lib/thumb/v7-m/libc_nano.a(lib_a-sprintf.o)
                0x000000000800850c                sprintf
                0x000000000800850c                siprintf
 .text.strcpy   0x000000000800854c       0x10 /opt/st/stm32cubeide_1.1.0/plugins/com.st.stm32cube.ide.mcu.externaltools.gnu-tools-for-stm32.7-2018-q2-update.linux64_1.0.0.201904181610/tools/bin/../lib/gcc/arm-none-eabi/7.3.1/../../../../arm-none-eabi/lib/thumb/v7-m/libc_nano.a(lib_a-strcpy.o)
                0x000000000800854c                strcpy
 .text.strncmp  0x000000000800855c       0x24 /opt/st/stm32cubeide_1.1.0/plugins/com.st.stm32cube.ide.mcu.externaltools.gnu-tools-for-stm32.7-2018-q2-update.linux64_1.0.0.201904181610/tools/bin/../lib/gcc/arm-none-eabi/7.3.1/../../../../arm-none-eabi/lib/thumb/v7-m/libc_nano.a(lib_a-strncmp.o)
                0x000000000800855c                strncmp
 .text.strncpy  0x0000000008008580       0x2a /opt/st/stm32cubeide_1.1.0/plugins/com.st.stm32cube.ide.mcu.externaltools.gnu-tools-for-stm32.7-2018-q2-update.linux64_1.0.0.201904181610/tools/bin/../lib/gcc/arm-none-eabi/7.3.1/../../../../arm-none-eabi/lib/thumb/v7-m/libc_nano.a(lib_a-strncpy.o)
                0x0000000008008580                strncpy
 .text.unlikely.sulp
                0x00000000080085aa       0x42 /opt/st/stm32cubeide_1.1.0/plugins/com.st.stm32cube.ide.mcu.externaltools.gnu-tools-for-stm32.7-2018-q2-update.linux64_1.0.0.201904181610/tools/bin/../lib/gcc/arm-none-eabi/7.3.1/../../../../arm-none-eabi/lib/thumb/v7-m/libc_nano.a(lib_a-strtod.o)
 *fill*         0x00000000080085ec        0x4 
 .text._strtod_l
                0x00000000080085f0      0xc00 /opt/st/stm32cubeide_1.1.0/plugins/com.st.stm32cube.ide.mcu.externaltools.gnu-tools-for-stm32.7-2018-q2-update.linux64_1.0.0.201904181610/tools/bin/../lib/gcc/arm-none-eabi/7.3.1/../../../../arm-none-eabi/lib/thumb/v7-m/libc_nano.a(lib_a-strtod.o)
                0x00000000080085f0                _strtod_l
 .text.strtod   0x00000000080091f0       0x24 /opt/st/stm32cubeide_1.1.0/plugins/com.st.stm32cube.ide.mcu.externaltools.gnu-tools-for-stm32.7-2018-q2-update.linux64_1.0.0.201904181610/tools/bin/../lib/gcc/arm-none-eabi/7.3.1/../../../../arm-none-eabi/lib/thumb/v7-m/libc_nano.a(lib_a-strtod.o)
                0x00000000080091f0                strtod
 .text._strtol_l.isra.0
                0x0000000008009214       0xf6 /opt/st/stm32cubeide_1.1.0/plugins/com.st.stm32cube.ide.mcu.externaltools.gnu-tools-for-stm32.7-2018-q2-update.linux64_1.0.0.201904181610/tools/bin/../lib/gcc/arm-none-eabi/7.3.1/../../../../arm-none-eabi/lib/thumb/v7-m/libc_nano.a(lib_a-strtol.o)
 *fill*         0x000000000800930a        0x2 
 .text.strtol   0x000000000800930c       0x2c /opt/st/stm32cubeide_1.1.0/plugins/com.st.stm32cube.ide.mcu.externaltools.gnu-tools-for-stm32.7-2018-q2-update.linux64_1.0.0.201904181610/tools/bin/../lib/gcc/arm-none-eabi/7.3.1/../../../../arm-none-eabi/lib/thumb/v7-m/libc_nano.a(lib_a-strtol.o)
                0x000000000800930c                strtol
 .text.rshift   0x0000000008009338       0x76 /opt/st/stm32cubeide_1.1.0/plugins/com.st.stm32cube.ide.mcu.externaltools.gnu-tools-for-stm32.7-2018-q2-update.linux64_1.0.0.201904181610/tools/bin/../lib/gcc/arm-none-eabi/7.3.1/../../../../arm-none-eabi/lib/thumb/v7-m/libc_nano.a(lib_a-gdtoa-gethex.o)
 .text.__hexdig_fun
                0x00000000080093ae       0x2a /opt/st/stm32cubeide_1.1.0/plugins/com.st.stm32cube.ide.mcu.externaltools.gnu-tools-for-stm32.7-2018-q2-update.linux64_1.0.0.201904181610/tools/bin/../lib/gcc/arm-none-eabi/7.3.1/../../../../arm-none-eabi/lib/thumb/v7-m/libc_nano.a(lib_a-gdtoa-gethex.o)
                0x00000000080093ae                __hexdig_fun
 .text.__gethex
                0x00000000080093d8      0x444 /opt/st/stm32cubeide_1.1.0/plugins/com.st.stm32cube.ide.mcu.externaltools.gnu-tools-for-stm32.7-2018-q2-update.linux64_1.0.0.201904181610/tools/bin/../lib/gcc/arm-none-eabi/7.3.1/../../../../arm-none-eabi/lib/thumb/v7-m/libc_nano.a(lib_a-gdtoa-gethex.o)
                0x00000000080093d8                __gethex
 .text.L_shift  0x000000000800981c       0x24 /opt/st/stm32cubeide_1.1.0/plugins/com.st.stm32cube.ide.mcu.externaltools.gnu-tools-for-stm32.7-2018-q2-update.linux64_1.0.0.201904181610/tools/bin/../lib/gcc/arm-none-eabi/7.3.1/../../../../arm-none-eabi/lib/thumb/v7-m/libc_nano.a(lib_a-gdtoa-hexnan.o)
 .text.__match  0x0000000008009840       0x28 /opt/st/stm32cubeide_1.1.0/plugins/com.st.stm32cube.ide.mcu.externaltools.gnu-tools-for-stm32.7-2018-q2-update.linux64_1.0.0.201904181610/tools/bin/../lib/gcc/arm-none-eabi/7.3.1/../../../../arm-none-eabi/lib/thumb/v7-m/libc_nano.a(lib_a-gdtoa-hexnan.o)
                0x0000000008009840                __match
 .text.__hexnan
                0x0000000008009868      0x120 /opt/st/stm32cubeide_1.1.0/plugins/com.st.stm32cube.ide.mcu.externaltools.gnu-tools-for-stm32.7-2018-q2-update.linux64_1.0.0.201904181610/tools/bin/../lib/gcc/arm-none-eabi/7.3.1/../../../../arm-none-eabi/lib/thumb/v7-m/libc_nano.a(lib_a-gdtoa-hexnan.o)
                0x0000000008009868                __hexnan
 .text.__locale_ctype_ptr_l
                0x0000000008009988        0x6 /opt/st/stm32cubeide_1.1.0/plugins/com.st.stm32cube.ide.mcu.externaltools.gnu-tools-for-stm32.7-2018-q2-update.linux64_1.0.0.201904181610/tools/bin/../lib/gcc/arm-none-eabi/7.3.1/../../../../arm-none-eabi/lib/thumb/v7-m/libc_nano.a(lib_a-locale.o)
                0x0000000008009988                __locale_ctype_ptr_l
 .text.__localeconv_l
                0x000000000800998e        0x4 /opt/st/stm32cubeide_1.1.0/plugins/com.st.stm32cube.ide.mcu.externaltools.gnu-tools-for-stm32.7-2018-q2-update.linux64_1.0.0.201904181610/tools/bin/../lib/gcc/arm-none-eabi/7.3.1/../../../../arm-none-eabi/lib/thumb/v7-m/libc_nano.a(lib_a-localeconv.o)
                0x000000000800998e                __localeconv_l
 .text.__ascii_mbtowc
                0x0000000008009992       0x24 /opt/st/stm32cubeide_1.1.0/plugins/com.st.stm32cube.ide.mcu.externaltools.gnu-tools-for-stm32.7-2018-q2-update.linux64_1.0.0.201904181610/tools/bin/../lib/gcc/arm-none-eabi/7.3.1/../../../../arm-none-eabi/lib/thumb/v7-m/libc_nano.a(lib_a-mbtowc_r.o)
                0x0000000008009992                __ascii_mbtowc
 .text.memcpy   0x00000000080099b6       0x16 /opt/st/stm32cubeide_1.1.0/plugins/com.st.stm32cube.ide.mcu.externaltools.gnu-tools-for-stm32.7-2018-q2-update.linux64_1.0.0.201904181610/tools/bin/../lib/gcc/arm-none-eabi/7.3.1/../../../../arm-none-eabi/lib/thumb/v7-m/libc_nano.a(lib_a-memcpy-stub.o)
                0x00000000080099b6                memcpy
 .text._Balloc  0x00000000080099cc       0x68 /opt/st/stm32cubeide_1.1.0/plugins/com.st.stm32cube.ide.mcu.externaltools.gnu-tools-for-stm32.7-2018-q2-update.linux64_1.0.0.201904181610/tools/bin/../lib/gcc/arm-none-eabi/7.3.1/../../../../arm-none-eabi/lib/thumb/v7-m/libc_nano.a(lib_a-mprec.o)
                0x00000000080099cc                _Balloc
 .text._Bfree   0x0000000008009a34       0x2e /opt/st/stm32cubeide_1.1.0/plugins/com.st.stm32cube.ide.mcu.externaltools.gnu-tools-for-stm32.7-2018-q2-update.linux64_1.0.0.201904181610/tools/bin/../lib/gcc/arm-none-eabi/7.3.1/../../../../arm-none-eabi/lib/thumb/v7-m/libc_nano.a(lib_a-mprec.o)
                0x0000000008009a34                _Bfree
 .text.__multadd
                0x0000000008009a62       0x76 /opt/st/stm32cubeide_1.1.0/plugins/com.st.stm32cube.ide.mcu.externaltools.gnu-tools-for-stm32.7-2018-q2-update.linux64_1.0.0.201904181610/tools/bin/../lib/gcc/arm-none-eabi/7.3.1/../../../../arm-none-eabi/lib/thumb/v7-m/libc_nano.a(lib_a-mprec.o)
                0x0000000008009a62                __multadd
 .text.__s2b    0x0000000008009ad8       0x7c /opt/st/stm32cubeide_1.1.0/plugins/com.st.stm32cube.ide.mcu.externaltools.gnu-tools-for-stm32.7-2018-q2-update.linux64_1.0.0.201904181610/tools/bin/../lib/gcc/arm-none-eabi/7.3.1/../../../../arm-none-eabi/lib/thumb/v7-m/libc_nano.a(lib_a-mprec.o)
                0x0000000008009ad8                __s2b
 .text.__hi0bits
                0x0000000008009b54       0x3e /opt/st/stm32cubeide_1.1.0/plugins/com.st.stm32cube.ide.mcu.externaltools.gnu-tools-for-stm32.7-2018-q2-update.linux64_1.0.0.201904181610/tools/bin/../lib/gcc/arm-none-eabi/7.3.1/../../../../arm-none-eabi/lib/thumb/v7-m/libc_nano.a(lib_a-mprec.o)
                0x0000000008009b54                __hi0bits
 .text.__lo0bits
                0x0000000008009b92       0x5e /opt/st/stm32cubeide_1.1.0/plugins/com.st.stm32cube.ide.mcu.externaltools.gnu-tools-for-stm32.7-2018-q2-update.linux64_1.0.0.201904181610/tools/bin/../lib/gcc/arm-none-eabi/7.3.1/../../../../arm-none-eabi/lib/thumb/v7-m/libc_nano.a(lib_a-mprec.o)
                0x0000000008009b92                __lo0bits
 .text.__i2b    0x0000000008009bf0       0x12 /opt/st/stm32cubeide_1.1.0/plugins/com.st.stm32cube.ide.mcu.externaltools.gnu-tools-for-stm32.7-2018-q2-update.linux64_1.0.0.201904181610/tools/bin/../lib/gcc/arm-none-eabi/7.3.1/../../../../arm-none-eabi/lib/thumb/v7-m/libc_nano.a(lib_a-mprec.o)
                0x0000000008009bf0                __i2b
 .text.__multiply
                0x0000000008009c02      0x12a /opt/st/stm32cubeide_1.1.0/plugins/com.st.stm32cube.ide.mcu.externaltools.gnu-tools-for-stm32.7-2018-q2-update.linux64_1.0.0.201904181610/tools/bin/../lib/gcc/arm-none-eabi/7.3.1/../../../../arm-none-eabi/lib/thumb/v7-m/libc_nano.a(lib_a-mprec.o)
                0x0000000008009c02                __multiply
 .text.__pow5mult
                0x0000000008009d2c       0x9c /opt/st/stm32cubeide_1.1.0/plugins/com.st.stm32cube.ide.mcu.externaltools.gnu-tools-for-stm32.7-2018-q2-update.linux64_1.0.0.201904181610/tools/bin/../lib/gcc/arm-none-eabi/7.3.1/../../../../arm-none-eabi/lib/thumb/v7-m/libc_nano.a(lib_a-mprec.o)
                0x0000000008009d2c                __pow5mult
 .text.__lshift
                0x0000000008009dc8       0xa8 /opt/st/stm32cubeide_1.1.0/plugins/com.st.stm32cube.ide.mcu.externaltools.gnu-tools-for-stm32.7-2018-q2-update.linux64_1.0.0.201904181610/tools/bin/../lib/gcc/arm-none-eabi/7.3.1/../../../../arm-none-eabi/lib/thumb/v7-m/libc_nano.a(lib_a-mprec.o)
                0x0000000008009dc8                __lshift
 .text.__mcmp   0x0000000008009e70       0x34 /opt/st/stm32cubeide_1.1.0/plugins/com.st.stm32cube.ide.mcu.externaltools.gnu-tools-for-stm32.7-2018-q2-update.linux64_1.0.0.201904181610/tools/bin/../lib/gcc/arm-none-eabi/7.3.1/../../../../arm-none-eabi/lib/thumb/v7-m/libc_nano.a(lib_a-mprec.o)
                0x0000000008009e70                __mcmp
 .text.__mdiff  0x0000000008009ea4       0xbc /opt/st/stm32cubeide_1.1.0/plugins/com.st.stm32cube.ide.mcu.externaltools.gnu-tools-for-stm32.7-2018-q2-update.linux64_1.0.0.201904181610/tools/bin/../lib/gcc/arm-none-eabi/7.3.1/../../../../arm-none-eabi/lib/thumb/v7-m/libc_nano.a(lib_a-mprec.o)
                0x0000000008009ea4                __mdiff
 .text.__ulp    0x0000000008009f60       0x48 /opt/st/stm32cubeide_1.1.0/plugins/com.st.stm32cube.ide.mcu.externaltools.gnu-tools-for-stm32.7-2018-q2-update.linux64_1.0.0.201904181610/tools/bin/../lib/gcc/arm-none-eabi/7.3.1/../../../../arm-none-eabi/lib/thumb/v7-m/libc_nano.a(lib_a-mprec.o)
                0x0000000008009f60                __ulp
 .text.__b2d    0x0000000008009fa8       0xa4 /opt/st/stm32cubeide_1.1.0/plugins/com.st.stm32cube.ide.mcu.externaltools.gnu-tools-for-stm32.7-2018-q2-update.linux64_1.0.0.201904181610/tools/bin/../lib/gcc/arm-none-eabi/7.3.1/../../../../arm-none-eabi/lib/thumb/v7-m/libc_nano.a(lib_a-mprec.o)
                0x0000000008009fa8                __b2d
 .text.__d2b    0x000000000800a04c       0x9e /opt/st/stm32cubeide_1.1.0/plugins/com.st.stm32cube.ide.mcu.externaltools.gnu-tools-for-stm32.7-2018-q2-update.linux64_1.0.0.201904181610/tools/bin/../lib/gcc/arm-none-eabi/7.3.1/../../../../arm-none-eabi/lib/thumb/v7-m/libc_nano.a(lib_a-mprec.o)
                0x000000000800a04c                __d2b
 .text.__ratio  0x000000000800a0ea       0x5c /opt/st/stm32cubeide_1.1.0/plugins/com.st.stm32cube.ide.mcu.externaltools.gnu-tools-for-stm32.7-2018-q2-update.linux64_1.0.0.201904181610/tools/bin/../lib/gcc/arm-none-eabi/7.3.1/../../../../arm-none-eabi/lib/thumb/v7-m/libc_nano.a(lib_a-mprec.o)
                0x000000000800a0ea                __ratio
 .text.__copybits
                0x000000000800a146       0x34 /opt/st/stm32cubeide_1.1.0/plugins/com.st.stm32cube.ide.mcu.externaltools.gnu-tools-for-stm32.7-2018-q2-update.linux64_1.0.0.201904181610/tools/bin/../lib/gcc/arm-none-eabi/7.3.1/../../../../arm-none-eabi/lib/thumb/v7-m/libc_nano.a(lib_a-mprec.o)
                0x000000000800a146                __copybits
 .text.__any_on
                0x000000000800a17a       0x42 /opt/st/stm32cubeide_1.1.0/plugins/com.st.stm32cube.ide.mcu.externaltools.gnu-tools-for-stm32.7-2018-q2-update.linux64_1.0.0.201904181610/tools/bin/../lib/gcc/arm-none-eabi/7.3.1/../../../../arm-none-eabi/lib/thumb/v7-m/libc_nano.a(lib_a-mprec.o)
                0x000000000800a17a                __any_on
 .text._calloc_r
                0x000000000800a1bc       0x1c /opt/st/stm32cubeide_1.1.0/plugins/com.st.stm32cube.ide.mcu.externaltools.gnu-tools-for-stm32.7-2018-q2-update.linux64_1.0.0.201904181610/tools/bin/../lib/gcc/arm-none-eabi/7.3.1/../../../../arm-none-eabi/lib/thumb/v7-m/libc_nano.a(lib_a-nano-callocr.o)
                0x000000000800a1bc                _calloc_r
 .text._malloc_r
                0x000000000800a1d8       0xb4 /opt/st/stm32cubeide_1.1.0/plugins/com.st.stm32cube.ide.mcu.externaltools.gnu-tools-for-stm32.7-2018-q2-update.linux64_1.0.0.201904181610/tools/bin/../lib/gcc/arm-none-eabi/7.3.1/../../../../arm-none-eabi/lib/thumb/v7-m/libc_nano.a(lib_a-nano-mallocr.o)
                0x000000000800a1d8                _malloc_r
 .text.__ssputs_r
                0x000000000800a28c       0xb4 /opt/st/stm32cubeide_1.1.0/plugins/com.st.stm32cube.ide.mcu.externaltools.gnu-tools-for-stm32.7-2018-q2-update.linux64_1.0.0.201904181610/tools/bin/../lib/gcc/arm-none-eabi/7.3.1/../../../../arm-none-eabi/lib/thumb/v7-m/libc_nano.a(lib_a-nano-svfprintf.o)
                0x000000000800a28c                __ssputs_r
 .text._svfprintf_r
                0x000000000800a340      0x1f0 /opt/st/stm32cubeide_1.1.0/plugins/com.st.stm32cube.ide.mcu.externaltools.gnu-tools-for-stm32.7-2018-q2-update.linux64_1.0.0.201904181610/tools/bin/../lib/gcc/arm-none-eabi/7.3.1/../../../../arm-none-eabi/lib/thumb/v7-m/libc_nano.a(lib_a-nano-svfprintf.o)
                0x000000000800a340                _svfprintf_r
                0x000000000800a340                _svfiprintf_r
 .text._printf_common
                0x000000000800a530       0xec /opt/st/stm32cubeide_1.1.0/plugins/com.st.stm32cube.ide.mcu.externaltools.gnu-tools-for-stm32.7-2018-q2-update.linux64_1.0.0.201904181610/tools/bin/../lib/gcc/arm-none-eabi/7.3.1/../../../../arm-none-eabi/lib/thumb/v7-m/libc_nano.a(lib_a-nano-vfprintf_i.o)
                0x000000000800a530                _printf_common
 .text._printf_i
                0x000000000800a61c      0x224 /opt/st/stm32cubeide_1.1.0/plugins/com.st.stm32cube.ide.mcu.externaltools.gnu-tools-for-stm32.7-2018-q2-update.linux64_1.0.0.201904181610/tools/bin/../lib/gcc/arm-none-eabi/7.3.1/../../../../arm-none-eabi/lib/thumb/v7-m/libc_nano.a(lib_a-nano-vfprintf_i.o)
                0x000000000800a61c                _printf_i
 .text._sbrk_r  0x000000000800a840       0x20 /opt/st/stm32cubeide_1.1.0/plugins/com.st.stm32cube.ide.mcu.externaltools.gnu-tools-for-stm32.7-2018-q2-update.linux64_1.0.0.201904181610/tools/bin/../lib/gcc/arm-none-eabi/7.3.1/../../../../arm-none-eabi/lib/thumb/v7-m/libc_nano.a(lib_a-sbrkr.o)
                0x000000000800a840                _sbrk_r
 .text.__ascii_wctomb
                0x000000000800a860       0x1a /opt/st/stm32cubeide_1.1.0/plugins/com.st.stm32cube.ide.mcu.externaltools.gnu-tools-for-stm32.7-2018-q2-update.linux64_1.0.0.201904181610/tools/bin/../lib/gcc/arm-none-eabi/7.3.1/../../../../arm-none-eabi/lib/thumb/v7-m/libc_nano.a(lib_a-wctomb_r.o)
                0x000000000800a860                __ascii_wctomb
 *fill*         0x000000000800a87a        0x2 
 .text.malloc   0x000000000800a87c       0x10 /opt/st/stm32cubeide_1.1.0/plugins/com.st.stm32cube.ide.mcu.externaltools.gnu-tools-for-stm32.7-2018-q2-update.linux64_1.0.0.201904181610/tools/bin/../lib/gcc/arm-none-eabi/7.3.1/../../../../arm-none-eabi/lib/thumb/v7-m/libc_nano.a(lib_a-malloc.o)
                0x000000000800a87c                malloc
 .text.memchr   0x000000000800a88c       0x1c /opt/st/stm32cubeide_1.1.0/plugins/com.st.stm32cube.ide.mcu.externaltools.gnu-tools-for-stm32.7-2018-q2-update.linux64_1.0.0.201904181610/tools/bin/../lib/gcc/arm-none-eabi/7.3.1/../../../../arm-none-eabi/lib/thumb/v7-m/libc_nano.a(lib_a-memchr-stub.o)
                0x000000000800a88c                memchr
 .text.memmove  0x000000000800a8a8       0x32 /opt/st/stm32cubeide_1.1.0/plugins/com.st.stm32cube.ide.mcu.externaltools.gnu-tools-for-stm32.7-2018-q2-update.linux64_1.0.0.201904181610/tools/bin/../lib/gcc/arm-none-eabi/7.3.1/../../../../arm-none-eabi/lib/thumb/v7-m/libc_nano.a(lib_a-memmove.o)
                0x000000000800a8a8                memmove
 .text.__malloc_lock
                0x000000000800a8da        0x2 /opt/st/stm32cubeide_1.1.0/plugins/com.st.stm32cube.ide.mcu.externaltools.gnu-tools-for-stm32.7-2018-q2-update.linux64_1.0.0.201904181610/tools/bin/../lib/gcc/arm-none-eabi/7.3.1/../../../../arm-none-eabi/lib/thumb/v7-m/libc_nano.a(lib_a-mlock.o)
                0x000000000800a8da                __malloc_lock
 .text.__malloc_unlock
                0x000000000800a8dc        0x2 /opt/st/stm32cubeide_1.1.0/plugins/com.st.stm32cube.ide.mcu.externaltools.gnu-tools-for-stm32.7-2018-q2-update.linux64_1.0.0.201904181610/tools/bin/../lib/gcc/arm-none-eabi/7.3.1/../../../../arm-none-eabi/lib/thumb/v7-m/libc_nano.a(lib_a-mlock.o)
                0x000000000800a8dc                __malloc_unlock
 *fill*         0x000000000800a8de        0x2 
 .text._free_r  0x000000000800a8e0       0x98 /opt/st/stm32cubeide_1.1.0/plugins/com.st.stm32cube.ide.mcu.externaltools.gnu-tools-for-stm32.7-2018-q2-update.linux64_1.0.0.201904181610/tools/bin/../lib/gcc/arm-none-eabi/7.3.1/../../../../arm-none-eabi/lib/thumb/v7-m/libc_nano.a(lib_a-nano-freer.o)
                0x000000000800a8e0                _free_r
 .text._realloc_r
                0x000000000800a978       0x4c /opt/st/stm32cubeide_1.1.0/plugins/com.st.stm32cube.ide.mcu.externaltools.gnu-tools-for-stm32.7-2018-q2-update.linux64_1.0.0.201904181610/tools/bin/../lib/gcc/arm-none-eabi/7.3.1/../../../../arm-none-eabi/lib/thumb/v7-m/libc_nano.a(lib_a-nano-reallocr.o)
                0x000000000800a978                _realloc_r
 .text._malloc_usable_size_r
                0x000000000800a9c4       0x10 /opt/st/stm32cubeide_1.1.0/plugins/com.st.stm32cube.ide.mcu.externaltools.gnu-tools-for-stm32.7-2018-q2-update.linux64_1.0.0.201904181610/tools/bin/../lib/gcc/arm-none-eabi/7.3.1/../../../../arm-none-eabi/lib/thumb/v7-m/libc_nano.a(lib_a-nano-msizer.o)
                0x000000000800a9c4                _malloc_usable_size_r
 *(.glue_7)
 .glue_7        0x000000000800a9d4        0x0 linker stubs
 *(.glue_7t)
 .glue_7t       0x000000000800a9d4        0x0 linker stubs
 *(.eh_frame)
 .eh_frame      0x000000000800a9d4        0x0 /opt/st/stm32cubeide_1.1.0/plugins/com.st.stm32cube.ide.mcu.externaltools.gnu-tools-for-stm32.7-2018-q2-update.linux64_1.0.0.201904181610/tools/bin/../lib/gcc/arm-none-eabi/7.3.1/thumb/v7-m/crtbegin.o
 *(.init)
 .init          0x000000000800a9d4        0x4 /opt/st/stm32cubeide_1.1.0/plugins/com.st.stm32cube.ide.mcu.externaltools.gnu-tools-for-stm32.7-2018-q2-update.linux64_1.0.0.201904181610/tools/bin/../lib/gcc/arm-none-eabi/7.3.1/thumb/v7-m/crti.o
                0x000000000800a9d4                _init
 .init          0x000000000800a9d8        0x8 /opt/st/stm32cubeide_1.1.0/plugins/com.st.stm32cube.ide.mcu.externaltools.gnu-tools-for-stm32.7-2018-q2-update.linux64_1.0.0.201904181610/tools/bin/../lib/gcc/arm-none-eabi/7.3.1/thumb/v7-m/crtn.o
 *(.fini)
 .fini          0x000000000800a9e0        0x4 /opt/st/stm32cubeide_1.1.0/plugins/com.st.stm32cube.ide.mcu.externaltools.gnu-tools-for-stm32.7-2018-q2-update.linux64_1.0.0.201904181610/tools/bin/../lib/gcc/arm-none-eabi/7.3.1/thumb/v7-m/crti.o
                0x000000000800a9e0                _fini
 .fini          0x000000000800a9e4        0x8 /opt/st/stm32cubeide_1.1.0/plugins/com.st.stm32cube.ide.mcu.externaltools.gnu-tools-for-stm32.7-2018-q2-update.linux64_1.0.0.201904181610/tools/bin/../lib/gcc/arm-none-eabi/7.3.1/thumb/v7-m/crtn.o
                0x000000000800a9ec                . = ALIGN (0x4)
                0x000000000800a9ec                _etext = .

.vfp11_veneer   0x000000000800a9ec        0x0
 .vfp11_veneer  0x000000000800a9ec        0x0 linker stubs

.v4_bx          0x000000000800a9ec        0x0
 .v4_bx         0x000000000800a9ec        0x0 linker stubs

.iplt           0x000000000800a9ec        0x0
 .iplt          0x000000000800a9ec        0x0 /opt/st/stm32cubeide_1.1.0/plugins/com.st.stm32cube.ide.mcu.externaltools.gnu-tools-for-stm32.7-2018-q2-update.linux64_1.0.0.201904181610/tools/bin/../lib/gcc/arm-none-eabi/7.3.1/thumb/v7-m/crtbegin.o

.rodata         0x000000000800a9f0      0x358
                0x000000000800a9f0                . = ALIGN (0x4)
 *(.rodata)
 .rodata        0x000000000800a9f0       0x13 Core/Src/api.o
 *fill*         0x000000000800aa03        0x1 
 .rodata        0x000000000800aa04       0x15 Core/Src/main.o
 *fill*         0x000000000800aa19        0x3 
 .rodata        0x000000000800aa1c       0x17 Core/Src/nmeaUtils.o
 *fill*         0x000000000800aa33        0x1 
 .rodata        0x000000000800aa34       0x12 Drivers/STM32F1xx_HAL_Driver/Src/stm32f1xx_hal_rcc.o
 *fill*         0x000000000800aa46        0x2 
 .rodata        0x000000000800aa48        0x2 USB_DEVICE/App/usbd_cdc_if.o
 *fill*         0x000000000800aa4a        0x2 
 .rodata        0x000000000800aa4c       0x46 USB_DEVICE/App/usbd_desc.o
 *(.rodata*)
 *fill*         0x000000000800aa92        0x2 
 .rodata.AHBPrescTable
                0x000000000800aa94       0x10 Core/Src/system_stm32f1xx.o
                0x000000000800aa94                AHBPrescTable
 .rodata.APBPrescTable
                0x000000000800aaa4        0x8 Core/Src/system_stm32f1xx.o
                0x000000000800aaa4                APBPrescTable
 .rodata._strtod_l.str1.1
                0x000000000800aaac        0xc /opt/st/stm32cubeide_1.1.0/plugins/com.st.stm32cube.ide.mcu.externaltools.gnu-tools-for-stm32.7-2018-q2-update.linux64_1.0.0.201904181610/tools/bin/../lib/gcc/arm-none-eabi/7.3.1/../../../../arm-none-eabi/lib/thumb/v7-m/libc_nano.a(lib_a-strtod.o)
 .rodata.fpi.6160
                0x000000000800aab8       0x14 /opt/st/stm32cubeide_1.1.0/plugins/com.st.stm32cube.ide.mcu.externaltools.gnu-tools-for-stm32.7-2018-q2-update.linux64_1.0.0.201904181610/tools/bin/../lib/gcc/arm-none-eabi/7.3.1/../../../../arm-none-eabi/lib/thumb/v7-m/libc_nano.a(lib_a-strtod.o)
 .rodata.fpinan.6196
                0x000000000800aacc       0x14 /opt/st/stm32cubeide_1.1.0/plugins/com.st.stm32cube.ide.mcu.externaltools.gnu-tools-for-stm32.7-2018-q2-update.linux64_1.0.0.201904181610/tools/bin/../lib/gcc/arm-none-eabi/7.3.1/../../../../arm-none-eabi/lib/thumb/v7-m/libc_nano.a(lib_a-strtod.o)
 .rodata.tinytens
                0x000000000800aae0       0x28 /opt/st/stm32cubeide_1.1.0/plugins/com.st.stm32cube.ide.mcu.externaltools.gnu-tools-for-stm32.7-2018-q2-update.linux64_1.0.0.201904181610/tools/bin/../lib/gcc/arm-none-eabi/7.3.1/../../../../arm-none-eabi/lib/thumb/v7-m/libc_nano.a(lib_a-strtod.o)
 .rodata._setlocale_r.str1.1
                0x000000000800ab08        0x8 /opt/st/stm32cubeide_1.1.0/plugins/com.st.stm32cube.ide.mcu.externaltools.gnu-tools-for-stm32.7-2018-q2-update.linux64_1.0.0.201904181610/tools/bin/../lib/gcc/arm-none-eabi/7.3.1/../../../../arm-none-eabi/lib/thumb/v7-m/libc_nano.a(lib_a-locale.o)
                                          0x9 (size before relaxing)
 .rodata.str1.1
                0x000000000800ab10        0x2 /opt/st/stm32cubeide_1.1.0/plugins/com.st.stm32cube.ide.mcu.externaltools.gnu-tools-for-stm32.7-2018-q2-update.linux64_1.0.0.201904181610/tools/bin/../lib/gcc/arm-none-eabi/7.3.1/../../../../arm-none-eabi/lib/thumb/v7-m/libc_nano.a(lib_a-locale.o)
 *fill*         0x000000000800ab12        0x6 
 .rodata.__mprec_bigtens
                0x000000000800ab18       0x28 /opt/st/stm32cubeide_1.1.0/plugins/com.st.stm32cube.ide.mcu.externaltools.gnu-tools-for-stm32.7-2018-q2-update.linux64_1.0.0.201904181610/tools/bin/../lib/gcc/arm-none-eabi/7.3.1/../../../../arm-none-eabi/lib/thumb/v7-m/libc_nano.a(lib_a-mprec.o)
                0x000000000800ab18                __mprec_bigtens
 .rodata.__mprec_tens
                0x000000000800ab40       0xc8 /opt/st/stm32cubeide_1.1.0/plugins/com.st.stm32cube.ide.mcu.externaltools.gnu-tools-for-stm32.7-2018-q2-update.linux64_1.0.0.201904181610/tools/bin/../lib/gcc/arm-none-eabi/7.3.1/../../../../arm-none-eabi/lib/thumb/v7-m/libc_nano.a(lib_a-mprec.o)
                0x000000000800ab40                __mprec_tens
 .rodata.p05.6084
                0x000000000800ac08        0xc /opt/st/stm32cubeide_1.1.0/plugins/com.st.stm32cube.ide.mcu.externaltools.gnu-tools-for-stm32.7-2018-q2-update.linux64_1.0.0.201904181610/tools/bin/../lib/gcc/arm-none-eabi/7.3.1/../../../../arm-none-eabi/lib/thumb/v7-m/libc_nano.a(lib_a-mprec.o)
 .rodata._svfprintf_r.str1.1
                0x000000000800ac14       0x11 /opt/st/stm32cubeide_1.1.0/plugins/com.st.stm32cube.ide.mcu.externaltools.gnu-tools-for-stm32.7-2018-q2-update.linux64_1.0.0.201904181610/tools/bin/../lib/gcc/arm-none-eabi/7.3.1/../../../../arm-none-eabi/lib/thumb/v7-m/libc_nano.a(lib_a-nano-svfprintf.o)
 .rodata._printf_i.str1.1
                0x000000000800ac25       0x22 /opt/st/stm32cubeide_1.1.0/plugins/com.st.stm32cube.ide.mcu.externaltools.gnu-tools-for-stm32.7-2018-q2-update.linux64_1.0.0.201904181610/tools/bin/../lib/gcc/arm-none-eabi/7.3.1/../../../../arm-none-eabi/lib/thumb/v7-m/libc_nano.a(lib_a-nano-vfprintf_i.o)
 .rodata._ctype_
                0x000000000800ac47      0x101 /opt/st/stm32cubeide_1.1.0/plugins/com.st.stm32cube.ide.mcu.externaltools.gnu-tools-for-stm32.7-2018-q2-update.linux64_1.0.0.201904181610/tools/bin/../lib/gcc/arm-none-eabi/7.3.1/../../../../arm-none-eabi/lib/thumb/v7-m/libc_nano.a(lib_a-ctype_.o)
                0x000000000800ac47                _ctype_
                0x000000000800ad48                . = ALIGN (0x4)

.rel.dyn        0x000000000800ad48        0x0
 .rel.iplt      0x000000000800ad48        0x0 /opt/st/stm32cubeide_1.1.0/plugins/com.st.stm32cube.ide.mcu.externaltools.gnu-tools-for-stm32.7-2018-q2-update.linux64_1.0.0.201904181610/tools/bin/../lib/gcc/arm-none-eabi/7.3.1/thumb/v7-m/crtbegin.o

.ARM.extab      0x000000000800ad48        0x0
                0x000000000800ad48                . = ALIGN (0x4)
 *(.ARM.extab* .gnu.linkonce.armextab.*)
                0x000000000800ad48                . = ALIGN (0x4)

.ARM            0x000000000800ad48        0x0
                0x000000000800ad48                . = ALIGN (0x4)
                0x000000000800ad48                __exidx_start = .
 *(.ARM.exidx*)
                0x000000000800ad48                __exidx_end = .
                0x000000000800ad48                . = ALIGN (0x4)

.preinit_array  0x000000000800ad48        0x0
                0x000000000800ad48                . = ALIGN (0x4)
                0x000000000800ad48                PROVIDE (__preinit_array_start = .)
 *(.preinit_array*)
                0x000000000800ad48                PROVIDE (__preinit_array_end = .)
                0x000000000800ad48                . = ALIGN (0x4)

.init_array     0x000000000800ad48        0x4
                0x000000000800ad48                . = ALIGN (0x4)
                0x000000000800ad48                PROVIDE (__init_array_start = .)
 *(SORT_BY_NAME(.init_array.*))
 *(.init_array*)
 .init_array    0x000000000800ad48        0x4 /opt/st/stm32cubeide_1.1.0/plugins/com.st.stm32cube.ide.mcu.externaltools.gnu-tools-for-stm32.7-2018-q2-update.linux64_1.0.0.201904181610/tools/bin/../lib/gcc/arm-none-eabi/7.3.1/thumb/v7-m/crtbegin.o
                0x000000000800ad4c                PROVIDE (__init_array_end = .)
                0x000000000800ad4c                . = ALIGN (0x4)

.fini_array     0x000000000800ad4c        0x4
                0x000000000800ad4c                . = ALIGN (0x4)
                [!provide]                        PROVIDE (__fini_array_start = .)
 *(SORT_BY_NAME(.fini_array.*))
 *(.fini_array*)
 .fini_array    0x000000000800ad4c        0x4 /opt/st/stm32cubeide_1.1.0/plugins/com.st.stm32cube.ide.mcu.externaltools.gnu-tools-for-stm32.7-2018-q2-update.linux64_1.0.0.201904181610/tools/bin/../lib/gcc/arm-none-eabi/7.3.1/thumb/v7-m/crtbegin.o
                [!provide]                        PROVIDE (__fini_array_end = .)
                0x000000000800ad50                . = ALIGN (0x4)
                0x000000000800ad50                _sidata = LOADADDR (.data)

.data           0x0000000020000000      0x34c load address 0x000000000800ad50
                0x0000000020000000                . = ALIGN (0x4)
                0x0000000020000000                _sdata = .
 *(.data)
 *(.data*)
 .data.SystemCoreClock
                0x0000000020000000        0x4 Core/Src/system_stm32f1xx.o
                0x0000000020000000                SystemCoreClock
 .data.uwTickPrio
                0x0000000020000004        0x4 Drivers/STM32F1xx_HAL_Driver/Src/stm32f1xx_hal.o
                0x0000000020000004                uwTickPrio
 .data.uwTickFreq
                0x0000000020000008        0x1 Drivers/STM32F1xx_HAL_Driver/Src/stm32f1xx_hal.o
                0x0000000020000008                uwTickFreq
 *fill*         0x0000000020000009        0x3 
 .data.USBD_CDC_DeviceQualifierDesc
                0x000000002000000c        0xa Middlewares/ST/STM32_USB_Device_Library/Class/CDC/Src/usbd_cdc.o
 *fill*         0x0000000020000016        0x2 
 .data.USBD_CDC
                0x0000000020000018       0x38 Middlewares/ST/STM32_USB_Device_Library/Class/CDC/Src/usbd_cdc.o
                0x0000000020000018                USBD_CDC
 .data.USBD_CDC_CfgHSDesc
                0x0000000020000050       0x43 Middlewares/ST/STM32_USB_Device_Library/Class/CDC/Src/usbd_cdc.o
                0x0000000020000050                USBD_CDC_CfgHSDesc
 *fill*         0x0000000020000093        0x1 
 .data.USBD_CDC_CfgFSDesc
                0x0000000020000094       0x43 Middlewares/ST/STM32_USB_Device_Library/Class/CDC/Src/usbd_cdc.o
                0x0000000020000094                USBD_CDC_CfgFSDesc
 *fill*         0x00000000200000d7        0x1 
 .data.USBD_CDC_OtherSpeedCfgDesc
                0x00000000200000d8       0x43 Middlewares/ST/STM32_USB_Device_Library/Class/CDC/Src/usbd_cdc.o
                0x00000000200000d8                USBD_CDC_OtherSpeedCfgDesc
 *fill*         0x000000002000011b        0x1 
 .data.USBD_Interface_fops_FS
                0x000000002000011c       0x10 USB_DEVICE/App/usbd_cdc_if.o
                0x000000002000011c                USBD_Interface_fops_FS
 .data.FS_Desc  0x000000002000012c       0x1c USB_DEVICE/App/usbd_desc.o
                0x000000002000012c                FS_Desc
 .data.USBD_FS_DeviceDesc
                0x0000000020000148       0x12 USB_DEVICE/App/usbd_desc.o
                0x0000000020000148                USBD_FS_DeviceDesc
 *fill*         0x000000002000015a        0x2 
 .data.USBD_LangIDDesc
                0x000000002000015c        0x4 USB_DEVICE/App/usbd_desc.o
                0x000000002000015c                USBD_LangIDDesc
 .data.USBD_StringSerial
                0x0000000020000160       0x1a USB_DEVICE/App/usbd_desc.o
                0x0000000020000160                USBD_StringSerial
 *fill*         0x000000002000017a        0x2 
 .data._impure_ptr
                0x000000002000017c        0x4 /opt/st/stm32cubeide_1.1.0/plugins/com.st.stm32cube.ide.mcu.externaltools.gnu-tools-for-stm32.7-2018-q2-update.linux64_1.0.0.201904181610/tools/bin/../lib/gcc/arm-none-eabi/7.3.1/../../../../arm-none-eabi/lib/thumb/v7-m/libc_nano.a(lib_a-impure.o)
                0x000000002000017c                _impure_ptr
 .data.impure_data
                0x0000000020000180       0x60 /opt/st/stm32cubeide_1.1.0/plugins/com.st.stm32cube.ide.mcu.externaltools.gnu-tools-for-stm32.7-2018-q2-update.linux64_1.0.0.201904181610/tools/bin/../lib/gcc/arm-none-eabi/7.3.1/../../../../arm-none-eabi/lib/thumb/v7-m/libc_nano.a(lib_a-impure.o)
 .data.__global_locale
                0x00000000200001e0      0x16c /opt/st/stm32cubeide_1.1.0/plugins/com.st.stm32cube.ide.mcu.externaltools.gnu-tools-for-stm32.7-2018-q2-update.linux64_1.0.0.201904181610/tools/bin/../lib/gcc/arm-none-eabi/7.3.1/../../../../arm-none-eabi/lib/thumb/v7-m/libc_nano.a(lib_a-locale.o)
                0x00000000200001e0                __global_locale
                0x000000002000034c                . = ALIGN (0x4)
                0x000000002000034c                _edata = .

.igot.plt       0x000000002000034c        0x0 load address 0x000000000800b09c
 .igot.plt      0x000000002000034c        0x0 /opt/st/stm32cubeide_1.1.0/plugins/com.st.stm32cube.ide.mcu.externaltools.gnu-tools-for-stm32.7-2018-q2-update.linux64_1.0.0.201904181610/tools/bin/../lib/gcc/arm-none-eabi/7.3.1/thumb/v7-m/crtbegin.o
                0x000000002000034c                . = ALIGN (0x4)

.bss            0x000000002000034c     0x1988 load address 0x000000000800b09c
                0x000000002000034c                _sbss = .
                0x000000002000034c                __bss_start__ = _sbss
 *(.bss)
 .bss           0x000000002000034c       0x1c /opt/st/stm32cubeide_1.1.0/plugins/com.st.stm32cube.ide.mcu.externaltools.gnu-tools-for-stm32.7-2018-q2-update.linux64_1.0.0.201904181610/tools/bin/../lib/gcc/arm-none-eabi/7.3.1/thumb/v7-m/crtbegin.o
 *(.bss*)
 .bss.startFound.8390
                0x0000000020000368        0x1 Core/Src/main.o
 .bss.startFound.8397
                0x0000000020000369        0x1 Core/Src/main.o
 *fill*         0x000000002000036a        0x2 
 .bss.heap_end.5149
                0x000000002000036c        0x4 Core/Src/sysmem.o
 .bss.cfgidx.8545
                0x0000000020000370        0x1 Middlewares/ST/STM32_USB_Device_Library/Core/Src/usbd_ctlreq.o
 *fill*         0x0000000020000371        0x3 
 .bss.mem.8610  0x0000000020000374      0x220 USB_DEVICE/Target/usbd_conf.o
 .bss.__malloc_free_list
                0x0000000020000594        0x4 /opt/st/stm32cubeide_1.1.0/plugins/com.st.stm32cube.ide.mcu.externaltools.gnu-tools-for-stm32.7-2018-q2-update.linux64_1.0.0.201904181610/tools/bin/../lib/gcc/arm-none-eabi/7.3.1/../../../../arm-none-eabi/lib/thumb/v7-m/libc_nano.a(lib_a-nano-mallocr.o)
                0x0000000020000594                __malloc_free_list
 .bss.__malloc_sbrk_start
                0x0000000020000598        0x4 /opt/st/stm32cubeide_1.1.0/plugins/com.st.stm32cube.ide.mcu.externaltools.gnu-tools-for-stm32.7-2018-q2-update.linux64_1.0.0.201904181610/tools/bin/../lib/gcc/arm-none-eabi/7.3.1/../../../../arm-none-eabi/lib/thumb/v7-m/libc_nano.a(lib_a-nano-mallocr.o)
                0x0000000020000598                __malloc_sbrk_start
 *(COMMON)
 COMMON         0x000000002000059c      0x4e8 Core/Src/api.o
                0x000000002000059c                apiLocked
                0x00000000200005a0                apiWriteables
                0x0000000020000730                apiInstruction
                0x0000000020000764                apiMemory
 COMMON         0x0000000020000a84      0x33c Core/Src/main.o
                0x0000000020000a84                htim4
                0x0000000020000ac4                huart3
                0x0000000020000b04                hi2c1
                0x0000000020000b58                htim3
                0x0000000020000b98                gpsString
                0x0000000020000c64                huart1
                0x0000000020000ca4                longitude
                0x0000000020000ca8                time
                0x0000000020000cac                latitude
                0x0000000020000cb0                kvhString
                0x0000000020000d7c                huart2
                0x0000000020000dbc                heading
 COMMON         0x0000000020000dc0        0xa Core/Src/moveUtils.o
                0x0000000020000dc0                p
                0x0000000020000dc2                headingCurrent
                0x0000000020000dc4                headingDest
                0x0000000020000dc6                speed
                0x0000000020000dc8                offset
 *fill*         0x0000000020000dca        0x2 
 COMMON         0x0000000020000dcc        0x4 Drivers/STM32F1xx_HAL_Driver/Src/stm32f1xx_hal.o
                0x0000000020000dcc                uwTick
 COMMON         0x0000000020000dd0      0x2c4 USB_DEVICE/App/usb_device.o
                0x0000000020000dd0                hUsbDeviceFS
 COMMON         0x0000000020001094      0x7d0 USB_DEVICE/App/usbd_cdc_if.o
                0x0000000020001094                UserRxBufferFS
                0x000000002000147c                UserTxBufferFS
 COMMON         0x0000000020001864      0x200 USB_DEVICE/App/usbd_desc.o
                0x0000000020001864                USBD_StrDesc
 COMMON         0x0000000020001a64      0x26c USB_DEVICE/Target/usbd_conf.o
                0x0000000020001a64                hpcd_USB_FS
 COMMON         0x0000000020001cd0        0x4 /opt/st/stm32cubeide_1.1.0/plugins/com.st.stm32cube.ide.mcu.externaltools.gnu-tools-for-stm32.7-2018-q2-update.linux64_1.0.0.201904181610/tools/bin/../lib/gcc/arm-none-eabi/7.3.1/../../../../arm-none-eabi/lib/thumb/v7-m/libc_nano.a(lib_a-reent.o)
                0x0000000020001cd0                errno
                0x0000000020001cd4                . = ALIGN (0x4)
                0x0000000020001cd4                _ebss = .
                0x0000000020001cd4                __bss_end__ = _ebss

._user_heap_stack
                0x0000000020001cd4      0xa04 load address 0x000000000800b09c
                0x0000000020001cd8                . = ALIGN (0x8)
 *fill*         0x0000000020001cd4        0x4 
                0x0000000020001cd8                PROVIDE (end = .)
                [!provide]                        PROVIDE (_end = .)
                0x00000000200022d8                . = (. + _Min_Heap_Size)
 *fill*         0x0000000020001cd8      0x600 
                0x00000000200026d8                . = (. + _Min_Stack_Size)
 *fill*         0x00000000200022d8      0x400 
                0x00000000200026d8                . = ALIGN (0x8)

/DISCARD/
 libc.a(*)
 libm.a(*)
 libgcc.a(*)

.ARM.attributes
                0x0000000000000000       0x29
 *(.ARM.attributes)
 .ARM.attributes
                0x0000000000000000       0x1d /opt/st/stm32cubeide_1.1.0/plugins/com.st.stm32cube.ide.mcu.externaltools.gnu-tools-for-stm32.7-2018-q2-update.linux64_1.0.0.201904181610/tools/bin/../lib/gcc/arm-none-eabi/7.3.1/thumb/v7-m/crti.o
 .ARM.attributes
                0x000000000000001d       0x2d /opt/st/stm32cubeide_1.1.0/plugins/com.st.stm32cube.ide.mcu.externaltools.gnu-tools-for-stm32.7-2018-q2-update.linux64_1.0.0.201904181610/tools/bin/../lib/gcc/arm-none-eabi/7.3.1/thumb/v7-m/crtbegin.o
 .ARM.attributes
                0x000000000000004a       0x33 Core/Src/api.o
 .ARM.attributes
                0x000000000000007d       0x33 Core/Src/main.o
 .ARM.attributes
                0x00000000000000b0       0x33 Core/Src/moveUtils.o
 .ARM.attributes
                0x00000000000000e3       0x33 Core/Src/nmeaUtils.o
 .ARM.attributes
                0x0000000000000116       0x33 Core/Src/stm32f1xx_hal_msp.o
 .ARM.attributes
                0x0000000000000149       0x33 Core/Src/stm32f1xx_it.o
 .ARM.attributes
                0x000000000000017c       0x33 Core/Src/sysmem.o
 .ARM.attributes
                0x00000000000001af       0x33 Core/Src/system_stm32f1xx.o
 .ARM.attributes
                0x00000000000001e2       0x21 Core/Startup/startup_stm32f103c8tx.o
 .ARM.attributes
                0x0000000000000203       0x33 Drivers/STM32F1xx_HAL_Driver/Src/stm32f1xx_hal.o
 .ARM.attributes
                0x0000000000000236       0x33 Drivers/STM32F1xx_HAL_Driver/Src/stm32f1xx_hal_cortex.o
 .ARM.attributes
                0x0000000000000269       0x33 Drivers/STM32F1xx_HAL_Driver/Src/stm32f1xx_hal_dma.o
 .ARM.attributes
                0x000000000000029c       0x33 Drivers/STM32F1xx_HAL_Driver/Src/stm32f1xx_hal_gpio.o
 .ARM.attributes
                0x00000000000002cf       0x33 Drivers/STM32F1xx_HAL_Driver/Src/stm32f1xx_hal_i2c.o
 .ARM.attributes
                0x0000000000000302       0x33 Drivers/STM32F1xx_HAL_Driver/Src/stm32f1xx_hal_pcd.o
 .ARM.attributes
                0x0000000000000335       0x33 Drivers/STM32F1xx_HAL_Driver/Src/stm32f1xx_hal_pcd_ex.o
 .ARM.attributes
                0x0000000000000368       0x33 Drivers/STM32F1xx_HAL_Driver/Src/stm32f1xx_hal_rcc.o
 .ARM.attributes
                0x000000000000039b       0x33 Drivers/STM32F1xx_HAL_Driver/Src/stm32f1xx_hal_rcc_ex.o
 .ARM.attributes
                0x00000000000003ce       0x33 Drivers/STM32F1xx_HAL_Driver/Src/stm32f1xx_hal_tim.o
 .ARM.attributes
                0x0000000000000401       0x33 Drivers/STM32F1xx_HAL_Driver/Src/stm32f1xx_hal_tim_ex.o
 .ARM.attributes
                0x0000000000000434       0x33 Drivers/STM32F1xx_HAL_Driver/Src/stm32f1xx_hal_uart.o
 .ARM.attributes
                0x0000000000000467       0x33 Drivers/STM32F1xx_HAL_Driver/Src/stm32f1xx_ll_usb.o
 .ARM.attributes